Component: ARM Compiler 5.06 update 1 (build 61) Tool: armlink [4d35a8]

==============================================================================

Section Cross References

    stm32l1xx_hal_flash_ramfunc.o(i.HAL_FLASHEx_DATAEEPROM_EraseDoubleWord) refers to stm32l1xx_hal_flash_ramfunc.o(i.FLASHRAM_WaitForLastOperation) for FLASHRAM_WaitForLastOperation
    stm32l1xx_hal_flash_ramfunc.o(i.HAL_FLASHEx_DATAEEPROM_ProgramDoubleWord) refers to stm32l1xx_hal_flash_ramfunc.o(i.FLASHRAM_WaitForLastOperation) for FLASHRAM_WaitForLastOperation
    stm32l1xx_hal_flash_ramfunc.o(i.HAL_FLASHEx_HalfPageProgram) refers to stm32l1xx_hal_flash_ramfunc.o(i.FLASHRAM_WaitForLastOperation) for FLASHRAM_WaitForLastOperation
    stm32l1xx_hal_spi.o(i.HAL_SPI_DMAStop) refers to stm32l1xx_hal_dma.o(i.HAL_DMA_Abort) for HAL_DMA_Abort
    stm32l1xx_hal_spi.o(i.HAL_SPI_DeInit) refers to spi.o(i.HAL_SPI_MspDeInit) for HAL_SPI_MspDeInit
    stm32l1xx_hal_spi.o(i.HAL_SPI_IRQHandler) refers to stm32l1xx_hal_spi.o(i.HAL_SPI_ErrorCallback) for HAL_SPI_ErrorCallback
    stm32l1xx_hal_spi.o(i.HAL_SPI_Receive) refers to stm32l1xx_hal_spi.o(i.HAL_SPI_TransmitReceive) for HAL_SPI_TransmitReceive
    stm32l1xx_hal_spi.o(i.HAL_SPI_Receive) refers to stm32l1xx_hal_spi.o(i.SPI_WaitOnFlagUntilTimeout) for SPI_WaitOnFlagUntilTimeout
    stm32l1xx_hal_spi.o(i.HAL_SPI_Receive_DMA) refers to stm32l1xx_hal_spi.o(i.HAL_SPI_TransmitReceive_DMA) for HAL_SPI_TransmitReceive_DMA
    stm32l1xx_hal_spi.o(i.HAL_SPI_Receive_DMA) refers to stm32l1xx_hal_dma.o(i.HAL_DMA_Start_IT) for HAL_DMA_Start_IT
    stm32l1xx_hal_spi.o(i.HAL_SPI_Receive_DMA) refers to stm32l1xx_hal_spi.o(i.SPI_DMAHalfReceiveCplt) for SPI_DMAHalfReceiveCplt
    stm32l1xx_hal_spi.o(i.HAL_SPI_Receive_DMA) refers to stm32l1xx_hal_spi.o(i.SPI_DMAReceiveCplt) for SPI_DMAReceiveCplt
    stm32l1xx_hal_spi.o(i.HAL_SPI_Receive_DMA) refers to stm32l1xx_hal_spi.o(i.SPI_DMAError) for SPI_DMAError
    stm32l1xx_hal_spi.o(i.HAL_SPI_Receive_IT) refers to stm32l1xx_hal_spi.o(i.HAL_SPI_TransmitReceive_IT) for HAL_SPI_TransmitReceive_IT
    stm32l1xx_hal_spi.o(i.HAL_SPI_Receive_IT) refers to stm32l1xx_hal_spi.o(i.SPI_RxISR) for SPI_RxISR
    stm32l1xx_hal_spi.o(i.HAL_SPI_Transmit) refers to stm32l1xx_hal_spi.o(i.SPI_WaitOnFlagUntilTimeout) for SPI_WaitOnFlagUntilTimeout
    stm32l1xx_hal_spi.o(i.HAL_SPI_TransmitReceive) refers to stm32l1xx_hal_spi.o(i.SPI_WaitOnFlagUntilTimeout) for SPI_WaitOnFlagUntilTimeout
    stm32l1xx_hal_spi.o(i.HAL_SPI_TransmitReceive_DMA) refers to stm32l1xx_hal_dma.o(i.HAL_DMA_Start_IT) for HAL_DMA_Start_IT
    stm32l1xx_hal_spi.o(i.HAL_SPI_TransmitReceive_DMA) refers to stm32l1xx_hal_spi.o(i.SPI_DMAHalfTransmitReceiveCplt) for SPI_DMAHalfTransmitReceiveCplt
    stm32l1xx_hal_spi.o(i.HAL_SPI_TransmitReceive_DMA) refers to stm32l1xx_hal_spi.o(i.SPI_DMATransmitReceiveCplt) for SPI_DMATransmitReceiveCplt
    stm32l1xx_hal_spi.o(i.HAL_SPI_TransmitReceive_DMA) refers to stm32l1xx_hal_spi.o(i.SPI_DMAError) for SPI_DMAError
    stm32l1xx_hal_spi.o(i.HAL_SPI_TransmitReceive_DMA) refers to stm32l1xx_hal_spi.o(i.SPI_DMAHalfReceiveCplt) for SPI_DMAHalfReceiveCplt
    stm32l1xx_hal_spi.o(i.HAL_SPI_TransmitReceive_DMA) refers to stm32l1xx_hal_spi.o(i.SPI_DMAReceiveCplt) for SPI_DMAReceiveCplt
    stm32l1xx_hal_spi.o(i.HAL_SPI_TransmitReceive_IT) refers to stm32l1xx_hal_spi.o(i.SPI_TxISR) for SPI_TxISR
    stm32l1xx_hal_spi.o(i.HAL_SPI_TransmitReceive_IT) refers to stm32l1xx_hal_spi.o(i.SPI_2LinesRxISR) for SPI_2LinesRxISR
    stm32l1xx_hal_spi.o(i.HAL_SPI_Transmit_DMA) refers to stm32l1xx_hal_dma.o(i.HAL_DMA_Start_IT) for HAL_DMA_Start_IT
    stm32l1xx_hal_spi.o(i.HAL_SPI_Transmit_DMA) refers to stm32l1xx_hal_spi.o(i.SPI_DMAHalfTransmitCplt) for SPI_DMAHalfTransmitCplt
    stm32l1xx_hal_spi.o(i.HAL_SPI_Transmit_DMA) refers to stm32l1xx_hal_spi.o(i.SPI_DMATransmitCplt) for SPI_DMATransmitCplt
    stm32l1xx_hal_spi.o(i.HAL_SPI_Transmit_DMA) refers to stm32l1xx_hal_spi.o(i.SPI_DMAError) for SPI_DMAError
    stm32l1xx_hal_spi.o(i.HAL_SPI_Transmit_IT) refers to stm32l1xx_hal_spi.o(i.SPI_TxISR) for SPI_TxISR
    stm32l1xx_hal_spi.o(i.SPI_2LinesRxISR) refers to stm32l1xx_hal_spi.o(i.SPI_RxCloseIRQHandler) for SPI_RxCloseIRQHandler
    stm32l1xx_hal_spi.o(i.SPI_DMAError) refers to stm32l1xx_hal_spi.o(i.HAL_SPI_ErrorCallback) for HAL_SPI_ErrorCallback
    stm32l1xx_hal_spi.o(i.SPI_DMAHalfReceiveCplt) refers to stm32l1xx_hal_spi.o(i.HAL_SPI_RxHalfCpltCallback) for HAL_SPI_RxHalfCpltCallback
    stm32l1xx_hal_spi.o(i.SPI_DMAHalfTransmitCplt) refers to stm32l1xx_hal_spi.o(i.HAL_SPI_TxHalfCpltCallback) for HAL_SPI_TxHalfCpltCallback
    stm32l1xx_hal_spi.o(i.SPI_DMAHalfTransmitReceiveCplt) refers to stm32l1xx_hal_spi.o(i.HAL_SPI_TxRxHalfCpltCallback) for HAL_SPI_TxRxHalfCpltCallback
    stm32l1xx_hal_spi.o(i.SPI_DMAReceiveCplt) refers to stm32l1xx_hal_spi.o(i.SPI_WaitOnFlagUntilTimeout) for SPI_WaitOnFlagUntilTimeout
[...]
    stm32l1xx_hal_uart.o(i.HAL_HalfDuplex_Init) refers to usart.o(i.HAL_UART_MspInit) for HAL_UART_MspInit
    stm32l1xx_hal_uart.o(i.HAL_HalfDuplex_Init) refers to stm32l1xx_hal_uart.o(i.UART_SetConfig) for UART_SetConfig
    stm32l1xx_hal_uart.o(i.HAL_LIN_Init) refers to usart.o(i.HAL_UART_MspInit) for HAL_UART_MspInit
    stm32l1xx_hal_uart.o(i.HAL_LIN_Init) refers to stm32l1xx_hal_uart.o(i.UART_SetConfig) for UART_SetConfig
    stm32l1xx_hal_uart.o(i.HAL_MultiProcessor_Init) refers to usart.o(i.HAL_UART_MspInit) for HAL_UART_MspInit
    stm32l1xx_hal_uart.o(i.HAL_MultiProcessor_Init) refers to stm32l1xx_hal_uart.o(i.UART_SetConfig) for UART_SetConfig
    stm32l1xx_hal_uart.o(i.HAL_UART_DMAStop) refers to stm32l1xx_hal_dma.o(i.HAL_DMA_Abort) for HAL_DMA_Abort
    stm32l1xx_hal_uart.o(i.HAL_UART_DeInit) refers to usart.o(i.HAL_UART_MspDeInit) for HAL_UART_MspDeInit
    stm32l1xx_hal_uart.o(i.HAL_UART_IRQHandler) refers to stm32l1xx_hal_uart.o(i.UART_Receive_IT) for UART_Receive_IT
    stm32l1xx_hal_uart.o(i.HAL_UART_IRQHandler) refers to stm32l1xx_hal_uart.o(i.UART_Transmit_IT) for UART_Transmit_IT
    stm32l1xx_hal_uart.o(i.HAL_UART_IRQHandler) refers to stm32l1xx_hal_uart.o(i.HAL_UART_TxCpltCallback) for HAL_UART_TxCpltCallback
    stm32l1xx_hal_uart.o(i.HAL_UART_IRQHandler) refers to stm32l1xx_hal_uart.o(i.HAL_UART_ErrorCallback) for HAL_UART_ErrorCallback
    stm32l1xx_hal_uart.o(i.HAL_UART_Init) refers to usart.o(i.HAL_UART_MspInit) for HAL_UART_MspInit
    stm32l1xx_hal_uart.o(i.HAL_UART_Init) refers to stm32l1xx_hal_uart.o(i.UART_SetConfig) for UART_SetConfig
    stm32l1xx_hal_uart.o(i.HAL_UART_Receive) refers to stm32l1xx_hal_uart.o(i.UART_WaitOnFlagUntilTimeout) for UART_WaitOnFlagUntilTimeout
    stm32l1xx_hal_uart.o(i.HAL_UART_Receive_DMA) refers to stm32l1xx_hal_dma.o(i.HAL_DMA_Start_IT) for HAL_DMA_Start_IT
    stm32l1xx_hal_uart.o(i.HAL_UART_Receive_DMA) refers to stm32l1xx_hal_uart.o(i.UART_DMAReceiveCplt) for UART_DMAReceiveCplt
    stm32l1xx_hal_uart.o(i.HAL_UART_Receive_DMA) refers to stm32l1xx_hal_uart.o(i.UART_DMARxHalfCplt) for UART_DMARxHalfCplt
    stm32l1xx_hal_uart.o(i.HAL_UART_Receive_DMA) refers to stm32l1xx_hal_uart.o(i.UART_DMAError) for UART_DMAError
    stm32l1xx_hal_uart.o(i.HAL_UART_Transmit) refers to stm32l1xx_hal_uart.o(i.UART_WaitOnFlagUntilTimeout) for UART_WaitOnFlagUntilTimeout
    stm32l1xx_hal_uart.o(i.HAL_UART_Transmit_DMA) refers to stm32l1xx_hal_dma.o(i.HAL_DMA_Start_IT) for HAL_DMA_Start_IT
    stm32l1xx_hal_uart.o(i.HAL_UART_Transmit_DMA) refers to stm32l1xx_hal_uart.o(i.UART_DMATransmitCplt) for UART_DMATransmitCplt
    stm32l1xx_hal_uart.o(i.HAL_UART_Transmit_DMA) refers to stm32l1xx_hal_uart.o(i.UART_DMATxHalfCplt) for UART_DMATxHalfCplt
    stm32l1xx_hal_uart.o(i.HAL_UART_Transmit_DMA) refers to stm32l1xx_hal_uart.o(i.UART_DMAError) for UART_DMAError
    stm32l1xx_hal_uart.o(i.UART_DMAError) refers to stm32l1xx_hal_uart.o(i.HAL_UART_ErrorCallback) for HAL_UART_ErrorCallback
    stm32l1xx_hal_uart.o(i.UART_DMAReceiveCplt) refers to stm32l1xx_hal_uart.o(i.HAL_UART_RxCpltCallback) for HAL_UART_RxCpltCallback
    stm32l1xx_hal_uart.o(i.UART_DMARxHalfCplt) refers to stm32l1xx_hal_uart.o(i.HAL_UART_RxHalfCpltCallback) for HAL_UART_RxHalfCpltCallback
    stm32l1xx_hal_uart.o(i.UART_DMATransmitCplt) refers to stm32l1xx_hal_uart.o(i.HAL_UART_TxCpltCallback) for HAL_UART_TxCpltCallback
    stm32l1xx_hal_uart.o(i.UART_DMATxHalfCplt) refers to stm32l1xx_hal_uart.o(i.HAL_UART_TxHalfCpltCallback) for HAL_UART_TxHalfCpltCallback
    stm32l1xx_hal_uart.o(i.UART_Receive_IT) refers to stm32l1xx_hal_uart.o(i.HAL_UART_RxCpltCallback) for HAL_UART_RxCpltCallback
    stm32l1xx_hal_uart.o(i.UART_SetConfig) refers to stm32l1xx_hal_rcc.o(i.HAL_RCC_GetPCLK2Freq) for HAL_RCC_GetPCLK2Freq
    stm32l1xx_hal_uart.o(i.UART_SetConfig) refers to stm32l1xx_hal_rcc.o(i.HAL_RCC_GetPCLK1Freq) for HAL_RCC_GetPCLK1Freq
    stm32l1xx_hal_uart.o(i.UART_WaitOnFlagUntilTimeout) refers to stm32l1xx_hal.o(i.HAL_GetTick) for HAL_GetTick
    stm32l1xx_hal_cortex.o(i.HAL_NVIC_SetPriority) refers to stm32l1xx_hal_cortex.o(i.NVIC_SetPriority) for NVIC_SetPriority
    stm32l1xx_hal_cortex.o(i.HAL_SYSTICK_Config) refers to stm32l1xx_hal_cortex.o(i.NVIC_SetPriority) for NVIC_SetPriority
    stm32l1xx_hal_cortex.o(i.HAL_SYSTICK_IRQHandler) refers to stm32l1xx_hal_cortex.o(i.HAL_SYSTICK_Callback) for HAL_SYSTICK_Callback
    stm32l1xx_hal_rcc_ex.o(i.HAL_RCCEx_PeriphCLKConfig) refers to stm32l1xx_hal.o(i.HAL_GetTick) for HAL_GetTick
    stm32l1xx_hal_i2c.o(i.HAL_I2C_DeInit) refers to i2c.o(i.HAL_I2C_MspDeInit) for HAL_I2C_MspDeInit
    stm32l1xx_hal_i2c.o(i.HAL_I2C_ER_IRQHandler) refers to stm32l1xx_hal_i2c.o(i.HAL_I2C_ErrorCallback) for HAL_I2C_ErrorCallback
    stm32l1xx_hal_i2c.o(i.HAL_I2C_ER_IRQHandler) refers to stm32l1xx_hal_i2c.o(i.HAL_I2C_SlaveTxCpltCallback) for HAL_I2C_SlaveTxCpltCallback
    stm32l1xx_hal_i2c.o(i.HAL_I2C_EV_IRQHandler) refers to stm32l1xx_hal_i2c.o(i.HAL_I2C_MasterTxCpltCallback) for HAL_I2C_MasterTxCpltCallback
    stm32l1xx_hal_i2c.o(i.HAL_I2C_EV_IRQHandler) refers to stm32l1xx_hal_i2c.o(i.HAL_I2C_MemTxCpltCallback) for HAL_I2C_MemTxCpltCallback
    stm32l1xx_hal_i2c.o(i.HAL_I2C_EV_IRQHandler) refers to stm32l1xx_hal_i2c.o(i.I2C_MasterReceive_RXNE) for I2C_MasterReceive_RXNE
    stm32l1xx_hal_i2c.o(i.HAL_I2C_EV_IRQHandler) refers to stm32l1xx_hal_i2c.o(i.I2C_MasterReceive_BTF) for I2C_MasterReceive_BTF
    stm32l1xx_hal_i2c.o(i.HAL_I2C_EV_IRQHandler) refers to stm32l1xx_hal_i2c.o(i.HAL_I2C_SlaveRxCpltCallback) for HAL_I2C_SlaveRxCpltCallback
    stm32l1xx_hal_i2c.o(i.HAL_I2C_Init) refers to i2c.o(i.HAL_I2C_MspInit) for HAL_I2C_MspInit
    stm32l1xx_hal_i2c.o(i.HAL_I2C_Init) refers to stm32l1xx_hal_rcc.o(i.HAL_RCC_GetPCLK1Freq) for HAL_RCC_GetPCLK1Freq
    stm32l1xx_hal_i2c.o(i.HAL_I2C_IsDeviceReady) refers to stm32l1xx_hal_i2c.o(i.I2C_WaitOnFlagUntilTimeout) for I2C_WaitOnFlagUntilTimeout
    stm32l1xx_hal_i2c.o(i.HAL_I2C_IsDeviceReady) refers to stm32l1xx_hal.o(i.HAL_GetTick) for HAL_GetTick
    stm32l1xx_hal_i2c.o(i.HAL_I2C_Master_Receive) refers to stm32l1xx_hal_i2c.o(i.I2C_WaitOnFlagUntilTimeout) for I2C_WaitOnFlagUntilTimeout
    stm32l1xx_hal_i2c.o(i.HAL_I2C_Master_Receive) refers to stm32l1xx_hal_i2c.o(i.I2C_MasterRequestRead) for I2C_MasterRequestRead
    stm32l1xx_hal_i2c.o(i.HAL_I2C_Master_Receive_DMA) refers to stm32l1xx_hal_i2c.o(i.I2C_WaitOnFlagUntilTimeout) for I2C_WaitOnFlagUntilTimeout
    stm32l1xx_hal_i2c.o(i.HAL_I2C_Master_Receive_DMA) refers to stm32l1xx_hal_dma.o(i.HAL_DMA_Start_IT) for HAL_DMA_Start_IT
    stm32l1xx_hal_i2c.o(i.HAL_I2C_Master_Receive_DMA) refers to stm32l1xx_hal_i2c.o(i.I2C_MasterRequestRead) for I2C_MasterRequestRead
    stm32l1xx_hal_i2c.o(i.HAL_I2C_Master_Receive_DMA) refers to stm32l1xx_hal_i2c.o(i.I2C_DMAMasterReceiveCplt) for I2C_DMAMasterReceiveCplt
    stm32l1xx_hal_i2c.o(i.HAL_I2C_Master_Receive_DMA) refers to stm32l1xx_hal_i2c.o(i.I2C_DMAError) for I2C_DMAError
    stm32l1xx_hal_i2c.o(i.HAL_I2C_Master_Receive_IT) refers to stm32l1xx_hal_i2c.o(i.I2C_WaitOnFlagUntilTimeout) for I2C_WaitOnFlagUntilTimeout
    stm32l1xx_hal_i2c.o(i.HAL_I2C_Master_Receive_IT) refers to stm32l1xx_hal_i2c.o(i.I2C_MasterRequestRead) for I2C_MasterRequestRead
    stm32l1xx_hal_i2c.o(i.HAL_I2C_Master_Transmit) refers to stm32l1xx_hal_i2c.o(i.I2C_WaitOnFlagUntilTimeout) for I2C_WaitOnFlagUntilTimeout
    stm32l1xx_hal_i2c.o(i.HAL_I2C_Master_Transmit) refers to stm32l1xx_hal_i2c.o(i.I2C_MasterRequestWrite) for I2C_MasterRequestWrite
    stm32l1xx_hal_i2c.o(i.HAL_I2C_Master_Transmit_DMA) refers to stm32l1xx_hal_i2c.o(i.I2C_WaitOnFlagUntilTimeout) for I2C_WaitOnFlagUntilTimeout
    stm32l1xx_hal_i2c.o(i.HAL_I2C_Master_Transmit_DMA) refers to stm32l1xx_hal_dma.o(i.HAL_DMA_Start_IT) for HAL_DMA_Start_IT
    stm32l1xx_hal_i2c.o(i.HAL_I2C_Master_Transmit_DMA) refers to stm32l1xx_hal_i2c.o(i.I2C_MasterRequestWrite) for I2C_MasterRequestWrite
    stm32l1xx_hal_i2c.o(i.HAL_I2C_Master_Transmit_DMA) refers to stm32l1xx_hal_i2c.o(i.I2C_DMAMasterTransmitCplt) for I2C_DMAMasterTransmitCplt
    stm32l1xx_hal_i2c.o(i.HAL_I2C_Master_Transmit_DMA) refers to stm32l1xx_hal_i2c.o(i.I2C_DMAError) for I2C_DMAError
    stm32l1xx_hal_i2c.o(i.HAL_I2C_Master_Transmit_IT) refers to stm32l1xx_hal_i2c.o(i.I2C_WaitOnFlagUntilTimeout) for I2C_WaitOnFlagUntilTimeout
    stm32l1xx_hal_i2c.o(i.HAL_I2C_Master_Transmit_IT) refers to stm32l1xx_hal_i2c.o(i.I2C_MasterRequestWrite) for I2C_MasterRequestWrite
    stm32l1xx_hal_i2c.o(i.HAL_I2C_Mem_Read) refers to stm32l1xx_hal_i2c.o(i.I2C_WaitOnFlagUntilTimeout) for I2C_WaitOnFlagUntilTimeout
    stm32l1xx_hal_i2c.o(i.HAL_I2C_Mem_Read) refers to stm32l1xx_hal_i2c.o(i.I2C_RequestMemoryRead) for I2C_RequestMemoryRead
    stm32l1xx_hal_i2c.o(i.HAL_I2C_Mem_Read_DMA) refers to stm32l1xx_hal_i2c.o(i.I2C_WaitOnFlagUntilTimeout) for I2C_WaitOnFlagUntilTimeout
    stm32l1xx_hal_i2c.o(i.HAL_I2C_Mem_Read_DMA) refers to stm32l1xx_hal_dma.o(i.HAL_DMA_Start_IT) for HAL_DMA_Start_IT
    stm32l1xx_hal_i2c.o(i.HAL_I2C_Mem_Read_DMA) refers to stm32l1xx_hal_i2c.o(i.I2C_RequestMemoryRead) for I2C_RequestMemoryRead
    stm32l1xx_hal_i2c.o(i.HAL_I2C_Mem_Read_DMA) refers to stm32l1xx_hal_i2c.o(i.I2C_DMAMemReceiveCplt) for I2C_DMAMemReceiveCplt
    stm32l1xx_hal_i2c.o(i.HAL_I2C_Mem_Read_DMA) refers to stm32l1xx_hal_i2c.o(i.I2C_DMAError) for I2C_DMAError
    stm32l1xx_hal_i2c.o(i.HAL_I2C_Mem_Read_IT) refers to stm32l1xx_hal_i2c.o(i.I2C_WaitOnFlagUntilTimeout) for I2C_WaitOnFlagUntilTimeout
    stm32l1xx_hal_i2c.o(i.HAL_I2C_Mem_Read_IT) refers to stm32l1xx_hal_i2c.o(i.I2C_RequestMemoryRead) for I2C_RequestMemoryRead
    stm32l1xx_hal_i2c.o(i.HAL_I2C_Mem_Write) refers to stm32l1xx_hal_i2c.o(i.I2C_WaitOnFlagUntilTimeout) for I2C_WaitOnFlagUntilTimeout
    stm32l1xx_hal_i2c.o(i.HAL_I2C_Mem_Write) refers to stm32l1xx_hal_i2c.o(i.I2C_RequestMemoryWrite) for I2C_RequestMemoryWrite
    stm32l1xx_hal_i2c.o(i.HAL_I2C_Mem_Write_DMA) refers to stm32l1xx_hal_i2c.o(i.I2C_WaitOnFlagUntilTimeout) for I2C_WaitOnFlagUntilTimeout
    stm32l1xx_hal_i2c.o(i.HAL_I2C_Mem_Write_DMA) refers to stm32l1xx_hal_dma.o(i.HAL_DMA_Start_IT) for HAL_DMA_Start_IT
    stm32l1xx_hal_i2c.o(i.HAL_I2C_Mem_Write_DMA) refers to stm32l1xx_hal_i2c.o(i.I2C_RequestMemoryWrite) for I2C_RequestMemoryWrite
    stm32l1xx_hal_i2c.o(i.HAL_I2C_Mem_Write_DMA) refers to stm32l1xx_hal_i2c.o(i.I2C_DMAMemTransmitCplt) for I2C_DMAMemTransmitCplt
    stm32l1xx_hal_i2c.o(i.HAL_I2C_Mem_Write_DMA) refers to stm32l1xx_hal_i2c.o(i.I2C_DMAError) for I2C_DMAError
    stm32l1xx_hal_i2c.o(i.HAL_I2C_Mem_Write_IT) refers to stm32l1xx_hal_i2c.o(i.I2C_WaitOnFlagUntilTimeout) for I2C_WaitOnFlagUntilTimeout
    stm32l1xx_hal_i2c.o(i.HAL_I2C_Mem_Write_IT) refers to stm32l1xx_hal_i2c.o(i.I2C_RequestMemoryWrite) for I2C_RequestMemoryWrite
    stm32l1xx_hal_i2c.o(i.HAL_I2C_Slave_Receive) refers to stm32l1xx_hal_i2c.o(i.I2C_WaitOnFlagUntilTimeout) for I2C_WaitOnFlagUntilTimeout
    stm32l1xx_hal_i2c.o(i.HAL_I2C_Slave_Receive_DMA) refers to stm32l1xx_hal_dma.o(i.HAL_DMA_Start_IT) for HAL_DMA_Start_IT
    stm32l1xx_hal_i2c.o(i.HAL_I2C_Slave_Receive_DMA) refers to stm32l1xx_hal_i2c.o(i.I2C_WaitOnFlagUntilTimeout) for I2C_WaitOnFlagUntilTimeout
    stm32l1xx_hal_i2c.o(i.HAL_I2C_Slave_Receive_DMA) refers to stm32l1xx_hal_i2c.o(i.I2C_DMASlaveReceiveCplt) for I2C_DMASlaveReceiveCplt
    stm32l1xx_hal_i2c.o(i.HAL_I2C_Slave_Receive_DMA) refers to stm32l1xx_hal_i2c.o(i.I2C_DMAError) for I2C_DMAError
    stm32l1xx_hal_i2c.o(i.HAL_I2C_Slave_Transmit) refers to stm32l1xx_hal_i2c.o(i.I2C_WaitOnFlagUntilTimeout) for I2C_WaitOnFlagUntilTimeout
    stm32l1xx_hal_i2c.o(i.HAL_I2C_Slave_Transmit_DMA) refers to stm32l1xx_hal_dma.o(i.HAL_DMA_Start_IT) for HAL_DMA_Start_IT
    stm32l1xx_hal_i2c.o(i.HAL_I2C_Slave_Transmit_DMA) refers to stm32l1xx_hal_i2c.o(i.I2C_WaitOnFlagUntilTimeout) for I2C_WaitOnFlagUntilTimeout
    stm32l1xx_hal_i2c.o(i.HAL_I2C_Slave_Transmit_DMA) refers to stm32l1xx_hal_i2c.o(i.I2C_DMASlaveTransmitCplt) for I2C_DMASlaveTransmitCplt
    stm32l1xx_hal_i2c.o(i.HAL_I2C_Slave_Transmit_DMA) refers to stm32l1xx_hal_i2c.o(i.I2C_DMAError) for I2C_DMAError
    stm32l1xx_hal_i2c.o(i.I2C_DMAError) refers to stm32l1xx_hal_i2c.o(i.HAL_I2C_ErrorCallback) for HAL_I2C_ErrorCallback
    stm32l1xx_hal_i2c.o(i.I2C_DMAMasterReceiveCplt) refers to stm32l1xx_hal_i2c.o(i.HAL_I2C_ErrorCallback) for HAL_I2C_ErrorCallback
    stm32l1xx_hal_i2c.o(i.I2C_DMAMasterReceiveCplt) refers to stm32l1xx_hal_i2c.o(i.HAL_I2C_MasterRxCpltCallback) for HAL_I2C_MasterRxCpltCallback
    stm32l1xx_hal_i2c.o(i.I2C_DMAMasterTransmitCplt) refers to stm32l1xx_hal_i2c.o(i.I2C_WaitOnFlagUntilTimeout) for I2C_WaitOnFlagUntilTimeout
    stm32l1xx_hal_i2c.o(i.I2C_DMAMasterTransmitCplt) refers to stm32l1xx_hal_i2c.o(i.HAL_I2C_ErrorCallback) for HAL_I2C_ErrorCallback
    stm32l1xx_hal_i2c.o(i.I2C_DMAMasterTransmitCplt) refers to stm32l1xx_hal_i2c.o(i.HAL_I2C_MasterTxCpltCallback) for HAL_I2C_MasterTxCpltCallback
    stm32l1xx_hal_i2c.o(i.I2C_DMAMemReceiveCplt) refers to stm32l1xx_hal_i2c.o(i.HAL_I2C_ErrorCallback) for HAL_I2C_ErrorCallback
    stm32l1xx_hal_i2c.o(i.I2C_DMAMemReceiveCplt) refers to stm32l1xx_hal_i2c.o(i.HAL_I2C_MemRxCpltCallback) for HAL_I2C_MemRxCpltCallback
    stm32l1xx_hal_i2c.o(i.I2C_DMAMemTransmitCplt) refers to stm32l1xx_hal_i2c.o(i.I2C_WaitOnFlagUntilTimeout) for I2C_WaitOnFlagUntilTimeout
    stm32l1xx_hal_i2c.o(i.I2C_DMAMemTransmitCplt) refers to stm32l1xx_hal_i2c.o(i.HAL_I2C_ErrorCallback) for HAL_I2C_ErrorCallback
    stm32l1xx_hal_i2c.o(i.I2C_DMAMemTransmitCplt) refers to stm32l1xx_hal_i2c.o(i.HAL_I2C_MemTxCpltCallback) for HAL_I2C_MemTxCpltCallback
    stm32l1xx_hal_i2c.o(i.I2C_DMASlaveReceiveCplt) refers to stm32l1xx_hal_i2c.o(i.I2C_WaitOnFlagUntilTimeout) for I2C_WaitOnFlagUntilTimeout
    stm32l1xx_hal_i2c.o(i.I2C_DMASlaveReceiveCplt) refers to stm32l1xx_hal_i2c.o(i.HAL_I2C_ErrorCallback) for HAL_I2C_ErrorCallback
    stm32l1xx_hal_i2c.o(i.I2C_DMASlaveReceiveCplt) refers to stm32l1xx_hal_i2c.o(i.HAL_I2C_SlaveRxCpltCallback) for HAL_I2C_SlaveRxCpltCallback
    stm32l1xx_hal_i2c.o(i.I2C_DMASlaveTransmitCplt) refers to stm32l1xx_hal_i2c.o(i.I2C_WaitOnFlagUntilTimeout) for I2C_WaitOnFlagUntilTimeout
    stm32l1xx_hal_i2c.o(i.I2C_DMASlaveTransmitCplt) refers to stm32l1xx_hal_i2c.o(i.HAL_I2C_ErrorCallback) for HAL_I2C_ErrorCallback
    stm32l1xx_hal_i2c.o(i.I2C_DMASlaveTransmitCplt) refers to stm32l1xx_hal_i2c.o(i.HAL_I2C_SlaveTxCpltCallback) for HAL_I2C_SlaveTxCpltCallback
    stm32l1xx_hal_i2c.o(i.I2C_MasterReceive_BTF) refers to stm32l1xx_hal_i2c.o(i.HAL_I2C_MasterRxCpltCallback) for HAL_I2C_MasterRxCpltCallback
    stm32l1xx_hal_i2c.o(i.I2C_MasterReceive_BTF) refers to stm32l1xx_hal_i2c.o(i.HAL_I2C_MemRxCpltCallback) for HAL_I2C_MemRxCpltCallback
    stm32l1xx_hal_i2c.o(i.I2C_MasterReceive_RXNE) refers to stm32l1xx_hal_i2c.o(i.HAL_I2C_MasterRxCpltCallback) for HAL_I2C_MasterRxCpltCallback
    stm32l1xx_hal_i2c.o(i.I2C_MasterReceive_RXNE) refers to stm32l1xx_hal_i2c.o(i.HAL_I2C_MemRxCpltCallback) for HAL_I2C_MemRxCpltCallback
    stm32l1xx_hal_i2c.o(i.I2C_MasterRequestRead) refers to stm32l1xx_hal_i2c.o(i.I2C_WaitOnFlagUntilTimeout) for I2C_WaitOnFlagUntilTimeout
    stm32l1xx_hal_i2c.o(i.I2C_MasterRequestRead) refers to stm32l1xx_hal_i2c.o(i.I2C_WaitOnMasterAddressFlagUntilTimeout) for I2C_WaitOnMasterAddressFlagUntilTimeout
    stm32l1xx_hal_i2c.o(i.I2C_MasterRequestWrite) refers to stm32l1xx_hal_i2c.o(i.I2C_WaitOnFlagUntilTimeout) for I2C_WaitOnFlagUntilTimeout
    stm32l1xx_hal_i2c.o(i.I2C_MasterRequestWrite) refers to stm32l1xx_hal_i2c.o(i.I2C_WaitOnMasterAddressFlagUntilTimeout) for I2C_WaitOnMasterAddressFlagUntilTimeout
    stm32l1xx_hal_i2c.o(i.I2C_RequestMemoryRead) refers to stm32l1xx_hal_i2c.o(i.I2C_WaitOnFlagUntilTimeout) for I2C_WaitOnFlagUntilTimeout
    stm32l1xx_hal_i2c.o(i.I2C_RequestMemoryRead) refers to stm32l1xx_hal_i2c.o(i.I2C_WaitOnMasterAddressFlagUntilTimeout) for I2C_WaitOnMasterAddressFlagUntilTimeout
    stm32l1xx_hal_i2c.o(i.I2C_RequestMemoryWrite) refers to stm32l1xx_hal_i2c.o(i.I2C_WaitOnFlagUntilTimeout) for I2C_WaitOnFlagUntilTimeout
    stm32l1xx_hal_i2c.o(i.I2C_RequestMemoryWrite) refers to stm32l1xx_hal_i2c.o(i.I2C_WaitOnMasterAddressFlagUntilTimeout) for I2C_WaitOnMasterAddressFlagUntilTimeout
    stm32l1xx_hal_i2c.o(i.I2C_WaitOnFlagUntilTimeout) refers to stm32l1xx_hal.o(i.HAL_GetTick) for HAL_GetTick
    stm32l1xx_hal_i2c.o(i.I2C_WaitOnMasterAddressFlagUntilTimeout) refers to stm32l1xx_hal.o(i.HAL_GetTick) for HAL_GetTick
    stm32l1xx_hal.o(i.HAL_DeInit) refers to stm32l1xx_hal.o(i.HAL_MspDeInit) for HAL_MspDeInit
    stm32l1xx_hal.o(i.HAL_Delay) refers to stm32l1xx_hal.o(i.HAL_GetTick) for HAL_GetTick
    stm32l1xx_hal.o(i.HAL_GetTick) refers to stm32l1xx_hal.o(.data) for .data
    stm32l1xx_hal.o(i.HAL_IncTick) refers to stm32l1xx_hal.o(.data) for .data
    stm32l1xx_hal.o(i.HAL_Init) refers to stm32l1xx_hal_cortex.o(i.HAL_NVIC_SetPriorityGrouping) for HAL_NVIC_SetPriorityGrouping
    stm32l1xx_hal.o(i.HAL_Init) refers to stm32l1xx_hal.o(i.HAL_InitTick) for HAL_InitTick
    stm32l1xx_hal.o(i.HAL_Init) refers to stm32l1xx_hal_msp.o(i.HAL_MspInit) for HAL_MspInit
    stm32l1xx_hal.o(i.HAL_InitTick) refers to stm32l1xx_hal_rcc.o(i.HAL_RCC_GetHCLKFreq) for HAL_RCC_GetHCLKFreq
    stm32l1xx_hal.o(i.HAL_InitTick) refers to stm32l1xx_hal_cortex.o(i.HAL_SYSTICK_Config) for HAL_SYSTICK_Config
    stm32l1xx_hal.o(i.HAL_InitTick) refers to stm32l1xx_hal_cortex.o(i.HAL_NVIC_SetPriority) for HAL_NVIC_SetPriority
    stm32l1xx_hal_flash.o(i.FLASH_SetErrorCode) refers to stm32l1xx_hal_flash.o(.bss) for .bss
    stm32l1xx_hal_flash.o(i.FLASH_WaitForLastOperation) refers to stm32l1xx_hal.o(i.HAL_GetTick) for HAL_GetTick
    stm32l1xx_hal_flash.o(i.FLASH_WaitForLastOperation) refers to stm32l1xx_hal_flash.o(i.FLASH_SetErrorCode) for FLASH_SetErrorCode
    stm32l1xx_hal_flash.o(i.HAL_FLASH_GetError) refers to stm32l1xx_hal_flash.o(.bss) for .bss
    stm32l1xx_hal_flash.o(i.HAL_FLASH_IRQHandler) refers to stm32l1xx_hal_flash.o(i.FLASH_SetErrorCode) for FLASH_SetErrorCode
    stm32l1xx_hal_flash.o(i.HAL_FLASH_IRQHandler) refers to stm32l1xx_hal_flash.o(i.HAL_FLASH_OperationErrorCallback) for HAL_FLASH_OperationErrorCallback
    stm32l1xx_hal_flash.o(i.HAL_FLASH_IRQHandler) refers to stm32l1xx_hal_flash.o(i.HAL_FLASH_EndOfOperationCallback) for HAL_FLASH_EndOfOperationCallback
    stm32l1xx_hal_flash.o(i.HAL_FLASH_IRQHandler) refers to stm32l1xx_hal_flash_ex.o(i.FLASH_PageErase) for FLASH_PageErase
    stm32l1xx_hal_flash.o(i.HAL_FLASH_IRQHandler) refers to stm32l1xx_hal_flash.o(.bss) for .bss
    stm32l1xx_hal_flash.o(i.HAL_FLASH_OB_Launch) refers to stm32l1xx_hal_flash.o(i.FLASH_WaitForLastOperation) for FLASH_WaitForLastOperation
    stm32l1xx_hal_flash.o(i.HAL_FLASH_Program) refers to stm32l1xx_hal_flash.o(i.FLASH_WaitForLastOperation) for FLASH_WaitForLastOperation
    stm32l1xx_hal_flash.o(i.HAL_FLASH_Program) refers to stm32l1xx_hal_flash.o(.bss) for .bss
    stm32l1xx_hal_flash.o(i.HAL_FLASH_Program_IT) refers to stm32l1xx_hal_flash.o(.bss) for .bss
    stm32l1xx_hal_flash_ex.o(i.FLASH_DATAEEPROM_FastProgramHalfWord) refers to stm32l1xx_hal_flash.o(i.FLASH_WaitForLastOperation) for FLASH_WaitForLastOperation
    stm32l1xx_hal_flash_ex.o(i.FLASH_DATAEEPROM_FastProgramHalfWord) refers to stm32l1xx_hal_flash_ex.o(i.HAL_FLASHEx_DATAEEPROM_Erase) for HAL_FLASHEx_DATAEEPROM_Erase
    stm32l1xx_hal_flash_ex.o(i.FLASH_DATAEEPROM_FastProgramHalfWord) refers to stm32l1xx_hal_flash_ex.o(i.HAL_FLASHEx_DATAEEPROM_Program) for HAL_FLASHEx_DATAEEPROM_Program
    stm32l1xx_hal_flash_ex.o(i.FLASH_DATAEEPROM_ProgramHalfWord) refers to stm32l1xx_hal_flash.o(i.FLASH_WaitForLastOperation) for FLASH_WaitForLastOperation
    stm32l1xx_hal_flash_ex.o(i.FLASH_DATAEEPROM_ProgramHalfWord) refers to stm32l1xx_hal_flash_ex.o(i.HAL_FLASHEx_DATAEEPROM_Erase) for HAL_FLASHEx_DATAEEPROM_Erase
    stm32l1xx_hal_flash_ex.o(i.FLASH_DATAEEPROM_ProgramHalfWord) refers to stm32l1xx_hal_flash_ex.o(i.HAL_FLASHEx_DATAEEPROM_Program) for HAL_FLASHEx_DATAEEPROM_Program
    stm32l1xx_hal_flash_ex.o(i.FLASH_OB_WRPConfig) refers to stm32l1xx_hal_flash.o(i.FLASH_WaitForLastOperation) for FLASH_WaitForLastOperation
    stm32l1xx_hal_flash_ex.o(i.FLASH_OB_WRPConfig) refers to stm32l1xx_hal_flash.o(.bss) for pFlash
    stm32l1xx_hal_flash_ex.o(i.FLASH_PageErase) refers to stm32l1xx_hal_flash.o(.bss) for pFlash
    stm32l1xx_hal_flash_ex.o(i.HAL_FLASHEx_DATAEEPROM_Erase) refers to stm32l1xx_hal_flash.o(i.FLASH_WaitForLastOperation) for FLASH_WaitForLastOperation
    stm32l1xx_hal_flash_ex.o(i.HAL_FLASHEx_DATAEEPROM_Erase) refers to stm32l1xx_hal_flash.o(.bss) for pFlash
    stm32l1xx_hal_flash_ex.o(i.HAL_FLASHEx_DATAEEPROM_Program) refers to stm32l1xx_hal_flash.o(i.FLASH_WaitForLastOperation) for FLASH_WaitForLastOperation
    stm32l1xx_hal_flash_ex.o(i.HAL_FLASHEx_DATAEEPROM_Program) refers to stm32l1xx_hal_flash_ex.o(i.HAL_FLASHEx_DATAEEPROM_Erase) for HAL_FLASHEx_DATAEEPROM_Erase
    stm32l1xx_hal_flash_ex.o(i.HAL_FLASHEx_DATAEEPROM_Program) refers to stm32l1xx_hal_flash_ex.o(i.FLASH_DATAEEPROM_FastProgramHalfWord) for FLASH_DATAEEPROM_FastProgramHalfWord
    stm32l1xx_hal_flash_ex.o(i.HAL_FLASHEx_DATAEEPROM_Program) refers to stm32l1xx_hal_flash_ex.o(i.FLASH_DATAEEPROM_ProgramHalfWord) for FLASH_DATAEEPROM_ProgramHalfWord
    stm32l1xx_hal_flash_ex.o(i.HAL_FLASHEx_DATAEEPROM_Program) refers to stm32l1xx_hal_flash.o(.bss) for pFlash
    stm32l1xx_hal_flash_ex.o(i.HAL_FLASHEx_Erase) refers to stm32l1xx_hal_flash.o(i.FLASH_WaitForLastOperation) for FLASH_WaitForLastOperation
    stm32l1xx_hal_flash_ex.o(i.HAL_FLASHEx_Erase) refers to stm32l1xx_hal_flash_ex.o(i.FLASH_PageErase) for FLASH_PageErase
    stm32l1xx_hal_flash_ex.o(i.HAL_FLASHEx_Erase) refers to stm32l1xx_hal_flash.o(.bss) for pFlash
    stm32l1xx_hal_flash_ex.o(i.HAL_FLASHEx_Erase_IT) refers to stm32l1xx_hal_flash_ex.o(i.FLASH_PageErase) for FLASH_PageErase
    stm32l1xx_hal_flash_ex.o(i.HAL_FLASHEx_Erase_IT) refers to stm32l1xx_hal_flash.o(.bss) for pFlash
    stm32l1xx_hal_flash_ex.o(i.HAL_FLASHEx_OBProgram) refers to stm32l1xx_hal_flash_ex.o(i.FLASH_OB_WRPConfig) for FLASH_OB_WRPConfig
    stm32l1xx_hal_flash_ex.o(i.HAL_FLASHEx_OBProgram) refers to stm32l1xx_hal_flash.o(i.FLASH_WaitForLastOperation) for FLASH_WaitForLastOperation
    stm32l1xx_hal_flash_ex.o(i.HAL_FLASHEx_OBProgram) refers to stm32l1xx_hal_flash.o(.bss) for pFlash
    stm32l1xx_hal_dma.o(i.HAL_DMA_Abort) refers to stm32l1xx_hal.o(i.HAL_GetTick) for HAL_GetTick
    stm32l1xx_hal_dma.o(i.HAL_DMA_PollForTransfer) refers to stm32l1xx_hal.o(i.HAL_GetTick) for HAL_GetTick
    stm32l1xx_hal_dma.o(i.HAL_DMA_Start) refers to stm32l1xx_hal_dma.o(i.DMA_SetConfig) for DMA_SetConfig
    stm32l1xx_hal_dma.o(i.HAL_DMA_Start_IT) refers to stm32l1xx_hal_dma.o(i.DMA_SetConfig) for DMA_SetConfig
    stm32l1xx_hal_rcc.o(i.HAL_RCC_ClockConfig) refers to stm32l1xx_hal.o(i.HAL_GetTick) for HAL_GetTick
    stm32l1xx_hal_rcc.o(i.HAL_RCC_ClockConfig) refers to stm32l1xx_hal.o(i.HAL_InitTick) for HAL_InitTick
    stm32l1xx_hal_rcc.o(i.HAL_RCC_GetHCLKFreq) refers to stm32l1xx_hal_rcc.o(i.HAL_RCC_GetSysClockFreq) for HAL_RCC_GetSysClockFreq
    stm32l1xx_hal_rcc.o(i.HAL_RCC_GetHCLKFreq) refers to stm32l1xx_hal_rcc.o(.constdata) for .constdata
    stm32l1xx_hal_rcc.o(i.HAL_RCC_GetHCLKFreq) refers to system_stm32l1xx.o(.data) for SystemCoreClock
    stm32l1xx_hal_rcc.o(i.HAL_RCC_GetPCLK1Freq) refers to stm32l1xx_hal_rcc.o(i.HAL_RCC_GetHCLKFreq) for HAL_RCC_GetHCLKFreq
    stm32l1xx_hal_rcc.o(i.HAL_RCC_GetPCLK1Freq) refers to stm32l1xx_hal_rcc.o(.constdata) for .constdata
    stm32l1xx_hal_rcc.o(i.HAL_RCC_GetPCLK2Freq) refers to stm32l1xx_hal_rcc.o(i.HAL_RCC_GetHCLKFreq) for HAL_RCC_GetHCLKFreq
    stm32l1xx_hal_rcc.o(i.HAL_RCC_GetPCLK2Freq) refers to stm32l1xx_hal_rcc.o(.constdata) for .constdata
    stm32l1xx_hal_rcc.o(i.HAL_RCC_GetSysClockFreq) refers to stm32l1xx_hal_rcc.o(.constdata) for .constdata
    stm32l1xx_hal_rcc.o(i.HAL_RCC_MCOConfig) refers to memseta.o(.text) for __aeabi_memclr4
    stm32l1xx_hal_rcc.o(i.HAL_RCC_MCOConfig) refers to stm32l1xx_hal_gpio.o(i.HAL_GPIO_Init) for HAL_GPIO_Init
    stm32l1xx_hal_rcc.o(i.HAL_RCC_NMI_IRQHandler) refers to stm32l1xx_hal_rcc.o(i.HAL_RCC_CSSCallback) for HAL_RCC_CSSCallback
    stm32l1xx_hal_rcc.o(i.HAL_RCC_OscConfig) refers to stm32l1xx_hal.o(i.HAL_GetTick) for HAL_GetTick
    stm32l1xx_hal_rcc.o(i.HAL_RCC_OscConfig) refers to stm32l1xx_hal_rcc.o(i.RCC_SetFlashLatencyFromMSIRange) for RCC_SetFlashLatencyFromMSIRange
    stm32l1xx_hal_rcc.o(i.HAL_RCC_OscConfig) refers to stm32l1xx_hal.o(i.HAL_InitTick) for HAL_InitTick
    stm32l1xx_hal_rcc.o(i.RCC_SetFlashLatencyFromMSIRange) refers to stm32l1xx_hal_pwr_ex.o(i.HAL_PWREx_GetVoltageRange) for HAL_PWREx_GetVoltageRange
    system_stm32l1xx.o(i.SystemCoreClockUpdate) refers to system_stm32l1xx.o(.data) for .data
    system_stm32l1xx.o(i.SystemCoreClockUpdate) refers to system_stm32l1xx.o(.constdata) for .constdata
    main.o(i.SystemClock_Config) refers to stm32l1xx_hal_rcc.o(i.HAL_RCC_OscConfig) for HAL_RCC_OscConfig
    main.o(i.SystemClock_Config) refers to stm32l1xx_hal_rcc.o(i.HAL_RCC_ClockConfig) for HAL_RCC_ClockConfig
    main.o(i.SystemClock_Config) refers to stm32l1xx_hal_rcc.o(i.HAL_RCC_GetHCLKFreq) for HAL_RCC_GetHCLKFreq
    main.o(i.SystemClock_Config) refers to stm32l1xx_hal_cortex.o(i.HAL_SYSTICK_Config) for HAL_SYSTICK_Config
    main.o(i.SystemClock_Config) refers to stm32l1xx_hal_cortex.o(i.HAL_SYSTICK_CLKSourceConfig) for HAL_SYSTICK_CLKSourceConfig
    main.o(i.SystemClock_Config) refers to stm32l1xx_hal_cortex.o(i.HAL_NVIC_SetPriority) for HAL_NVIC_SetPriority
    main.o(i.main) refers to stm32l1xx_hal.o(i.HAL_Init) for HAL_Init
    main.o(i.main) refers to main.o(i.SystemClock_Config) for SystemClock_Config
    main.o(i.main) refers to gpio.o(i.MX_GPIO_Init) for MX_GPIO_Init
    main.o(i.main) refers to i2c.o(i.MX_I2C1_Init) for MX_I2C1_Init
    main.o(i.main) refers to spi.o(i.MX_SPI1_Init) for MX_SPI1_Init
    main.o(i.main) refers to usart.o(i.MX_USART1_UART_Init) for MX_USART1_UART_Init
    stm32l1xx_hal_msp.o(i.HAL_MspInit) refers to stm32l1xx_hal_cortex.o(i.HAL_NVIC_SetPriorityGrouping) for HAL_NVIC_SetPriorityGrouping
    stm32l1xx_hal_msp.o(i.HAL_MspInit) refers to stm32l1xx_hal_cortex.o(i.HAL_NVIC_SetPriority) for HAL_NVIC_SetPriority
    stm32l1xx_it.o(i.EXTI0_IRQHandler) refers to stm32l1xx_hal_gpio.o(i.HAL_GPIO_EXTI_IRQHandler) for HAL_GPIO_EXTI_IRQHandler
    stm32l1xx_it.o(i.SysTick_Handler) refers to stm32l1xx_hal.o(i.HAL_IncTick) for HAL_IncTick
    stm32l1xx_it.o(i.SysTick_Handler) refers to stm32l1xx_hal_cortex.o(i.HAL_SYSTICK_IRQHandler) for HAL_SYSTICK_IRQHandler
    stm32l1xx_it.o(i.USART1_IRQHandler) refers to stm32l1xx_hal_uart.o(i.HAL_UART_IRQHandler) for HAL_UART_IRQHandler
    stm32l1xx_it.o(i.USART1_IRQHandler) refers to usart.o(.bss) for huart1
    i2c.o(i.HAL_I2C_MspDeInit) refers to stm32l1xx_hal_gpio.o(i.HAL_GPIO_DeInit) for HAL_GPIO_DeInit
    i2c.o(i.HAL_I2C_MspInit) refers to stm32l1xx_hal_gpio.o(i.HAL_GPIO_Init) for HAL_GPIO_Init
    i2c.o(i.MX_I2C1_Init) refers to stm32l1xx_hal_i2c.o(i.HAL_I2C_Init) for HAL_I2C_Init
    i2c.o(i.MX_I2C1_Init) refers to i2c.o(.bss) for .bss
    spi.o(i.HAL_SPI_MspDeInit) refers to stm32l1xx_hal_gpio.o(i.HAL_GPIO_DeInit) for HAL_GPIO_DeInit
    spi.o(i.HAL_SPI_MspInit) refers to stm32l1xx_hal_gpio.o(i.HAL_GPIO_Init) for HAL_GPIO_Init
    spi.o(i.MX_SPI1_Init) refers to stm32l1xx_hal_spi_ex.o(i.HAL_SPI_Init) for HAL_SPI_Init
    spi.o(i.MX_SPI1_Init) refers to spi.o(.bss) for .bss
    gpio.o(i.MX_GPIO_Init) refers to stm32l1xx_hal_gpio.o(i.HAL_GPIO_Init) for HAL_GPIO_Init
    gpio.o(i.MX_GPIO_Init) refers to stm32l1xx_hal_gpio.o(i.HAL_GPIO_WritePin) for HAL_GPIO_WritePin
    gpio.o(i.MX_GPIO_Init) refers to stm32l1xx_hal_cortex.o(i.HAL_NVIC_SetPriority) for HAL_NVIC_SetPriority
    gpio.o(i.MX_GPIO_Init) refers to stm32l1xx_hal_cortex.o(i.HAL_NVIC_EnableIRQ) for HAL_NVIC_EnableIRQ
    usart.o(i.HAL_UART_MspDeInit) refers to stm32l1xx_hal_gpio.o(i.HAL_GPIO_DeInit) for HAL_GPIO_DeInit
    usart.o(i.HAL_UART_MspDeInit) refers to stm32l1xx_hal_cortex.o(i.HAL_NVIC_DisableIRQ) for HAL_NVIC_DisableIRQ
    usart.o(i.HAL_UART_MspInit) refers to stm32l1xx_hal_gpio.o(i.HAL_GPIO_Init) for HAL_GPIO_Init
    usart.o(i.HAL_UART_MspInit) refers to stm32l1xx_hal_cortex.o(i.HAL_NVIC_SetPriority) for HAL_NVIC_SetPriority
    usart.o(i.HAL_UART_MspInit) refers to stm32l1xx_hal_cortex.o(i.HAL_NVIC_EnableIRQ) for HAL_NVIC_EnableIRQ
    usart.o(i.MX_USART1_UART_Init) refers to stm32l1xx_hal_uart.o(i.HAL_UART_Init) for HAL_UART_Init
    usart.o(i.MX_USART1_UART_Init) refers to usart.o(.bss) for .bss
    startup_stm32l151xb.o(RESET) refers to startup_stm32l151xb.o(STACK) for __initial_sp
    startup_stm32l151xb.o(RESET) refers to startup_stm32l151xb.o(.text) for Reset_Handler
    startup_stm32l151xb.o(RESET) refers to stm32l1xx_it.o(i.SysTick_Handler) for SysTick_Handler
    startup_stm32l151xb.o(RESET) refers to stm32l1xx_it.o(i.EXTI0_IRQHandler) for EXTI0_IRQHandler
    startup_stm32l151xb.o(RESET) refers to stm32l1xx_it.o(i.USART1_IRQHandler) for USART1_IRQHandler
    startup_stm32l151xb.o(.text) refers to system_stm32l1xx.o(i.SystemInit) for SystemInit
    startup_stm32l151xb.o(.text) refers to entry.o(.ARM.Collect$$$$00000000) for __main
    entry.o(.ARM.Collect$$$$00000000) refers (Special) to entry10a.o(.ARM.Collect$$$$0000000D) for __rt_final_cpp
    entry.o(.ARM.Collect$$$$00000000) refers (Special) to entry11a.o(.ARM.Collect$$$$0000000F) for __rt_final_exit
    entry.o(.ARM.Collect$$$$00000000) refers (Special) to entry7b.o(.ARM.Collect$$$$00000008) for _main_clock
    entry.o(.ARM.Collect$$$$00000000) refers (Special) to entry8b.o(.ARM.Collect$$$$0000000A) for _main_cpp_init
    entry.o(.ARM.Collect$$$$00000000) refers (Special) to entry9a.o(.ARM.Collect$$$$0000000B) for _main_init
    entry.o(.ARM.Collect$$$$00000000) refers (Special) to entry5.o(.ARM.Collect$$$$00000004) for _main_scatterload
    entry.o(.ARM.Collect$$$$00000000) refers (Special) to entry2.o(.ARM.Collect$$$$00000001) for _main_stk
    entry2.o(.ARM.Collect$$$$00000001) refers to entry2.o(.ARM.Collect$$$$00002712) for __lit__00000000
    entry2.o(.ARM.Collect$$$$00002712) refers to startup_stm32l151xb.o(STACK) for __initial_sp
    entry2.o(__vectab_stack_and_reset_area) refers to startup_stm32l151xb.o(STACK) for __initial_sp
    entry2.o(__vectab_stack_and_reset_area) refers to entry.o(.ARM.Collect$$$$00000000) for __main
    entry5.o(.ARM.Collect$$$$00000004) refers to init.o(.text) for __scatterload
    entry9a.o(.ARM.Collect$$$$0000000B) refers to main.o(i.main) for main
    entry9b.o(.ARM.Collect$$$$0000000C) refers to main.o(i.main) for main
    init.o(.text) refers to entry5.o(.ARM.Collect$$$$00000004) for __main_after_scatterload


==============================================================================

Removing Unused input sections from the image.

    Removing stm32l1xx_hal_flash_ramfunc.o(.rev16_text), (4 bytes).
    Removing stm32l1xx_hal_flash_ramfunc.o(.revsh_text), (4 bytes).
    Removing stm32l1xx_hal_flash_ramfunc.o(.rrx_text), (6 bytes).
    Removing stm32l1xx_hal_flash_ramfunc.o(i.FLASHRAM_WaitForLastOperation), (80 bytes).
    Removing stm32l1xx_hal_flash_ramfunc.o(i.HAL_FLASHEx_DATAEEPROM_EraseDoubleWord), (92 bytes).
    Removing stm32l1xx_hal_flash_ramfunc.o(i.HAL_FLASHEx_DATAEEPROM_ProgramDoubleWord), (96 bytes).
    Removing stm32l1xx_hal_flash_ramfunc.o(i.HAL_FLASHEx_DisableRunPowerDown), (40 bytes).
    Removing stm32l1xx_hal_flash_ramfunc.o(i.HAL_FLASHEx_EnableRunPowerDown), (40 bytes).
    Removing stm32l1xx_hal_flash_ramfunc.o(i.HAL_FLASHEx_HalfPageProgram), (112 bytes).
    Removing stm32l1xx_hal_spi.o(.rev16_text), (4 bytes).
    Removing stm32l1xx_hal_spi.o(.revsh_text), (4 bytes).
    Removing stm32l1xx_hal_spi.o(.rrx_text), (6 bytes).
    Removing stm32l1xx_hal_spi.o(i.HAL_SPI_DMAPause), (48 bytes).
    Removing stm32l1xx_hal_spi.o(i.HAL_SPI_DMAResume), (48 bytes).
    Removing stm32l1xx_hal_spi.o(i.HAL_SPI_DMAStop), (50 bytes).
    Removing stm32l1xx_hal_spi.o(i.HAL_SPI_DeInit), (40 bytes).
    Removing stm32l1xx_hal_spi.o(i.HAL_SPI_ErrorCallback), (2 bytes).
    Removing stm32l1xx_hal_spi.o(i.HAL_SPI_GetError), (4 bytes).
    Removing stm32l1xx_hal_spi.o(i.HAL_SPI_GetState), (6 bytes).
    Removing stm32l1xx_hal_spi.o(i.HAL_SPI_IRQHandler), (196 bytes).
    Removing stm32l1xx_hal_spi.o(i.HAL_SPI_Init), (4 bytes).
    Removing stm32l1xx_hal_spi.o(i.HAL_SPI_MspDeInit), (2 bytes).
    Removing stm32l1xx_hal_spi.o(i.HAL_SPI_MspInit), (2 bytes).
    Removing stm32l1xx_hal_spi.o(i.HAL_SPI_Receive), (472 bytes).
    Removing stm32l1xx_hal_spi.o(i.HAL_SPI_Receive_DMA), (224 bytes).
    Removing stm32l1xx_hal_spi.o(i.HAL_SPI_Receive_IT), (180 bytes).
    Removing stm32l1xx_hal_spi.o(i.HAL_SPI_RxCpltCallback), (2 bytes).
    Removing stm32l1xx_hal_spi.o(i.HAL_SPI_RxHalfCpltCallback), (2 bytes).
    Removing stm32l1xx_hal_spi.o(i.HAL_SPI_Transmit), (326 bytes).
    Removing stm32l1xx_hal_spi.o(i.HAL_SPI_TransmitReceive), (690 bytes).
    Removing stm32l1xx_hal_spi.o(i.HAL_SPI_TransmitReceive_DMA), (272 bytes).
    Removing stm32l1xx_hal_spi.o(i.HAL_SPI_TransmitReceive_IT), (172 bytes).
    Removing stm32l1xx_hal_spi.o(i.HAL_SPI_Transmit_DMA), (192 bytes).
    Removing stm32l1xx_hal_spi.o(i.HAL_SPI_Transmit_IT), (164 bytes).
    Removing stm32l1xx_hal_spi.o(i.HAL_SPI_TxCpltCallback), (2 bytes).
    Removing stm32l1xx_hal_spi.o(i.HAL_SPI_TxHalfCpltCallback), (2 bytes).
    Removing stm32l1xx_hal_spi.o(i.HAL_SPI_TxRxCpltCallback), (2 bytes).
    Removing stm32l1xx_hal_spi.o(i.HAL_SPI_TxRxHalfCpltCallback), (2 bytes).
    Removing stm32l1xx_hal_spi.o(i.SPI_2LinesRxISR), (44 bytes).
    Removing stm32l1xx_hal_spi.o(i.SPI_DMAError), (30 bytes).
    Removing stm32l1xx_hal_spi.o(i.SPI_DMAHalfReceiveCplt), (10 bytes).
    Removing stm32l1xx_hal_spi.o(i.SPI_DMAHalfTransmitCplt), (10 bytes).
    Removing stm32l1xx_hal_spi.o(i.SPI_DMAHalfTransmitReceiveCplt), (10 bytes).
    Removing stm32l1xx_hal_spi.o(i.SPI_DMAReceiveCplt), (186 bytes).
    Removing stm32l1xx_hal_spi.o(i.SPI_DMATransmitCplt), (108 bytes).
    Removing stm32l1xx_hal_spi.o(i.SPI_DMATransmitReceiveCplt), (190 bytes).
    Removing stm32l1xx_hal_spi.o(i.SPI_RxCloseIRQHandler), (214 bytes).
    Removing stm32l1xx_hal_spi.o(i.SPI_RxISR), (70 bytes).
    Removing stm32l1xx_hal_spi.o(i.SPI_TxCloseIRQHandler), (130 bytes).
    Removing stm32l1xx_hal_spi.o(i.SPI_TxISR), (66 bytes).
    Removing stm32l1xx_hal_spi.o(i.SPI_WaitOnFlagUntilTimeout), (158 bytes).
    Removing stm32l1xx_hal_rtc_ex.o(.rev16_text), (4 bytes).
    Removing stm32l1xx_hal_rtc_ex.o(.revsh_text), (4 bytes).
    Removing stm32l1xx_hal_rtc_ex.o(.rrx_text), (6 bytes).
    Removing stm32l1xx_hal_gpio.o(.rev16_text), (4 bytes).
    Removing stm32l1xx_hal_gpio.o(.revsh_text), (4 bytes).
    Removing stm32l1xx_hal_gpio.o(.rrx_text), (6 bytes).
    Removing stm32l1xx_hal_gpio.o(i.HAL_GPIO_DeInit), (288 bytes).
    Removing stm32l1xx_hal_gpio.o(i.HAL_GPIO_LockPin), (34 bytes).
    Removing stm32l1xx_hal_gpio.o(i.HAL_GPIO_ReadPin), (10 bytes).
    Removing stm32l1xx_hal_gpio.o(i.HAL_GPIO_TogglePin), (8 bytes).
    Removing stm32l1xx_hal_spi_ex.o(.rev16_text), (4 bytes).
    Removing stm32l1xx_hal_spi_ex.o(.revsh_text), (4 bytes).
    Removing stm32l1xx_hal_spi_ex.o(.rrx_text), (6 bytes).
    Removing stm32l1xx_hal_pwr.o(.rev16_text), (4 bytes).
    Removing stm32l1xx_hal_pwr.o(.revsh_text), (4 bytes).
    Removing stm32l1xx_hal_pwr.o(.rrx_text), (6 bytes).
    Removing stm32l1xx_hal_pwr.o(i.HAL_PWR_ConfigPVD), (124 bytes).
    Removing stm32l1xx_hal_pwr.o(i.HAL_PWR_DeInit), (24 bytes).
    Removing stm32l1xx_hal_pwr.o(i.HAL_PWR_DisableBkUpAccess), (28 bytes).
    Removing stm32l1xx_hal_pwr.o(i.HAL_PWR_DisablePVD), (24 bytes).
    Removing stm32l1xx_hal_pwr.o(i.HAL_PWR_DisableSEVOnPend), (16 bytes).
    Removing stm32l1xx_hal_pwr.o(i.HAL_PWR_DisableSleepOnExit), (16 bytes).
    Removing stm32l1xx_hal_pwr.o(i.HAL_PWR_DisableWakeUpPin), (28 bytes).
    Removing stm32l1xx_hal_pwr.o(i.HAL_PWR_EnableBkUpAccess), (24 bytes).
    Removing stm32l1xx_hal_pwr.o(i.HAL_PWR_EnablePVD), (24 bytes).
    Removing stm32l1xx_hal_pwr.o(i.HAL_PWR_EnableSEVOnPend), (16 bytes).
    Removing stm32l1xx_hal_pwr.o(i.HAL_PWR_EnableSleepOnExit), (16 bytes).
    Removing stm32l1xx_hal_pwr.o(i.HAL_PWR_EnableWakeUpPin), (28 bytes).
    Removing stm32l1xx_hal_pwr.o(i.HAL_PWR_EnterSLEEPMode), (48 bytes).
    Removing stm32l1xx_hal_pwr.o(i.HAL_PWR_EnterSTANDBYMode), (32 bytes).
    Removing stm32l1xx_hal_pwr.o(i.HAL_PWR_EnterSTOPMode), (56 bytes).
    Removing stm32l1xx_hal_pwr.o(i.HAL_PWR_PVDCallback), (2 bytes).
    Removing stm32l1xx_hal_pwr.o(i.HAL_PWR_PVD_IRQHandler), (28 bytes).
    Removing stm32l1xx_hal_uart.o(.rev16_text), (4 bytes).
    Removing stm32l1xx_hal_uart.o(.revsh_text), (4 bytes).
    Removing stm32l1xx_hal_uart.o(.rrx_text), (6 bytes).
    Removing stm32l1xx_hal_uart.o(i.HAL_HalfDuplex_EnableReceiver), (46 bytes).
    Removing stm32l1xx_hal_uart.o(i.HAL_HalfDuplex_EnableTransmitter), (48 bytes).
    Removing stm32l1xx_hal_uart.o(i.HAL_HalfDuplex_Init), (104 bytes).
    Removing stm32l1xx_hal_uart.o(i.HAL_LIN_Init), (118 bytes).
    Removing stm32l1xx_hal_uart.o(i.HAL_LIN_SendBreak), (44 bytes).
    Removing stm32l1xx_hal_uart.o(i.HAL_MultiProcessor_EnterMuteMode), (44 bytes).
    Removing stm32l1xx_hal_uart.o(i.HAL_MultiProcessor_ExitMuteMode), (44 bytes).
    Removing stm32l1xx_hal_uart.o(i.HAL_MultiProcessor_Init), (126 bytes).
    Removing stm32l1xx_hal_uart.o(i.HAL_UART_DMAPause), (90 bytes).
    Removing stm32l1xx_hal_uart.o(i.HAL_UART_DMAResume), (104 bytes).
    Removing stm32l1xx_hal_uart.o(i.HAL_UART_DMAStop), (40 bytes).
    Removing stm32l1xx_hal_uart.o(i.HAL_UART_DeInit), (60 bytes).
    Removing stm32l1xx_hal_uart.o(i.HAL_UART_GetError), (4 bytes).
    Removing stm32l1xx_hal_uart.o(i.HAL_UART_GetState), (6 bytes).
    Removing stm32l1xx_hal_uart.o(i.HAL_UART_MspDeInit), (2 bytes).
    Removing stm32l1xx_hal_uart.o(i.HAL_UART_MspInit), (2 bytes).
    Removing stm32l1xx_hal_uart.o(i.HAL_UART_Receive), (204 bytes).
    Removing stm32l1xx_hal_uart.o(i.HAL_UART_Receive_DMA), (136 bytes).
    Removing stm32l1xx_hal_uart.o(i.HAL_UART_Receive_IT), (106 bytes).
    Removing stm32l1xx_hal_uart.o(i.HAL_UART_RxHalfCpltCallback), (2 bytes).
    Removing stm32l1xx_hal_uart.o(i.HAL_UART_Transmit), (204 bytes).
    Removing stm32l1xx_hal_uart.o(i.HAL_UART_Transmit_DMA), (144 bytes).
    Removing stm32l1xx_hal_uart.o(i.HAL_UART_Transmit_IT), (86 bytes).
    Removing stm32l1xx_hal_uart.o(i.HAL_UART_TxHalfCpltCallback), (2 bytes).
    Removing stm32l1xx_hal_uart.o(i.UART_DMAError), (30 bytes).
    Removing stm32l1xx_hal_uart.o(i.UART_DMAReceiveCplt), (54 bytes).
    Removing stm32l1xx_hal_uart.o(i.UART_DMARxHalfCplt), (10 bytes).
    Removing stm32l1xx_hal_uart.o(i.UART_DMATransmitCplt), (46 bytes).
    Removing stm32l1xx_hal_uart.o(i.UART_DMATxHalfCplt), (10 bytes).
    Removing stm32l1xx_hal_uart.o(i.UART_WaitOnFlagUntilTimeout), (146 bytes).
    Removing stm32l1xx_hal_cortex.o(.rev16_text), (4 bytes).
    Removing stm32l1xx_hal_cortex.o(.revsh_text), (4 bytes).
    Removing stm32l1xx_hal_cortex.o(.rrx_text), (6 bytes).
    Removing stm32l1xx_hal_cortex.o(i.HAL_MPU_ConfigRegion), (84 bytes).
    Removing stm32l1xx_hal_cortex.o(i.HAL_NVIC_ClearPendingIRQ), (22 bytes).
    Removing stm32l1xx_hal_cortex.o(i.HAL_NVIC_DisableIRQ), (22 bytes).
    Removing stm32l1xx_hal_cortex.o(i.HAL_NVIC_GetActive), (32 bytes).
    Removing stm32l1xx_hal_cortex.o(i.HAL_NVIC_GetPendingIRQ), (32 bytes).
    Removing stm32l1xx_hal_cortex.o(i.HAL_NVIC_GetPriority), (82 bytes).
    Removing stm32l1xx_hal_cortex.o(i.HAL_NVIC_GetPriorityGrouping), (16 bytes).
    Removing stm32l1xx_hal_cortex.o(i.HAL_NVIC_SetPendingIRQ), (22 bytes).
    Removing stm32l1xx_hal_cortex.o(i.HAL_NVIC_SystemReset), (36 bytes).
    Removing stm32l1xx_hal_pwr_ex.o(.rev16_text), (4 bytes).
    Removing stm32l1xx_hal_pwr_ex.o(.revsh_text), (4 bytes).
    Removing stm32l1xx_hal_pwr_ex.o(.rrx_text), (6 bytes).
    Removing stm32l1xx_hal_pwr_ex.o(i.HAL_PWREx_DisableFastWakeUp), (28 bytes).
    Removing stm32l1xx_hal_pwr_ex.o(i.HAL_PWREx_DisableLowPowerRunMode), (40 bytes).
    Removing stm32l1xx_hal_pwr_ex.o(i.HAL_PWREx_DisableUltraLowPower), (28 bytes).
    Removing stm32l1xx_hal_pwr_ex.o(i.HAL_PWREx_EnableFastWakeUp), (24 bytes).
    Removing stm32l1xx_hal_pwr_ex.o(i.HAL_PWREx_EnableLowPowerRunMode), (36 bytes).
    Removing stm32l1xx_hal_pwr_ex.o(i.HAL_PWREx_EnableUltraLowPower), (24 bytes).
    Removing stm32l1xx_hal_rcc_ex.o(.rev16_text), (4 bytes).
    Removing stm32l1xx_hal_rcc_ex.o(.revsh_text), (4 bytes).
    Removing stm32l1xx_hal_rcc_ex.o(.rrx_text), (6 bytes).
    Removing stm32l1xx_hal_rcc_ex.o(i.HAL_RCCEx_GetPeriphCLKConfig), (44 bytes).
    Removing stm32l1xx_hal_rcc_ex.o(i.HAL_RCCEx_GetPeriphCLKFreq), (124 bytes).
    Removing stm32l1xx_hal_rcc_ex.o(i.HAL_RCCEx_PeriphCLKConfig), (292 bytes).
    Removing stm32l1xx_hal_i2c.o(.rev16_text), (4 bytes).
    Removing stm32l1xx_hal_i2c.o(.revsh_text), (4 bytes).
    Removing stm32l1xx_hal_i2c.o(.rrx_text), (6 bytes).
    Removing stm32l1xx_hal_i2c.o(i.HAL_I2C_DeInit), (46 bytes).
    Removing stm32l1xx_hal_i2c.o(i.HAL_I2C_ER_IRQHandler), (228 bytes).
    Removing stm32l1xx_hal_i2c.o(i.HAL_I2C_EV_IRQHandler), (420 bytes).
    Removing stm32l1xx_hal_i2c.o(i.HAL_I2C_ErrorCallback), (2 bytes).
    Removing stm32l1xx_hal_i2c.o(i.HAL_I2C_GetError), (4 bytes).
    Removing stm32l1xx_hal_i2c.o(i.HAL_I2C_GetState), (6 bytes).
    Removing stm32l1xx_hal_i2c.o(i.HAL_I2C_IsDeviceReady), (310 bytes).
    Removing stm32l1xx_hal_i2c.o(i.HAL_I2C_MasterRxCpltCallback), (2 bytes).
    Removing stm32l1xx_hal_i2c.o(i.HAL_I2C_MasterTxCpltCallback), (2 bytes).
    Removing stm32l1xx_hal_i2c.o(i.HAL_I2C_Master_Receive), (448 bytes).
    Removing stm32l1xx_hal_i2c.o(i.HAL_I2C_Master_Receive_DMA), (208 bytes).
    Removing stm32l1xx_hal_i2c.o(i.HAL_I2C_Master_Receive_IT), (216 bytes).
    Removing stm32l1xx_hal_i2c.o(i.HAL_I2C_Master_Transmit), (232 bytes).
    Removing stm32l1xx_hal_i2c.o(i.HAL_I2C_Master_Transmit_DMA), (184 bytes).
    Removing stm32l1xx_hal_i2c.o(i.HAL_I2C_Master_Transmit_IT), (146 bytes).
    Removing stm32l1xx_hal_i2c.o(i.HAL_I2C_MemRxCpltCallback), (2 bytes).
    Removing stm32l1xx_hal_i2c.o(i.HAL_I2C_MemTxCpltCallback), (2 bytes).
    Removing stm32l1xx_hal_i2c.o(i.HAL_I2C_Mem_Read), (448 bytes).
    Removing stm32l1xx_hal_i2c.o(i.HAL_I2C_Mem_Read_DMA), (216 bytes).
    Removing stm32l1xx_hal_i2c.o(i.HAL_I2C_Mem_Read_IT), (226 bytes).
    Removing stm32l1xx_hal_i2c.o(i.HAL_I2C_Mem_Write), (236 bytes).
    Removing stm32l1xx_hal_i2c.o(i.HAL_I2C_Mem_Write_DMA), (184 bytes).
    Removing stm32l1xx_hal_i2c.o(i.HAL_I2C_Mem_Write_IT), (150 bytes).
    Removing stm32l1xx_hal_i2c.o(i.HAL_I2C_MspDeInit), (2 bytes).
    Removing stm32l1xx_hal_i2c.o(i.HAL_I2C_MspInit), (2 bytes).
    Removing stm32l1xx_hal_i2c.o(i.HAL_I2C_SlaveRxCpltCallback), (2 bytes).
    Removing stm32l1xx_hal_i2c.o(i.HAL_I2C_SlaveTxCpltCallback), (2 bytes).
    Removing stm32l1xx_hal_i2c.o(i.HAL_I2C_Slave_Receive), (232 bytes).
    Removing stm32l1xx_hal_i2c.o(i.HAL_I2C_Slave_Receive_DMA), (172 bytes).
    Removing stm32l1xx_hal_i2c.o(i.HAL_I2C_Slave_Receive_IT), (98 bytes).
    Removing stm32l1xx_hal_i2c.o(i.HAL_I2C_Slave_Transmit), (264 bytes).
    Removing stm32l1xx_hal_i2c.o(i.HAL_I2C_Slave_Transmit_DMA), (208 bytes).
    Removing stm32l1xx_hal_i2c.o(i.HAL_I2C_Slave_Transmit_IT), (98 bytes).
    Removing stm32l1xx_hal_i2c.o(i.I2C_DMAError), (38 bytes).
    Removing stm32l1xx_hal_i2c.o(i.I2C_DMAMasterReceiveCplt), (70 bytes).
    Removing stm32l1xx_hal_i2c.o(i.I2C_DMAMasterTransmitCplt), (80 bytes).
    Removing stm32l1xx_hal_i2c.o(i.I2C_DMAMemReceiveCplt), (70 bytes).
    Removing stm32l1xx_hal_i2c.o(i.I2C_DMAMemTransmitCplt), (80 bytes).
    Removing stm32l1xx_hal_i2c.o(i.I2C_DMASlaveReceiveCplt), (96 bytes).
    Removing stm32l1xx_hal_i2c.o(i.I2C_DMASlaveTransmitCplt), (86 bytes).
    Removing stm32l1xx_hal_i2c.o(i.I2C_MasterReceive_BTF), (128 bytes).
    Removing stm32l1xx_hal_i2c.o(i.I2C_MasterReceive_RXNE), (100 bytes).
    Removing stm32l1xx_hal_i2c.o(i.I2C_MasterRequestRead), (186 bytes).
    Removing stm32l1xx_hal_i2c.o(i.I2C_MasterRequestWrite), (116 bytes).
    Removing stm32l1xx_hal_i2c.o(i.I2C_RequestMemoryRead), (224 bytes).
    Removing stm32l1xx_hal_i2c.o(i.I2C_RequestMemoryWrite), (144 bytes).
    Removing stm32l1xx_hal_i2c.o(i.I2C_WaitOnFlagUntilTimeout), (138 bytes).
    Removing stm32l1xx_hal_i2c.o(i.I2C_WaitOnMasterAddressFlagUntilTimeout), (136 bytes).
    Removing stm32l1xx_hal.o(.rev16_text), (4 bytes).
    Removing stm32l1xx_hal.o(.revsh_text), (4 bytes).
    Removing stm32l1xx_hal.o(.rrx_text), (6 bytes).
    Removing stm32l1xx_hal.o(i.HAL_DBGMCU_DisableDBGSleepMode), (16 bytes).
    Removing stm32l1xx_hal.o(i.HAL_DBGMCU_DisableDBGStandbyMode), (16 bytes).
    Removing stm32l1xx_hal.o(i.HAL_DBGMCU_DisableDBGStopMode), (16 bytes).
    Removing stm32l1xx_hal.o(i.HAL_DBGMCU_EnableDBGSleepMode), (16 bytes).
    Removing stm32l1xx_hal.o(i.HAL_DBGMCU_EnableDBGStandbyMode), (16 bytes).
    Removing stm32l1xx_hal.o(i.HAL_DBGMCU_EnableDBGStopMode), (16 bytes).
    Removing stm32l1xx_hal.o(i.HAL_DeInit), (40 bytes).
    Removing stm32l1xx_hal.o(i.HAL_Delay), (22 bytes).
    Removing stm32l1xx_hal.o(i.HAL_GetDEVID), (16 bytes).
    Removing stm32l1xx_hal.o(i.HAL_GetHalVersion), (8 bytes).
    Removing stm32l1xx_hal.o(i.HAL_GetREVID), (12 bytes).
    Removing stm32l1xx_hal.o(i.HAL_MspDeInit), (2 bytes).
    Removing stm32l1xx_hal.o(i.HAL_MspInit), (2 bytes).
    Removing stm32l1xx_hal.o(i.HAL_ResumeTick), (14 bytes).
    Removing stm32l1xx_hal.o(i.HAL_SuspendTick), (14 bytes).
    Removing stm32l1xx_hal_rtc.o(.rev16_text), (4 bytes).
    Removing stm32l1xx_hal_rtc.o(.revsh_text), (4 bytes).
    Removing stm32l1xx_hal_rtc.o(.rrx_text), (6 bytes).
    Removing stm32l1xx_hal_flash.o(.rev16_text), (4 bytes).
    Removing stm32l1xx_hal_flash.o(.revsh_text), (4 bytes).
    Removing stm32l1xx_hal_flash.o(.rrx_text), (6 bytes).
    Removing stm32l1xx_hal_flash.o(i.FLASH_SetErrorCode), (68 bytes).
    Removing stm32l1xx_hal_flash.o(i.FLASH_WaitForLastOperation), (84 bytes).
    Removing stm32l1xx_hal_flash.o(i.HAL_FLASH_EndOfOperationCallback), (2 bytes).
    Removing stm32l1xx_hal_flash.o(i.HAL_FLASH_GetError), (12 bytes).
    Removing stm32l1xx_hal_flash.o(i.HAL_FLASH_IRQHandler), (212 bytes).
    Removing stm32l1xx_hal_flash.o(i.HAL_FLASH_Lock), (20 bytes).
    Removing stm32l1xx_hal_flash.o(i.HAL_FLASH_OB_Launch), (24 bytes).
    Removing stm32l1xx_hal_flash.o(i.HAL_FLASH_OB_Lock), (20 bytes).
    Removing stm32l1xx_hal_flash.o(i.HAL_FLASH_OB_Unlock), (68 bytes).
    Removing stm32l1xx_hal_flash.o(i.HAL_FLASH_OperationErrorCallback), (2 bytes).
    Removing stm32l1xx_hal_flash.o(i.HAL_FLASH_Program), (60 bytes).
    Removing stm32l1xx_hal_flash.o(i.HAL_FLASH_Program_IT), (60 bytes).
    Removing stm32l1xx_hal_flash.o(i.HAL_FLASH_Unlock), (68 bytes).
    Removing stm32l1xx_hal_flash.o(.bss), (24 bytes).
    Removing stm32l1xx_hal_tim_ex.o(.rev16_text), (4 bytes).
    Removing stm32l1xx_hal_tim_ex.o(.revsh_text), (4 bytes).
    Removing stm32l1xx_hal_tim_ex.o(.rrx_text), (6 bytes).
    Removing stm32l1xx_hal_flash_ex.o(.rev16_text), (4 bytes).
    Removing stm32l1xx_hal_flash_ex.o(.revsh_text), (4 bytes).
    Removing stm32l1xx_hal_flash_ex.o(.rrx_text), (6 bytes).
    Removing stm32l1xx_hal_flash_ex.o(i.FLASH_DATAEEPROM_FastProgramHalfWord), (120 bytes).
    Removing stm32l1xx_hal_flash_ex.o(i.FLASH_DATAEEPROM_ProgramHalfWord), (106 bytes).
    Removing stm32l1xx_hal_flash_ex.o(i.FLASH_OB_WRPConfig), (96 bytes).
    Removing stm32l1xx_hal_flash_ex.o(i.FLASH_PageErase), (40 bytes).
    Removing stm32l1xx_hal_flash_ex.o(i.HAL_FLASHEx_DATAEEPROM_DisableFixedTimeProgram), (16 bytes).
    Removing stm32l1xx_hal_flash_ex.o(i.HAL_FLASHEx_DATAEEPROM_EnableFixedTimeProgram), (16 bytes).
    Removing stm32l1xx_hal_flash_ex.o(i.HAL_FLASHEx_DATAEEPROM_Erase), (52 bytes).
    Removing stm32l1xx_hal_flash_ex.o(i.HAL_FLASHEx_DATAEEPROM_Lock), (20 bytes).
    Removing stm32l1xx_hal_flash_ex.o(i.HAL_FLASHEx_DATAEEPROM_Program), (256 bytes).
    Removing stm32l1xx_hal_flash_ex.o(i.HAL_FLASHEx_DATAEEPROM_Unlock), (40 bytes).
    Removing stm32l1xx_hal_flash_ex.o(i.HAL_FLASHEx_Erase), (128 bytes).
    Removing stm32l1xx_hal_flash_ex.o(i.HAL_FLASHEx_Erase_IT), (68 bytes).
    Removing stm32l1xx_hal_flash_ex.o(i.HAL_FLASHEx_OBGetConfig), (68 bytes).
    Removing stm32l1xx_hal_flash_ex.o(i.HAL_FLASHEx_OBProgram), (268 bytes).
    Removing stm32l1xx_hal_dma.o(.rev16_text), (4 bytes).
    Removing stm32l1xx_hal_dma.o(.revsh_text), (4 bytes).
    Removing stm32l1xx_hal_dma.o(.rrx_text), (6 bytes).
    Removing stm32l1xx_hal_dma.o(i.DMA_SetConfig), (30 bytes).
    Removing stm32l1xx_hal_dma.o(i.HAL_DMA_Abort), (86 bytes).
    Removing stm32l1xx_hal_dma.o(i.HAL_DMA_DeInit), (296 bytes).
    Removing stm32l1xx_hal_dma.o(i.HAL_DMA_GetError), (4 bytes).
    Removing stm32l1xx_hal_dma.o(i.HAL_DMA_GetState), (6 bytes).
    Removing stm32l1xx_hal_dma.o(i.HAL_DMA_IRQHandler), (620 bytes).
    Removing stm32l1xx_hal_dma.o(i.HAL_DMA_Init), (80 bytes).
    Removing stm32l1xx_hal_dma.o(i.HAL_DMA_PollForTransfer), (572 bytes).
    Removing stm32l1xx_hal_dma.o(i.HAL_DMA_Start), (58 bytes).
    Removing stm32l1xx_hal_dma.o(i.HAL_DMA_Start_IT), (88 bytes).
    Removing stm32l1xx_hal_rcc.o(.rev16_text), (4 bytes).
    Removing stm32l1xx_hal_rcc.o(.revsh_text), (4 bytes).
    Removing stm32l1xx_hal_rcc.o(.rrx_text), (6 bytes).
    Removing stm32l1xx_hal_rcc.o(i.HAL_RCC_CSSCallback), (2 bytes).
    Removing stm32l1xx_hal_rcc.o(i.HAL_RCC_DeInit), (96 bytes).
    Removing stm32l1xx_hal_rcc.o(i.HAL_RCC_DisableCSS), (28 bytes).
    Removing stm32l1xx_hal_rcc.o(i.HAL_RCC_EnableCSS), (24 bytes).
    Removing stm32l1xx_hal_rcc.o(i.HAL_RCC_GetClockConfig), (64 bytes).
    Removing stm32l1xx_hal_rcc.o(i.HAL_RCC_GetOscConfig), (208 bytes).
    Removing stm32l1xx_hal_rcc.o(i.HAL_RCC_MCOConfig), (92 bytes).
    Removing stm32l1xx_hal_rcc.o(i.HAL_RCC_NMI_IRQHandler), (28 bytes).
    Removing stm32l1xx_hal_tim.o(.rev16_text), (4 bytes).
    Removing stm32l1xx_hal_tim.o(.revsh_text), (4 bytes).
    Removing stm32l1xx_hal_tim.o(.rrx_text), (6 bytes).
    Removing system_stm32l1xx.o(.rev16_text), (4 bytes).
    Removing system_stm32l1xx.o(.revsh_text), (4 bytes).
    Removing system_stm32l1xx.o(.rrx_text), (6 bytes).
    Removing system_stm32l1xx.o(i.SystemCoreClockUpdate), (144 bytes).
    Removing system_stm32l1xx.o(.constdata), (25 bytes).
    Removing main.o(.rev16_text), (4 bytes).
    Removing main.o(.revsh_text), (4 bytes).
    Removing main.o(.rrx_text), (6 bytes).
    Removing stm32l1xx_hal_msp.o(.rev16_text), (4 bytes).
    Removing stm32l1xx_hal_msp.o(.revsh_text), (4 bytes).
    Removing stm32l1xx_hal_msp.o(.rrx_text), (6 bytes).
    Removing stm32l1xx_it.o(.rev16_text), (4 bytes).
    Removing stm32l1xx_it.o(.revsh_text), (4 bytes).
    Removing stm32l1xx_it.o(.rrx_text), (6 bytes).
    Removing i2c.o(.rev16_text), (4 bytes).
    Removing i2c.o(.revsh_text), (4 bytes).
    Removing i2c.o(.rrx_text), (6 bytes).
    Removing i2c.o(i.HAL_I2C_MspDeInit), (40 bytes).
    Removing spi.o(.rev16_text), (4 bytes).
    Removing spi.o(.revsh_text), (4 bytes).
    Removing spi.o(.rrx_text), (6 bytes).
    Removing spi.o(i.HAL_SPI_MspDeInit), (40 bytes).
    Removing gpio.o(.rev16_text), (4 bytes).
    Removing gpio.o(.revsh_text), (4 bytes).
    Removing gpio.o(.rrx_text), (6 bytes).
    Removing usart.o(.rev16_text), (4 bytes).
    Removing usart.o(.revsh_text), (4 bytes).
    Removing usart.o(.rrx_text), (6 bytes).
    Removing usart.o(i.HAL_UART_MspDeInit), (56 bytes).
    Removing startup_stm32l151xb.o(HEAP), (1024 bytes).

310 unused section(s) (total 21739 bytes) removed from the image.

==============================================================================

Image Symbol Table

    Local Symbols

    Symbol Name                              Value     Ov Type        Size  Object(Section)

    ../Drivers/CMSIS/Device/ST/STM32L1xx/Source/Templates/system_stm32l1xx.c 0x00000000   Number         0  system_stm32l1xx.o ABSOLUTE
    ../Drivers/STM32L1xx_HAL_Driver/Src/stm32l1xx_hal.c 0x00000000   Number         0  stm32l1xx_hal.o ABSOLUTE
    ../Drivers/STM32L1xx_HAL_Driver/Src/stm32l1xx_hal_cortex.c 0x00000000   Number         0  stm32l1xx_hal_cortex.o ABSOLUTE
    ../Drivers/STM32L1xx_HAL_Driver/Src/stm32l1xx_hal_dma.c 0x00000000   Number         0  stm32l1xx_hal_dma.o ABSOLUTE
    ../Drivers/STM32L1xx_HAL_Driver/Src/stm32l1xx_hal_flash.c 0x00000000   Number         0  stm32l1xx_hal_flash.o ABSOLUTE
    ../Drivers/STM32L1xx_HAL_Driver/Src/stm32l1xx_hal_flash_ex.c 0x00000000   Number         0  stm32l1xx_hal_flash_ex.o ABSOLUTE
    ../Drivers/STM32L1xx_HAL_Driver/Src/stm32l1xx_hal_flash_ramfunc.c 0x00000000   Number         0  stm32l1xx_hal_flash_ramfunc.o ABSOLUTE
    ../Drivers/STM32L1xx_HAL_Driver/Src/stm32l1xx_hal_gpio.c 0x00000000   Number         0  stm32l1xx_hal_gpio.o ABSOLUTE
    ../Drivers/STM32L1xx_HAL_Driver/Src/stm32l1xx_hal_i2c.c 0x00000000   Number         0  stm32l1xx_hal_i2c.o ABSOLUTE
    ../Drivers/STM32L1xx_HAL_Driver/Src/stm32l1xx_hal_pwr.c 0x00000000   Number         0  stm32l1xx_hal_pwr.o ABSOLUTE
    ../Drivers/STM32L1xx_HAL_Driver/Src/stm32l1xx_hal_pwr_ex.c 0x00000000   Number         0  stm32l1xx_hal_pwr_ex.o ABSOLUTE
    ../Drivers/STM32L1xx_HAL_Driver/Src/stm32l1xx_hal_rcc.c 0x00000000   Number         0  stm32l1xx_hal_rcc.o ABSOLUTE
    ../Drivers/STM32L1xx_HAL_Driver/Src/stm32l1xx_hal_rcc_ex.c 0x00000000   Number         0  stm32l1xx_hal_rcc_ex.o ABSOLUTE
    ../Drivers/STM32L1xx_HAL_Driver/Src/stm32l1xx_hal_rtc.c 0x00000000   Number         0  stm32l1xx_hal_rtc.o ABSOLUTE
    ../Drivers/STM32L1xx_HAL_Driver/Src/stm32l1xx_hal_rtc_ex.c 0x00000000   Number         0  stm32l1xx_hal_rtc_ex.o ABSOLUTE
    ../Drivers/STM32L1xx_HAL_Driver/Src/stm32l1xx_hal_spi.c 0x00000000   Number         0  stm32l1xx_hal_spi.o ABSOLUTE
    ../Drivers/STM32L1xx_HAL_Driver/Src/stm32l1xx_hal_spi_ex.c 0x00000000   Number         0  stm32l1xx_hal_spi_ex.o ABSOLUTE
    ../Drivers/STM32L1xx_HAL_Driver/Src/stm32l1xx_hal_tim.c 0x00000000   Number         0  stm32l1xx_hal_tim.o ABSOLUTE
    ../Drivers/STM32L1xx_HAL_Driver/Src/stm32l1xx_hal_tim_ex.c 0x00000000   Number         0  stm32l1xx_hal_tim_ex.o ABSOLUTE
    ../Drivers/STM32L1xx_HAL_Driver/Src/stm32l1xx_hal_uart.c 0x00000000   Number         0  stm32l1xx_hal_uart.o ABSOLUTE
    ../Src/gpio.c                            0x00000000   Number         0  gpio.o ABSOLUTE
    ../Src/i2c.c                             0x00000000   Number         0  i2c.o ABSOLUTE
    ../Src/main.c                            0x00000000   Number         0  main.o ABSOLUTE
    ../Src/spi.c                             0x00000000   Number         0  spi.o ABSOLUTE
    ../Src/stm32l1xx_hal_msp.c               0x00000000   Number         0  stm32l1xx_hal_msp.o ABSOLUTE
    ../Src/stm32l1xx_it.c                    0x00000000   Number         0  stm32l1xx_it.o ABSOLUTE
    ../Src/usart.c                           0x00000000   Number         0  usart.o ABSOLUTE
    ../clib/microlib/init/entry.s            0x00000000   Number         0  entry8a.o ABSOLUTE
    ../clib/microlib/init/entry.s            0x00000000   Number         0  entry2.o ABSOLUTE
    ../clib/microlib/init/entry.s            0x00000000   Number         0  entry5.o ABSOLUTE
    ../clib/microlib/init/entry.s            0x00000000   Number         0  entry11b.o ABSOLUTE
    ../clib/microlib/init/entry.s            0x00000000   Number         0  entry7a.o ABSOLUTE
    ../clib/microlib/init/entry.s            0x00000000   Number         0  entry11a.o ABSOLUTE
    ../clib/microlib/init/entry.s            0x00000000   Number         0  entry7b.o ABSOLUTE
    ../clib/microlib/init/entry.s            0x00000000   Number         0  entry10b.o ABSOLUTE
    ../clib/microlib/init/entry.s            0x00000000   Number         0  entry10a.o ABSOLUTE
    ../clib/microlib/init/entry.s            0x00000000   Number         0  entry9b.o ABSOLUTE
    ../clib/microlib/init/entry.s            0x00000000   Number         0  entry9a.o ABSOLUTE
    ../clib/microlib/init/entry.s            0x00000000   Number         0  entry8b.o ABSOLUTE
    ../clib/microlib/init/entry.s            0x00000000   Number         0  entry.o ABSOLUTE
    ../clib/microlib/string/memset.c         0x00000000   Number         0  memseta.o ABSOLUTE
    ..\Drivers\CMSIS\Device\ST\STM32L1xx\Source\Templates\system_stm32l1xx.c 0x00000000   Number         0  system_stm32l1xx.o ABSOLUTE
    ..\Drivers\STM32L1xx_HAL_Driver\Src\stm32l1xx_hal.c 0x00000000   Number         0  stm32l1xx_hal.o ABSOLUTE
    ..\Drivers\STM32L1xx_HAL_Driver\Src\stm32l1xx_hal_cortex.c 0x00000000   Number         0  stm32l1xx_hal_cortex.o ABSOLUTE
    ..\Drivers\STM32L1xx_HAL_Driver\Src\stm32l1xx_hal_dma.c 0x00000000   Number         0  stm32l1xx_hal_dma.o ABSOLUTE
    ..\Drivers\STM32L1xx_HAL_Driver\Src\stm32l1xx_hal_flash.c 0x00000000   Number         0  stm32l1xx_hal_flash.o ABSOLUTE
    ..\Drivers\STM32L1xx_HAL_Driver\Src\stm32l1xx_hal_flash_ex.c 0x00000000   Number         0  stm32l1xx_hal_flash_ex.o ABSOLUTE
    ..\Drivers\STM32L1xx_HAL_Driver\Src\stm32l1xx_hal_flash_ramfunc.c 0x00000000   Number         0  stm32l1xx_hal_flash_ramfunc.o ABSOLUTE
    ..\Drivers\STM32L1xx_HAL_Driver\Src\stm32l1xx_hal_gpio.c 0x00000000   Number         0  stm32l1xx_hal_gpio.o ABSOLUTE
    ..\Drivers\STM32L1xx_HAL_Driver\Src\stm32l1xx_hal_i2c.c 0x00000000   Number         0  stm32l1xx_hal_i2c.o ABSOLUTE
    ..\Drivers\STM32L1xx_HAL_Driver\Src\stm32l1xx_hal_pwr.c 0x00000000   Number         0  stm32l1xx_hal_pwr.o ABSOLUTE
    ..\Drivers\STM32L1xx_HAL_Driver\Src\stm32l1xx_hal_pwr_ex.c 0x00000000   Number         0  stm32l1xx_hal_pwr_ex.o ABSOLUTE
    ..\Drivers\STM32L1xx_HAL_Driver\Src\stm32l1xx_hal_rcc.c 0x00000000   Number         0  stm32l1xx_hal_rcc.o ABSOLUTE
    ..\Drivers\STM32L1xx_HAL_Driver\Src\stm32l1xx_hal_rcc_ex.c 0x00000000   Number         0  stm32l1xx_hal_rcc_ex.o ABSOLUTE
    ..\Drivers\STM32L1xx_HAL_Driver\Src\stm32l1xx_hal_rtc.c 0x00000000   Number         0  stm32l1xx_hal_rtc.o ABSOLUTE
    ..\Drivers\STM32L1xx_HAL_Driver\Src\stm32l1xx_hal_rtc_ex.c 0x00000000   Number         0  stm32l1xx_hal_rtc_ex.o ABSOLUTE
    ..\Drivers\STM32L1xx_HAL_Driver\Src\stm32l1xx_hal_spi.c 0x00000000   Number         0  stm32l1xx_hal_spi.o ABSOLUTE
    ..\Drivers\STM32L1xx_HAL_Driver\Src\stm32l1xx_hal_spi_ex.c 0x00000000   Number         0  stm32l1xx_hal_spi_ex.o ABSOLUTE
    ..\Drivers\STM32L1xx_HAL_Driver\Src\stm32l1xx_hal_tim.c 0x00000000   Number         0  stm32l1xx_hal_tim.o ABSOLUTE
    ..\Drivers\STM32L1xx_HAL_Driver\Src\stm32l1xx_hal_tim_ex.c 0x00000000   Number         0  stm32l1xx_hal_tim_ex.o ABSOLUTE
    ..\Drivers\STM32L1xx_HAL_Driver\Src\stm32l1xx_hal_uart.c 0x00000000   Number         0  stm32l1xx_hal_uart.o ABSOLUTE
    ..\Src\gpio.c                            0x00000000   Number         0  gpio.o ABSOLUTE
    ..\Src\i2c.c                             0x00000000   Number         0  i2c.o ABSOLUTE
    ..\Src\main.c                            0x00000000   Number         0  main.o ABSOLUTE
    ..\Src\spi.c                             0x00000000   Number         0  spi.o ABSOLUTE
    ..\Src\stm32l1xx_hal_msp.c               0x00000000   Number         0  stm32l1xx_hal_msp.o ABSOLUTE
    ..\Src\stm32l1xx_it.c                    0x00000000   Number         0  stm32l1xx_it.o ABSOLUTE
    ..\Src\usart.c                           0x00000000   Number         0  usart.o ABSOLUTE
    dc.s                                     0x00000000   Number         0  dc.o ABSOLUTE
    handlers.s                               0x00000000   Number         0  handlers.o ABSOLUTE
    init.s                                   0x00000000   Number         0  init.o ABSOLUTE
    startup_stm32l151xb.s                    0x00000000   Number         0  startup_stm32l151xb.o ABSOLUTE
    RESET                                    0x08000000   Section      244  startup_stm32l151xb.o(RESET)
    .ARM.Collect$$$$00000000                 0x080000f4   Section        0  entry.o(.ARM.Collect$$$$00000000)
    .ARM.Collect$$$$00000001                 0x080000f4   Section        4  entry2.o(.ARM.Collect$$$$00000001)
    .ARM.Collect$$$$00000004                 0x080000f8   Section        4  entry5.o(.ARM.Collect$$$$00000004)
    .ARM.Collect$$$$00000008                 0x080000fc   Section        0  entry7b.o(.ARM.Collect$$$$00000008)
    .ARM.Collect$$$$0000000A                 0x080000fc   Section        0  entry8b.o(.ARM.Collect$$$$0000000A)
    .ARM.Collect$$$$0000000B                 0x080000fc   Section        8  entry9a.o(.ARM.Collect$$$$0000000B)
    .ARM.Collect$$$$0000000D                 0x08000104   Section        0  entry10a.o(.ARM.Collect$$$$0000000D)
    .ARM.Collect$$$$0000000F                 0x08000104   Section        0  entry11a.o(.ARM.Collect$$$$0000000F)
    .ARM.Collect$$$$00002712                 0x08000104   Section        4  entry2.o(.ARM.Collect$$$$00002712)
    __lit__00000000                          0x08000104   Data           4  entry2.o(.ARM.Collect$$$$00002712)
    .text                                    0x08000108   Section       36  startup_stm32l151xb.o(.text)
    .text                                    0x0800012c   Section       36  init.o(.text)
    i.EXTI0_IRQHandler                       0x08000150   Section        0  stm32l1xx_it.o(i.EXTI0_IRQHandler)
    i.HAL_GPIO_EXTI_Callback                 0x08000156   Section        0  stm32l1xx_hal_gpio.o(i.HAL_GPIO_EXTI_Callback)
    i.HAL_GPIO_EXTI_IRQHandler               0x08000158   Section        0  stm32l1xx_hal_gpio.o(i.HAL_GPIO_EXTI_IRQHandler)
    i.HAL_GPIO_Init                          0x08000170   Section        0  stm32l1xx_hal_gpio.o(i.HAL_GPIO_Init)
    i.HAL_GPIO_WritePin                      0x080002fc   Section        0  stm32l1xx_hal_gpio.o(i.HAL_GPIO_WritePin)
    i.HAL_GetTick                            0x08000308   Section        0  stm32l1xx_hal.o(i.HAL_GetTick)
    i.HAL_I2C_Init                           0x08000314   Section        0  stm32l1xx_hal_i2c.o(i.HAL_I2C_Init)
    i.HAL_I2C_MspInit                        0x08000454   Section        0  i2c.o(i.HAL_I2C_MspInit)
    i.HAL_IncTick                            0x080004a0   Section        0  stm32l1xx_hal.o(i.HAL_IncTick)
    i.HAL_Init                               0x080004b0   Section        0  stm32l1xx_hal.o(i.HAL_Init)
    i.HAL_InitTick                           0x080004c6   Section        0  stm32l1xx_hal.o(i.HAL_InitTick)
    i.HAL_MspInit                            0x080004e8   Section        0  stm32l1xx_hal_msp.o(i.HAL_MspInit)
    i.HAL_NVIC_EnableIRQ                     0x08000528   Section        0  stm32l1xx_hal_cortex.o(i.HAL_NVIC_EnableIRQ)
    i.HAL_NVIC_SetPriority                   0x08000540   Section        0  stm32l1xx_hal_cortex.o(i.HAL_NVIC_SetPriority)
    i.HAL_NVIC_SetPriorityGrouping           0x08000580   Section        0  stm32l1xx_hal_cortex.o(i.HAL_NVIC_SetPriorityGrouping)
    i.HAL_PWREx_GetVoltageRange              0x080005a4   Section        0  stm32l1xx_hal_pwr_ex.o(i.HAL_PWREx_GetVoltageRange)
    i.HAL_RCC_ClockConfig                    0x080005b4   Section        0  stm32l1xx_hal_rcc.o(i.HAL_RCC_ClockConfig)
    i.HAL_RCC_GetHCLKFreq                    0x080008d0   Section        0  stm32l1xx_hal_rcc.o(i.HAL_RCC_GetHCLKFreq)
    i.HAL_RCC_GetPCLK1Freq                   0x08000904   Section        0  stm32l1xx_hal_rcc.o(i.HAL_RCC_GetPCLK1Freq)
    i.HAL_RCC_GetPCLK2Freq                   0x08000930   Section        0  stm32l1xx_hal_rcc.o(i.HAL_RCC_GetPCLK2Freq)
    i.HAL_RCC_GetSysClockFreq                0x0800095c   Section        0  stm32l1xx_hal_rcc.o(i.HAL_RCC_GetSysClockFreq)
    i.HAL_RCC_OscConfig                      0x080009ec   Section        0  stm32l1xx_hal_rcc.o(i.HAL_RCC_OscConfig)
    i.HAL_SPI_Init                           0x08001180   Section        0  stm32l1xx_hal_spi_ex.o(i.HAL_SPI_Init)
    i.HAL_SPI_MspInit                        0x080011fc   Section        0  spi.o(i.HAL_SPI_MspInit)
    i.HAL_SYSTICK_CLKSourceConfig            0x08001248   Section        0  stm32l1xx_hal_cortex.o(i.HAL_SYSTICK_CLKSourceConfig)
    i.HAL_SYSTICK_Callback                   0x08001260   Section        0  stm32l1xx_hal_cortex.o(i.HAL_SYSTICK_Callback)
    i.HAL_SYSTICK_Config                     0x08001262   Section        0  stm32l1xx_hal_cortex.o(i.HAL_SYSTICK_Config)
    i.HAL_SYSTICK_IRQHandler                 0x0800128a   Section        0  stm32l1xx_hal_cortex.o(i.HAL_SYSTICK_IRQHandler)
    i.HAL_UART_ErrorCallback                 0x08001292   Section        0  stm32l1xx_hal_uart.o(i.HAL_UART_ErrorCallback)
    i.HAL_UART_IRQHandler                    0x08001294   Section        0  stm32l1xx_hal_uart.o(i.HAL_UART_IRQHandler)
    i.HAL_UART_Init                          0x0800136e   Section        0  stm32l1xx_hal_uart.o(i.HAL_UART_Init)
    i.HAL_UART_MspInit                       0x080013cc   Section        0  usart.o(i.HAL_UART_MspInit)
    i.HAL_UART_RxCpltCallback                0x08001428   Section        0  stm32l1xx_hal_uart.o(i.HAL_UART_RxCpltCallback)
    i.HAL_UART_TxCpltCallback                0x0800142a   Section        0  stm32l1xx_hal_uart.o(i.HAL_UART_TxCpltCallback)
    i.MX_GPIO_Init                           0x0800142c   Section        0  gpio.o(i.MX_GPIO_Init)
    i.MX_I2C1_Init                           0x080014c8   Section        0  i2c.o(i.MX_I2C1_Init)
    i.MX_SPI1_Init                           0x080014f8   Section        0  spi.o(i.MX_SPI1_Init)
    i.MX_USART1_UART_Init                    0x0800152c   Section        0  usart.o(i.MX_USART1_UART_Init)
    i.NVIC_SetPriority                       0x08001554   Section        0  stm32l1xx_hal_cortex.o(i.NVIC_SetPriority)
    NVIC_SetPriority                         0x08001555   Thumb Code    32  stm32l1xx_hal_cortex.o(i.NVIC_SetPriority)
    i.RCC_SetFlashLatencyFromMSIRange        0x08001574   Section        0  stm32l1xx_hal_rcc.o(i.RCC_SetFlashLatencyFromMSIRange)
    RCC_SetFlashLatencyFromMSIRange          0x08001575   Thumb Code   112  stm32l1xx_hal_rcc.o(i.RCC_SetFlashLatencyFromMSIRange)
    i.SysTick_Handler                        0x080015ec   Section        0  stm32l1xx_it.o(i.SysTick_Handler)
    i.SystemClock_Config                     0x080015fc   Section        0  main.o(i.SystemClock_Config)
    i.SystemInit                             0x08001684   Section        0  system_stm32l1xx.o(i.SystemInit)
    i.UART_Receive_IT                        0x080016d4   Section        0  stm32l1xx_hal_uart.o(i.UART_Receive_IT)
    UART_Receive_IT                          0x080016d5   Thumb Code   168  stm32l1xx_hal_uart.o(i.UART_Receive_IT)
    i.UART_SetConfig                         0x0800177c   Section        0  stm32l1xx_hal_uart.o(i.UART_SetConfig)
    UART_SetConfig                           0x0800177d   Thumb Code   354  stm32l1xx_hal_uart.o(i.UART_SetConfig)
    i.UART_Transmit_IT                       0x080018e4   Section        0  stm32l1xx_hal_uart.o(i.UART_Transmit_IT)
    UART_Transmit_IT                         0x080018e5   Thumb Code   102  stm32l1xx_hal_uart.o(i.UART_Transmit_IT)
    i.USART1_IRQHandler                      0x0800194c   Section        0  stm32l1xx_it.o(i.USART1_IRQHandler)
    i.__scatterload_copy                     0x08001958   Section       14  handlers.o(i.__scatterload_copy)
    i.__scatterload_null                     0x08001966   Section        2  handlers.o(i.__scatterload_null)
    i.__scatterload_zeroinit                 0x08001968   Section       14  handlers.o(i.__scatterload_zeroinit)
    i.main                                   0x08001976   Section        0  main.o(i.main)
    .constdata                               0x08001990   Section       29  stm32l1xx_hal_rcc.o(.constdata)
    .data                                    0x20000000   Section        4  stm32l1xx_hal.o(.data)
    uwTick                                   0x20000000   Data           4  stm32l1xx_hal.o(.data)
    .data                                    0x20000004   Section        4  system_stm32l1xx.o(.data)
    .bss                                     0x20000008   Section       60  i2c.o(.bss)
    .bss                                     0x20000044   Section       88  spi.o(.bss)
    .bss                                     0x2000009c   Section       64  usart.o(.bss)
    STACK                                    0x200000e0   Section      512  startup_stm32l151xb.o(STACK)

    Global Symbols

    Symbol Name                              Value     Ov Type        Size  Object(Section)

    BuildAttributes$$THM_ISAv4$P$D$K$B$S$PE$A:L22UL41UL21$X:L11$S22US41US21$IEEE1$IW$USESV6$~STKCKD$USESV7$~SHL$OSPACE$EBA8$MICROLIB$REQ8$PRES8$EABIv2 0x00000000   Number         0  anon$$obj.o ABSOLUTE
    __ARM_use_no_argv                        0x00000000   Number         0  main.o ABSOLUTE
    __cpp_initialize__aeabi_                  - Undefined Weak Reference
    __cxa_finalize                            - Undefined Weak Reference
    __decompress                              - Undefined Weak Reference
    _clock_init                               - Undefined Weak Reference
    _microlib_exit                            - Undefined Weak Reference
    __Vectors_Size                           0x000000f4   Number         0  startup_stm32l151xb.o ABSOLUTE
    __Vectors                                0x08000000   Data           4  startup_stm32l151xb.o(RESET)
    __Vectors_End                            0x080000f4   Data           0  startup_stm32l151xb.o(RESET)
    __main                                   0x080000f5   Thumb Code     0  entry.o(.ARM.Collect$$$$00000000)
    _main_stk                                0x080000f5   Thumb Code     0  entry2.o(.ARM.Collect$$$$00000001)
    _main_scatterload                        0x080000f9   Thumb Code     0  entry5.o(.ARM.Collect$$$$00000004)
    __main_after_scatterload                 0x080000fd   Thumb Code     0  entry5.o(.ARM.Collect$$$$00000004)
    _main_clock                              0x080000fd   Thumb Code     0  entry7b.o(.ARM.Collect$$$$00000008)
    _main_cpp_init                           0x080000fd   Thumb Code     0  entry8b.o(.ARM.Collect$$$$0000000A)
    _main_init                               0x080000fd   Thumb Code     0  entry9a.o(.ARM.Collect$$$$0000000B)
    __rt_final_cpp                           0x08000105   Thumb Code     0  entry10a.o(.ARM.Collect$$$$0000000D)
    __rt_final_exit                          0x08000105   Thumb Code     0  entry11a.o(.ARM.Collect$$$$0000000F)
    Reset_Handler                            0x08000109   Thumb Code     8  startup_stm32l151xb.o(.text)
    NMI_Handler                              0x08000111   Thumb Code     2  startup_stm32l151xb.o(.text)
    HardFault_Handler                        0x08000113   Thumb Code     2  startup_stm32l151xb.o(.text)
    MemManage_Handler                        0x08000115   Thumb Code     2  startup_stm32l151xb.o(.text)
    BusFault_Handler                         0x08000117   Thumb Code     2  startup_stm32l151xb.o(.text)
    UsageFault_Handler                       0x08000119   Thumb Code     2  startup_stm32l151xb.o(.text)
    SVC_Handler                              0x0800011b   Thumb Code     2  startup_stm32l151xb.o(.text)
    DebugMon_Handler                         0x0800011d   Thumb Code     2  startup_stm32l151xb.o(.text)
    PendSV_Handler                           0x0800011f   Thumb Code     2  startup_stm32l151xb.o(.text)
    ADC1_IRQHandler                          0x08000123   Thumb Code     0  startup_stm32l151xb.o(.text)
    COMP_IRQHandler                          0x08000123   Thumb Code     0  startup_stm32l151xb.o(.text)
    DAC_IRQHandler                           0x08000123   Thumb Code     0  startup_stm32l151xb.o(.text)
    DMA1_Channel1_IRQHandler                 0x08000123   Thumb Code     0  startup_stm32l151xb.o(.text)
    DMA1_Channel2_IRQHandler                 0x08000123   Thumb Code     0  startup_stm32l151xb.o(.text)
    DMA1_Channel3_IRQHandler                 0x08000123   Thumb Code     0  startup_stm32l151xb.o(.text)
    DMA1_Channel4_IRQHandler                 0x08000123   Thumb Code     0  startup_stm32l151xb.o(.text)
    DMA1_Channel5_IRQHandler                 0x08000123   Thumb Code     0  startup_stm32l151xb.o(.text)
    DMA1_Channel6_IRQHandler                 0x08000123   Thumb Code     0  startup_stm32l151xb.o(.text)
    DMA1_Channel7_IRQHandler                 0x08000123   Thumb Code     0  startup_stm32l151xb.o(.text)
    EXTI15_10_IRQHandler                     0x08000123   Thumb Code     0  startup_stm32l151xb.o(.text)
    EXTI1_IRQHandler                         0x08000123   Thumb Code     0  startup_stm32l151xb.o(.text)
    EXTI2_IRQHandler                         0x08000123   Thumb Code     0  startup_stm32l151xb.o(.text)
    EXTI3_IRQHandler                         0x08000123   Thumb Code     0  startup_stm32l151xb.o(.text)
    EXTI4_IRQHandler                         0x08000123   Thumb Code     0  startup_stm32l151xb.o(.text)
    EXTI9_5_IRQHandler                       0x08000123   Thumb Code     0  startup_stm32l151xb.o(.text)
    FLASH_IRQHandler                         0x08000123   Thumb Code     0  startup_stm32l151xb.o(.text)
    I2C1_ER_IRQHandler                       0x08000123   Thumb Code     0  startup_stm32l151xb.o(.text)
    I2C1_EV_IRQHandler                       0x08000123   Thumb Code     0  startup_stm32l151xb.o(.text)
    I2C2_ER_IRQHandler                       0x08000123   Thumb Code     0  startup_stm32l151xb.o(.text)
    I2C2_EV_IRQHandler                       0x08000123   Thumb Code     0  startup_stm32l151xb.o(.text)
    PVD_IRQHandler                           0x08000123   Thumb Code     0  startup_stm32l151xb.o(.text)
    RCC_IRQHandler                           0x08000123   Thumb Code     0  startup_stm32l151xb.o(.text)
    RTC_Alarm_IRQHandler                     0x08000123   Thumb Code     0  startup_stm32l151xb.o(.text)
    RTC_WKUP_IRQHandler                      0x08000123   Thumb Code     0  startup_stm32l151xb.o(.text)
    SPI1_IRQHandler                          0x08000123   Thumb Code     0  startup_stm32l151xb.o(.text)
    SPI2_IRQHandler                          0x08000123   Thumb Code     0  startup_stm32l151xb.o(.text)
    TAMPER_STAMP_IRQHandler                  0x08000123   Thumb Code     0  startup_stm32l151xb.o(.text)
    TIM10_IRQHandler                         0x08000123   Thumb Code     0  startup_stm32l151xb.o(.text)
    TIM11_IRQHandler                         0x08000123   Thumb Code     0  startup_stm32l151xb.o(.text)
    TIM2_IRQHandler                          0x08000123   Thumb Code     0  startup_stm32l151xb.o(.text)
    TIM3_IRQHandler                          0x08000123   Thumb Code     0  startup_stm32l151xb.o(.text)
    TIM4_IRQHandler                          0x08000123   Thumb Code     0  startup_stm32l151xb.o(.text)
    TIM6_IRQHandler                          0x08000123   Thumb Code     0  startup_stm32l151xb.o(.text)
    TIM7_IRQHandler                          0x08000123   Thumb Code     0  startup_stm32l151xb.o(.text)
    TIM9_IRQHandler                          0x08000123   Thumb Code     0  startup_stm32l151xb.o(.text)
    USART2_IRQHandler                        0x08000123   Thumb Code     0  startup_stm32l151xb.o(.text)
    USART3_IRQHandler                        0x08000123   Thumb Code     0  startup_stm32l151xb.o(.text)
    USB_FS_WKUP_IRQHandler                   0x08000123   Thumb Code     0  startup_stm32l151xb.o(.text)
    USB_HP_IRQHandler                        0x08000123   Thumb Code     0  startup_stm32l151xb.o(.text)
    USB_LP_IRQHandler                        0x08000123   Thumb Code     0  startup_stm32l151xb.o(.text)
    WWDG_IRQHandler                          0x08000123   Thumb Code     0  startup_stm32l151xb.o(.text)
    __scatterload                            0x0800012d   Thumb Code    28  init.o(.text)
    __scatterload_rt2                        0x0800012d   Thumb Code     0  init.o(.text)
    EXTI0_IRQHandler                         0x08000151   Thumb Code     6  stm32l1xx_it.o(i.EXTI0_IRQHandler)
    HAL_GPIO_EXTI_Callback                   0x08000157   Thumb Code     2  stm32l1xx_hal_gpio.o(i.HAL_GPIO_EXTI_Callback)
    HAL_GPIO_EXTI_IRQHandler                 0x08000159   Thumb Code    18  stm32l1xx_hal_gpio.o(i.HAL_GPIO_EXTI_IRQHandler)
    HAL_GPIO_Init                            0x08000171   Thumb Code   364  stm32l1xx_hal_gpio.o(i.HAL_GPIO_Init)
    HAL_GPIO_WritePin                        0x080002fd   Thumb Code    10  stm32l1xx_hal_gpio.o(i.HAL_GPIO_WritePin)
    HAL_GetTick                              0x08000309   Thumb Code     6  stm32l1xx_hal.o(i.HAL_GetTick)
    HAL_I2C_Init                             0x08000315   Thumb Code   306  stm32l1xx_hal_i2c.o(i.HAL_I2C_Init)
    HAL_I2C_MspInit                          0x08000455   Thumb Code    62  i2c.o(i.HAL_I2C_MspInit)
    HAL_IncTick                              0x080004a1   Thumb Code    10  stm32l1xx_hal.o(i.HAL_IncTick)
    HAL_Init                                 0x080004b1   Thumb Code    22  stm32l1xx_hal.o(i.HAL_Init)
    HAL_InitTick                             0x080004c7   Thumb Code    34  stm32l1xx_hal.o(i.HAL_InitTick)
    HAL_MspInit                              0x080004e9   Thumb Code    60  stm32l1xx_hal_msp.o(i.HAL_MspInit)
    HAL_NVIC_EnableIRQ                       0x08000529   Thumb Code    22  stm32l1xx_hal_cortex.o(i.HAL_NVIC_EnableIRQ)
    HAL_NVIC_SetPriority                     0x08000541   Thumb Code    60  stm32l1xx_hal_cortex.o(i.HAL_NVIC_SetPriority)
    HAL_NVIC_SetPriorityGrouping             0x08000581   Thumb Code    26  stm32l1xx_hal_cortex.o(i.HAL_NVIC_SetPriorityGrouping)
    HAL_PWREx_GetVoltageRange                0x080005a5   Thumb Code    10  stm32l1xx_hal_pwr_ex.o(i.HAL_PWREx_GetVoltageRange)
    HAL_RCC_ClockConfig                      0x080005b5   Thumb Code   786  stm32l1xx_hal_rcc.o(i.HAL_RCC_ClockConfig)
    HAL_RCC_GetHCLKFreq                      0x080008d1   Thumb Code    38  stm32l1xx_hal_rcc.o(i.HAL_RCC_GetHCLKFreq)
    HAL_RCC_GetPCLK1Freq                     0x08000905   Thumb Code    36  stm32l1xx_hal_rcc.o(i.HAL_RCC_GetPCLK1Freq)
    HAL_RCC_GetPCLK2Freq                     0x08000931   Thumb Code    36  stm32l1xx_hal_rcc.o(i.HAL_RCC_GetPCLK2Freq)
    HAL_RCC_GetSysClockFreq                  0x0800095d   Thumb Code   126  stm32l1xx_hal_rcc.o(i.HAL_RCC_GetSysClockFreq)
    HAL_RCC_OscConfig                        0x080009ed   Thumb Code  1928  stm32l1xx_hal_rcc.o(i.HAL_RCC_OscConfig)
    HAL_SPI_Init                             0x08001181   Thumb Code   122  stm32l1xx_hal_spi_ex.o(i.HAL_SPI_Init)
    HAL_SPI_MspInit                          0x080011fd   Thumb Code    62  spi.o(i.HAL_SPI_MspInit)
    HAL_SYSTICK_CLKSourceConfig              0x08001249   Thumb Code    24  stm32l1xx_hal_cortex.o(i.HAL_SYSTICK_CLKSourceConfig)
    HAL_SYSTICK_Callback                     0x08001261   Thumb Code     2  stm32l1xx_hal_cortex.o(i.HAL_SYSTICK_Callback)
    HAL_SYSTICK_Config                       0x08001263   Thumb Code    40  stm32l1xx_hal_cortex.o(i.HAL_SYSTICK_Config)
    HAL_SYSTICK_IRQHandler                   0x0800128b   Thumb Code     8  stm32l1xx_hal_cortex.o(i.HAL_SYSTICK_IRQHandler)
    HAL_UART_ErrorCallback                   0x08001293   Thumb Code     2  stm32l1xx_hal_uart.o(i.HAL_UART_ErrorCallback)
    HAL_UART_IRQHandler                      0x08001295   Thumb Code   218  stm32l1xx_hal_uart.o(i.HAL_UART_IRQHandler)
    HAL_UART_Init                            0x0800136f   Thumb Code    94  stm32l1xx_hal_uart.o(i.HAL_UART_Init)
    HAL_UART_MspInit                         0x080013cd   Thumb Code    80  usart.o(i.HAL_UART_MspInit)
    HAL_UART_RxCpltCallback                  0x08001429   Thumb Code     2  stm32l1xx_hal_uart.o(i.HAL_UART_RxCpltCallback)
    HAL_UART_TxCpltCallback                  0x0800142b   Thumb Code     2  stm32l1xx_hal_uart.o(i.HAL_UART_TxCpltCallback)
    MX_GPIO_Init                             0x0800142d   Thumb Code   140  gpio.o(i.MX_GPIO_Init)
    MX_I2C1_Init                             0x080014c9   Thumb Code    34  i2c.o(i.MX_I2C1_Init)
    MX_SPI1_Init                             0x080014f9   Thumb Code    44  spi.o(i.MX_SPI1_Init)
    MX_USART1_UART_Init                      0x0800152d   Thumb Code    32  usart.o(i.MX_USART1_UART_Init)
    SysTick_Handler                          0x080015ed   Thumb Code    14  stm32l1xx_it.o(i.SysTick_Handler)
    SystemClock_Config                       0x080015fd   Thumb Code   128  main.o(i.SystemClock_Config)
    SystemInit                               0x08001685   Thumb Code    62  system_stm32l1xx.o(i.SystemInit)
    USART1_IRQHandler                        0x0800194d   Thumb Code     6  stm32l1xx_it.o(i.USART1_IRQHandler)
    __scatterload_copy                       0x08001959   Thumb Code    14  handlers.o(i.__scatterload_copy)
    __scatterload_null                       0x08001967   Thumb Code     2  handlers.o(i.__scatterload_null)
    __scatterload_zeroinit                   0x08001969   Thumb Code    14  handlers.o(i.__scatterload_zeroinit)
    main                                     0x08001977   Thumb Code    26  main.o(i.main)
    aPLLDivisionFactorTable                  0x08001990   Data           4  stm32l1xx_hal_rcc.o(.constdata)
    aAPBAHBPrescTable                        0x08001994   Data          16  stm32l1xx_hal_rcc.o(.constdata)
    aPLLMULFactorTable                       0x080019a4   Data           9  stm32l1xx_hal_rcc.o(.constdata)
    Region$$Table$$Base                      0x080019b0   Number         0  anon$$obj.o(Region$$Table)
    Region$$Table$$Limit                     0x080019d0   Number         0  anon$$obj.o(Region$$Table)
    SystemCoreClock                          0x20000004   Data           4  system_stm32l1xx.o(.data)
    hi2c1                                    0x20000008   Data          60  i2c.o(.bss)
    hspi1                                    0x20000044   Data          88  spi.o(.bss)
    huart1                                   0x2000009c   Data          64  usart.o(.bss)
    __initial_sp                             0x200002e0   Data           0  startup_stm32l151xb.o(STACK)



==============================================================================

Memory Map of the image

  Image Entry point : 0x080000f5

  Load Region LR_IROM1 (Base: 0x08000000, Size: 0x000019d8, Max: 0x00010000, ABSOLUTE)

    Execution Region ER_IROM1 (Base: 0x08000000, Size: 0x000019d0, Max: 0x00010000, ABSOLUTE)

    Base Addr    Size         Type   Attr      Idx    E Section Name        Object

    0x08000000   0x000000f4   Data   RO         2237    RESET               startup_stm32l151xb.o
    0x080000f4   0x00000000   Code   RO         2242  * .ARM.Collect$$$$00000000  mc_w.l(entry.o)
    0x080000f4   0x00000004   Code   RO         2247    .ARM.Collect$$$$00000001  mc_w.l(entry2.o)
    0x080000f8   0x00000004   Code   RO         2250    .ARM.Collect$$$$00000004  mc_w.l(entry5.o)
    0x080000fc   0x00000000   Code   RO         2252    .ARM.Collect$$$$00000008  mc_w.l(entry7b.o)
    0x080000fc   0x00000000   Code   RO         2254    .ARM.Collect$$$$0000000A  mc_w.l(entry8b.o)
    0x080000fc   0x00000008   Code   RO         2255    .ARM.Collect$$$$0000000B  mc_w.l(entry9a.o)
    0x08000104   0x00000000   Code   RO         2257    .ARM.Collect$$$$0000000D  mc_w.l(entry10a.o)
    0x08000104   0x00000000   Code   RO         2259    .ARM.Collect$$$$0000000F  mc_w.l(entry11a.o)
    0x08000104   0x00000004   Code   RO         2248    .ARM.Collect$$$$00002712  mc_w.l(entry2.o)
    0x08000108   0x00000024   Code   RO         2238    .text               startup_stm32l151xb.o
    0x0800012c   0x00000024   Code   RO         2261    .text               mc_w.l(init.o)
    0x08000150   0x00000006   Code   RO         2048    i.EXTI0_IRQHandler  stm32l1xx_it.o
    0x08000156   0x00000002   Code   RO          408    i.HAL_GPIO_EXTI_Callback  stm32l1xx_hal_gpio.o
    0x08000158   0x00000018   Code   RO          409    i.HAL_GPIO_EXTI_IRQHandler  stm32l1xx_hal_gpio.o
    0x08000170   0x0000018c   Code   RO          410    i.HAL_GPIO_Init     stm32l1xx_hal_gpio.o
    0x080002fc   0x0000000a   Code   RO          414    i.HAL_GPIO_WritePin  stm32l1xx_hal_gpio.o
    0x08000306   0x00000002   PAD
    0x08000308   0x0000000c   Code   RO         1381    i.HAL_GetTick       stm32l1xx_hal.o
    0x08000314   0x00000140   Code   RO         1079    i.HAL_I2C_Init      stm32l1xx_hal_i2c.o
    0x08000454   0x0000004c   Code   RO         2089    i.HAL_I2C_MspInit   i2c.o
    0x080004a0   0x00000010   Code   RO         1382    i.HAL_IncTick       stm32l1xx_hal.o
    0x080004b0   0x00000016   Code   RO         1383    i.HAL_Init          stm32l1xx_hal.o
    0x080004c6   0x00000022   Code   RO         1384    i.HAL_InitTick      stm32l1xx_hal.o
    0x080004e8   0x00000040   Code   RO         2024    i.HAL_MspInit       stm32l1xx_hal_msp.o
    0x08000528   0x00000016   Code   RO          857    i.HAL_NVIC_EnableIRQ  stm32l1xx_hal_cortex.o
    0x0800053e   0x00000002   PAD
    0x08000540   0x00000040   Code   RO          863    i.HAL_NVIC_SetPriority  stm32l1xx_hal_cortex.o
    0x08000580   0x00000024   Code   RO          864    i.HAL_NVIC_SetPriorityGrouping  stm32l1xx_hal_cortex.o
    0x080005a4   0x00000010   Code   RO          983    i.HAL_PWREx_GetVoltageRange  stm32l1xx_hal_pwr_ex.o
    0x080005b4   0x0000031c   Code   RO         1815    i.HAL_RCC_ClockConfig  stm32l1xx_hal_rcc.o
    0x080008d0   0x00000034   Code   RO         1820    i.HAL_RCC_GetHCLKFreq  stm32l1xx_hal_rcc.o
    0x08000904   0x0000002c   Code   RO         1822    i.HAL_RCC_GetPCLK1Freq  stm32l1xx_hal_rcc.o
    0x08000930   0x0000002c   Code   RO         1823    i.HAL_RCC_GetPCLK2Freq  stm32l1xx_hal_rcc.o
    0x0800095c   0x00000090   Code   RO         1824    i.HAL_RCC_GetSysClockFreq  stm32l1xx_hal_rcc.o
    0x080009ec   0x00000794   Code   RO         1827    i.HAL_RCC_OscConfig  stm32l1xx_hal_rcc.o
    0x08001180   0x0000007a   Code   RO          473    i.HAL_SPI_Init      stm32l1xx_hal_spi_ex.o
    0x080011fa   0x00000002   PAD
    0x080011fc   0x0000004c   Code   RO         2131    i.HAL_SPI_MspInit   spi.o
    0x08001248   0x00000018   Code   RO          866    i.HAL_SYSTICK_CLKSourceConfig  stm32l1xx_hal_cortex.o
    0x08001260   0x00000002   Code   RO          867    i.HAL_SYSTICK_Callback  stm32l1xx_hal_cortex.o
    0x08001262   0x00000028   Code   RO          868    i.HAL_SYSTICK_Config  stm32l1xx_hal_cortex.o
    0x0800128a   0x00000008   Code   RO          869    i.HAL_SYSTICK_IRQHandler  stm32l1xx_hal_cortex.o
    0x08001292   0x00000002   Code   RO          629    i.HAL_UART_ErrorCallback  stm32l1xx_hal_uart.o
    0x08001294   0x000000da   Code   RO          632    i.HAL_UART_IRQHandler  stm32l1xx_hal_uart.o
    0x0800136e   0x0000005e   Code   RO          633    i.HAL_UART_Init     stm32l1xx_hal_uart.o
    0x080013cc   0x0000005c   Code   RO         2197    i.HAL_UART_MspInit  usart.o
    0x08001428   0x00000002   Code   RO          639    i.HAL_UART_RxCpltCallback  stm32l1xx_hal_uart.o
    0x0800142a   0x00000002   Code   RO          644    i.HAL_UART_TxCpltCallback  stm32l1xx_hal_uart.o
    0x0800142c   0x0000009c   Code   RO         2172    i.MX_GPIO_Init      gpio.o
    0x080014c8   0x00000030   Code   RO         2090    i.MX_I2C1_Init      i2c.o
    0x080014f8   0x00000034   Code   RO         2132    i.MX_SPI1_Init      spi.o
    0x0800152c   0x00000028   Code   RO         2198    i.MX_USART1_UART_Init  usart.o
    0x08001554   0x00000020   Code   RO          870    i.NVIC_SetPriority  stm32l1xx_hal_cortex.o
    0x08001574   0x00000078   Code   RO         1828    i.RCC_SetFlashLatencyFromMSIRange  stm32l1xx_hal_rcc.o
    0x080015ec   0x0000000e   Code   RO         2049    i.SysTick_Handler   stm32l1xx_it.o
    0x080015fa   0x00000002   PAD
    0x080015fc   0x00000088   Code   RO         1979    i.SystemClock_Config  main.o
    0x08001684   0x00000050   Code   RO         1943    i.SystemInit        system_stm32l1xx.o
    0x080016d4   0x000000a8   Code   RO          651    i.UART_Receive_IT   stm32l1xx_hal_uart.o
    0x0800177c   0x00000168   Code   RO          652    i.UART_SetConfig    stm32l1xx_hal_uart.o
    0x080018e4   0x00000066   Code   RO          653    i.UART_Transmit_IT  stm32l1xx_hal_uart.o
    0x0800194a   0x00000002   PAD
    0x0800194c   0x0000000c   Code   RO         2050    i.USART1_IRQHandler  stm32l1xx_it.o
    0x08001958   0x0000000e   Code   RO         2265    i.__scatterload_copy  mc_w.l(handlers.o)
    0x08001966   0x00000002   Code   RO         2266    i.__scatterload_null  mc_w.l(handlers.o)
    0x08001968   0x0000000e   Code   RO         2267    i.__scatterload_zeroinit  mc_w.l(handlers.o)
    0x08001976   0x0000001a   Code   RO         1980    i.main              main.o
    0x08001990   0x0000001d   Data   RO         1829    .constdata          stm32l1xx_hal_rcc.o
    0x080019ad   0x00000003   PAD
    0x080019b0   0x00000020   Data   RO         2263    Region$$Table       anon$$obj.o


    Execution Region RW_IRAM1 (Base: 0x20000000, Size: 0x000002e0, Max: 0x00002800, ABSOLUTE)

    Base Addr    Size         Type   Attr      Idx    E Section Name        Object

    0x20000000   0x00000004   Data   RW         1389    .data               stm32l1xx_hal.o
    0x20000004   0x00000004   Data   RW         1945    .data               system_stm32l1xx.o
    0x20000008   0x0000003c   Zero   RW         2091    .bss                i2c.o
    0x20000044   0x00000058   Zero   RW         2133    .bss                spi.o
    0x2000009c   0x00000040   Zero   RW         2199    .bss                usart.o
    0x200000dc   0x00000004   PAD
    0x200000e0   0x00000200   Zero   RW         2235    STACK               startup_stm32l151xb.o


==============================================================================

Image component sizes


      Code (inc. data)   RO Data    RW Data    ZI Data      Debug   Object Name

       156         16          0          0          0        915   gpio.o
       124         28          0          0         60       1469   i2c.o
       162          8          0          0          0       1412   main.o
       128         22          0          0         88       1485   spi.o
        36          8        244          0        512        760   startup_stm32l151xb.o
        84         12          0          4          0       3018   stm32l1xx_hal.o
       228         14          0          0          0      28557   stm32l1xx_hal_cortex.o
         0          0          0          0          0     226696   stm32l1xx_hal_flash_ramfunc.o
       432         38          0          0          0       3472   stm32l1xx_hal_gpio.o
       320         14          0          0          0       2127   stm32l1xx_hal_i2c.o
        64          4          0          0          0        854   stm32l1xx_hal_msp.o
        16          6          0          0          0        536   stm32l1xx_hal_pwr_ex.o
      3140         94         29          0          0       7371   stm32l1xx_hal_rcc.o
       122          0          0          0          0       1051   stm32l1xx_hal_spi_ex.o
       948          6          0          0          0       5767   stm32l1xx_hal_uart.o
        32          6          0          0          0       1289   stm32l1xx_it.o
        80         18          0          4          0       1365   system_stm32l1xx.o
       132         20          0          0         64       1510   usart.o

    ----------------------------------------------------------------------
      6214        314        308          8        728     289654   Object Totals
         0          0         32          0          0          0   (incl. Generated)
        10          0          3          0          4          0   (incl. Padding)

    ----------------------------------------------------------------------

      Code (inc. data)   RO Data    RW Data    ZI Data      Debug   Library Member Name

         0          0          0          0          0          0   entry.o
         0          0          0          0          0          0   entry10a.o
         0          0          0          0          0          0   entry11a.o
         8          4          0          0          0          0   entry2.o
         4          0          0          0          0          0   entry5.o
         0          0          0          0          0          0   entry7b.o
         0          0          0          0          0          0   entry8b.o
         8          4          0          0          0          0   entry9a.o
        30          0          0          0          0          0   handlers.o
        36          8          0          0          0         68   init.o

    ----------------------------------------------------------------------
        86         16          0          0          0         68   Library Totals
         0          0          0          0          0          0   (incl. Padding)

    ----------------------------------------------------------------------

      Code (inc. data)   RO Data    RW Data    ZI Data      Debug   Library Name

        86         16          0          0          0         68   mc_w.l

    ----------------------------------------------------------------------
        86         16          0          0          0         68   Library Totals

    ----------------------------------------------------------------------

==============================================================================


      Code (inc. data)   RO Data    RW Data    ZI Data      Debug   

      6300        330        308          8        728     287638   Grand Totals
      6300        330        308          8        728     287638   ELF Image Totals
      6300        330        308          8          0          0   ROM Totals

==============================================================================

    Total RO  Size (Code + RO Data)                 6608 (   6.45kB)
    Total RW  Size (RW Data + ZI Data)               736 (   0.72kB)
    Total ROM Size (Code + RO Data + RW Data)       6616 (   6.46kB)

==============================================================================

