Component: ARM Compiler 5.06 update 5 (build 528) Tool: armlink [4d35e2]

==============================================================================

Section Cross References

    startup_stm32l151xba.o(RESET) refers to startup_stm32l151xba.o(STACK) for __initial_sp
    startup_stm32l151xba.o(RESET) refers to startup_stm32l151xba.o(.text) for Reset_Handler
    startup_stm32l151xba.o(RESET) refers to stm32l1xx_it.o(i.SysTick_Handler) for SysTick_Handler
    startup_stm32l151xba.o(RESET) refers to stm32l1xx_it.o(i.RTC_WKUP_IRQHandler) for RTC_WKUP_IRQHandler
    startup_stm32l151xba.o(RESET) refers to stm32l1xx_it.o(i.EXTI0_IRQHandler) for EXTI0_IRQHandler
    startup_stm32l151xba.o(.text) refers to system_stm32l1xx.o(i.SystemInit) for SystemInit
    startup_stm32l151xba.o(.text) refers to entry.o(.ARM.Collect$$$$00000000) for __main
    stm32l1xx_hal_msp.o(i.HAL_MspInit) refers to stm32l1xx_hal_cortex.o(i.HAL_NVIC_SetPriorityGrouping) for HAL_NVIC_SetPriorityGrouping
    stm32l1xx_hal_msp.o(i.HAL_MspInit) refers to stm32l1xx_hal_cortex.o(i.HAL_NVIC_SetPriority) for HAL_NVIC_SetPriority
    main.o(i.SystemClock_Config) refers to stm32l1xx_hal_rcc.o(i.HAL_RCC_OscConfig) for HAL_RCC_OscConfig
    main.o(i.SystemClock_Config) refers to stm32l1xx_hal_rcc.o(i.HAL_RCC_ClockConfig) for HAL_RCC_ClockConfig
    main.o(i.SystemClock_Config) refers to stm32l1xx_hal_rcc_ex.o(i.HAL_RCCEx_PeriphCLKConfig) for HAL_RCCEx_PeriphCLKConfig
    main.o(i.SystemClock_Config) refers to stm32l1xx_hal_rcc.o(i.HAL_RCC_GetHCLKFreq) for HAL_RCC_GetHCLKFreq
    main.o(i.SystemClock_Config) refers to stm32l1xx_hal_cortex.o(i.HAL_SYSTICK_Config) for HAL_SYSTICK_Config
    main.o(i.SystemClock_Config) refers to stm32l1xx_hal_cortex.o(i.HAL_SYSTICK_CLKSourceConfig) for HAL_SYSTICK_CLKSourceConfig
    main.o(i.SystemClock_Config) refers to stm32l1xx_hal_cortex.o(i.HAL_NVIC_SetPriority) for HAL_NVIC_SetPriority
    main.o(i.fputc) refers to usart.o(.bss) for huart1
    main.o(i.main) refers to stm32l1xx_hal.o(i.HAL_Init) for HAL_Init
    main.o(i.main) refers to main.o(i.SystemClock_Config) for SystemClock_Config
    main.o(i.main) refers to gpio.o(i.MX_GPIO_Init) for MX_GPIO_Init
    main.o(i.main) refers to rtc.o(i.MX_RTC_Init) for MX_RTC_Init
    main.o(i.main) refers to usart.o(i.MX_USART1_UART_Init) for MX_USART1_UART_Init
    main.o(i.main) refers to stm32l1xx_hal_rtc_ex.o(i.HAL_RTCEx_DeactivateWakeUpTimer) for HAL_RTCEx_DeactivateWakeUpTimer
    main.o(i.main) refers to stm32l1xx_hal_pwr.o(i.HAL_PWR_EnableBkUpAccess) for HAL_PWR_EnableBkUpAccess
    main.o(i.main) refers to stm32l1xx_hal_pwr.o(i.HAL_PWR_DisablePVD) for HAL_PWR_DisablePVD
    main.o(i.main) refers to stm32l1xx_hal_pwr_ex.o(i.HAL_PWREx_EnableUltraLowPower) for HAL_PWREx_EnableUltraLowPower
    main.o(i.main) refers to stm32l1xx_hal_pwr_ex.o(i.HAL_PWREx_EnableFastWakeUp) for HAL_PWREx_EnableFastWakeUp
    main.o(i.main) refers to stm32l1xx_hal.o(i.HAL_DBGMCU_DisableDBGStopMode) for HAL_DBGMCU_DisableDBGStopMode
    main.o(i.main) refers to printfb.o(i.__0printf$bare) for __2printf
    main.o(i.main) refers to stm32l1xx_hal_gpio.o(i.HAL_GPIO_TogglePin) for HAL_GPIO_TogglePin
    main.o(i.main) refers to stm32l1xx_hal.o(i.HAL_Delay) for HAL_Delay
    main.o(i.main) refers to stm32l1xx_hal_pwr.o(i.HAL_PWR_EnableWakeUpPin) for HAL_PWR_EnableWakeUpPin
    main.o(i.main) refers to stm32l1xx_hal_rtc_ex.o(i.HAL_RTCEx_SetWakeUpTimer_IT) for HAL_RTCEx_SetWakeUpTimer_IT
    main.o(i.main) refers to stm32l1xx_hal_pwr.o(i.HAL_PWR_EnterSTANDBYMode) for HAL_PWR_EnterSTANDBYMode
    main.o(i.main) refers to rtc.o(.bss) for hrtc
    usart.o(i.HAL_UART_MspDeInit) refers to stm32l1xx_hal_gpio.o(i.HAL_GPIO_DeInit) for HAL_GPIO_DeInit
    usart.o(i.HAL_UART_MspInit) refers to stm32l1xx_hal_gpio.o(i.HAL_GPIO_Init) for HAL_GPIO_Init
    usart.o(i.MX_USART1_UART_Init) refers to stm32l1xx_hal_uart.o(i.HAL_UART_Init) for HAL_UART_Init
    usart.o(i.MX_USART1_UART_Init) refers to usart.o(.bss) for .bss
    rtc.o(i.HAL_RTC_MspDeInit) refers to stm32l1xx_hal_cortex.o(i.HAL_NVIC_DisableIRQ) for HAL_NVIC_DisableIRQ
    rtc.o(i.HAL_RTC_MspInit) refers to stm32l1xx_hal_cortex.o(i.HAL_NVIC_SetPriority) for HAL_NVIC_SetPriority
    rtc.o(i.HAL_RTC_MspInit) refers to stm32l1xx_hal_cortex.o(i.HAL_NVIC_EnableIRQ) for HAL_NVIC_EnableIRQ
    rtc.o(i.MX_RTC_Init) refers to stm32l1xx_hal_rtc.o(i.HAL_RTC_Init) for HAL_RTC_Init
    rtc.o(i.MX_RTC_Init) refers to stm32l1xx_hal_rtc.o(i.HAL_RTC_SetTime) for HAL_RTC_SetTime
    rtc.o(i.MX_RTC_Init) refers to stm32l1xx_hal_rtc.o(i.HAL_RTC_SetDate) for HAL_RTC_SetDate
    rtc.o(i.MX_RTC_Init) refers to stm32l1xx_hal_rtc_ex.o(i.HAL_RTCEx_SetWakeUpTimer_IT) for HAL_RTCEx_SetWakeUpTimer_IT
    rtc.o(i.MX_RTC_Init) refers to rtc.o(.bss) for .bss
    stm32l1xx_it.o(i.EXTI0_IRQHandler) refers to stm32l1xx_hal_gpio.o(i.HAL_GPIO_EXTI_IRQHandler) for HAL_GPIO_EXTI_IRQHandler
[...]
    stm32l1xx_hal_flash_ex.o(i.FLASH_OB_WRPConfig) refers to stm32l1xx_hal_flash_ex.o(i.FLASH_OB_WRPConfigWRP1OrPCROP1) for FLASH_OB_WRPConfigWRP1OrPCROP1
    stm32l1xx_hal_flash_ex.o(i.FLASH_OB_WRPConfig) refers to stm32l1xx_hal_flash.o(.bss) for pFlash
    stm32l1xx_hal_flash_ex.o(i.FLASH_PageErase) refers to stm32l1xx_hal_flash.o(.bss) for pFlash
    stm32l1xx_hal_flash_ex.o(i.HAL_FLASHEx_AdvOBProgram) refers to main.o(i.assert_failed) for assert_failed
    stm32l1xx_hal_flash_ex.o(i.HAL_FLASHEx_AdvOBProgram) refers to stm32l1xx_hal_flash_ex.o(i.FLASH_OB_PCROPConfig) for FLASH_OB_PCROPConfig
    stm32l1xx_hal_flash_ex.o(i.HAL_FLASHEx_DATAEEPROM_Erase) refers to main.o(i.assert_failed) for assert_failed
    stm32l1xx_hal_flash_ex.o(i.HAL_FLASHEx_DATAEEPROM_Erase) refers to stm32l1xx_hal_flash.o(i.FLASH_WaitForLastOperation) for FLASH_WaitForLastOperation
    stm32l1xx_hal_flash_ex.o(i.HAL_FLASHEx_DATAEEPROM_Erase) refers to stm32l1xx_hal_flash.o(.bss) for pFlash
    stm32l1xx_hal_flash_ex.o(i.HAL_FLASHEx_DATAEEPROM_Program) refers to main.o(i.assert_failed) for assert_failed
    stm32l1xx_hal_flash_ex.o(i.HAL_FLASHEx_DATAEEPROM_Program) refers to stm32l1xx_hal_flash.o(i.FLASH_WaitForLastOperation) for FLASH_WaitForLastOperation
    stm32l1xx_hal_flash_ex.o(i.HAL_FLASHEx_DATAEEPROM_Program) refers to stm32l1xx_hal_flash.o(.bss) for pFlash
    stm32l1xx_hal_flash_ex.o(i.HAL_FLASHEx_Erase) refers to stm32l1xx_hal_flash.o(i.FLASH_WaitForLastOperation) for FLASH_WaitForLastOperation
    stm32l1xx_hal_flash_ex.o(i.HAL_FLASHEx_Erase) refers to main.o(i.assert_failed) for assert_failed
    stm32l1xx_hal_flash_ex.o(i.HAL_FLASHEx_Erase) refers to stm32l1xx_hal_flash_ex.o(i.FLASH_PageErase) for FLASH_PageErase
    stm32l1xx_hal_flash_ex.o(i.HAL_FLASHEx_Erase) refers to stm32l1xx_hal_flash.o(.bss) for pFlash
    stm32l1xx_hal_flash_ex.o(i.HAL_FLASHEx_Erase_IT) refers to main.o(i.assert_failed) for assert_failed
    stm32l1xx_hal_flash_ex.o(i.HAL_FLASHEx_Erase_IT) refers to stm32l1xx_hal_flash_ex.o(i.FLASH_PageErase) for FLASH_PageErase
    stm32l1xx_hal_flash_ex.o(i.HAL_FLASHEx_Erase_IT) refers to stm32l1xx_hal_flash.o(.bss) for pFlash
    stm32l1xx_hal_flash_ex.o(i.HAL_FLASHEx_OBProgram) refers to main.o(i.assert_failed) for assert_failed
    stm32l1xx_hal_flash_ex.o(i.HAL_FLASHEx_OBProgram) refers to stm32l1xx_hal_flash_ex.o(i.FLASH_OB_WRPConfig) for FLASH_OB_WRPConfig
    stm32l1xx_hal_flash_ex.o(i.HAL_FLASHEx_OBProgram) refers to stm32l1xx_hal_flash_ex.o(i.FLASH_OB_RDPConfig) for FLASH_OB_RDPConfig
    stm32l1xx_hal_flash_ex.o(i.HAL_FLASHEx_OBProgram) refers to stm32l1xx_hal_flash_ex.o(i.FLASH_OB_UserConfig) for FLASH_OB_UserConfig
    stm32l1xx_hal_flash_ex.o(i.HAL_FLASHEx_OBProgram) refers to stm32l1xx_hal_flash_ex.o(i.FLASH_OB_BORConfig) for FLASH_OB_BORConfig
    stm32l1xx_hal_flash_ex.o(i.HAL_FLASHEx_OBProgram) refers to stm32l1xx_hal_flash.o(.bss) for pFlash
    stm32l1xx_hal_flash_ex.o(i.HAL_FLASHEx_OB_DeSelectPCROP) refers to stm32l1xx_hal_flash.o(i.FLASH_WaitForLastOperation) for FLASH_WaitForLastOperation
    stm32l1xx_hal_flash_ex.o(i.HAL_FLASHEx_OB_DeSelectPCROP) refers to stm32l1xx_hal_flash.o(.bss) for pFlash
    stm32l1xx_hal_flash_ex.o(i.HAL_FLASHEx_OB_SelectPCROP) refers to stm32l1xx_hal_flash.o(i.FLASH_WaitForLastOperation) for FLASH_WaitForLastOperation
    stm32l1xx_hal_flash_ex.o(i.HAL_FLASHEx_OB_SelectPCROP) refers to stm32l1xx_hal_flash.o(.bss) for pFlash
    stm32l1xx_hal_cortex.o(i.HAL_MPU_ConfigRegion) refers to main.o(i.assert_failed) for assert_failed
    stm32l1xx_hal_cortex.o(i.HAL_NVIC_DisableIRQ) refers to main.o(i.assert_failed) for assert_failed
    stm32l1xx_hal_cortex.o(i.HAL_NVIC_EnableIRQ) refers to main.o(i.assert_failed) for assert_failed
    stm32l1xx_hal_cortex.o(i.HAL_NVIC_GetPriority) refers to main.o(i.assert_failed) for assert_failed
    stm32l1xx_hal_cortex.o(i.HAL_NVIC_SetPriority) refers to main.o(i.assert_failed) for assert_failed
    stm32l1xx_hal_cortex.o(i.HAL_NVIC_SetPriority) refers to stm32l1xx_hal_cortex.o(i.NVIC_SetPriority) for NVIC_SetPriority
    stm32l1xx_hal_cortex.o(i.HAL_NVIC_SetPriorityGrouping) refers to main.o(i.assert_failed) for assert_failed
    stm32l1xx_hal_cortex.o(i.HAL_SYSTICK_CLKSourceConfig) refers to main.o(i.assert_failed) for assert_failed
    stm32l1xx_hal_cortex.o(i.HAL_SYSTICK_Config) refers to stm32l1xx_hal_cortex.o(i.NVIC_SetPriority) for NVIC_SetPriority
    stm32l1xx_hal_cortex.o(i.HAL_SYSTICK_IRQHandler) refers to stm32l1xx_hal_cortex.o(i.HAL_SYSTICK_Callback) for HAL_SYSTICK_Callback
    entry.o(.ARM.Collect$$$$00000000) refers (Special) to entry10a.o(.ARM.Collect$$$$0000000D) for __rt_final_cpp
    entry.o(.ARM.Collect$$$$00000000) refers (Special) to entry11a.o(.ARM.Collect$$$$0000000F) for __rt_final_exit
    entry.o(.ARM.Collect$$$$00000000) refers (Special) to entry7b.o(.ARM.Collect$$$$00000008) for _main_clock
    entry.o(.ARM.Collect$$$$00000000) refers (Special) to entry8b.o(.ARM.Collect$$$$0000000A) for _main_cpp_init
    entry.o(.ARM.Collect$$$$00000000) refers (Special) to entry9a.o(.ARM.Collect$$$$0000000B) for _main_init
    entry.o(.ARM.Collect$$$$00000000) refers (Special) to entry5.o(.ARM.Collect$$$$00000004) for _main_scatterload
    entry.o(.ARM.Collect$$$$00000000) refers (Special) to entry2.o(.ARM.Collect$$$$00000001) for _main_stk
    printfb.o(i.__0fprintf$bare) refers to printfb.o(i._printf_core) for _printf_core
    printfb.o(i.__0fprintf$bare) refers to main.o(i.fputc) for fputc
    printfb.o(i.__0printf$bare) refers to printfb.o(i._printf_core) for _printf_core
    printfb.o(i.__0printf$bare) refers to main.o(i.fputc) for fputc
    printfb.o(i.__0printf$bare) refers to stdout.o(.data) for __stdout
    printfb.o(i.__0snprintf$bare) refers to printfb.o(i._printf_core) for _printf_core
    printfb.o(i.__0snprintf$bare) refers to printfb.o(i._snputc) for _snputc
    printfb.o(i.__0sprintf$bare) refers to printfb.o(i._printf_core) for _printf_core
    printfb.o(i.__0sprintf$bare) refers to printfb.o(i._sputc) for _sputc
    printfb.o(i.__0vfprintf$bare) refers to printfb.o(i._printf_core) for _printf_core
    printfb.o(i.__0vfprintf$bare) refers to main.o(i.fputc) for fputc
    printfb.o(i.__0vprintf$bare) refers to printfb.o(i._printf_core) for _printf_core
    printfb.o(i.__0vprintf$bare) refers to main.o(i.fputc) for fputc
    printfb.o(i.__0vprintf$bare) refers to stdout.o(.data) for __stdout
    printfb.o(i.__0vsnprintf$bare) refers to printfb.o(i._printf_core) for _printf_core
    printfb.o(i.__0vsnprintf$bare) refers to printfb.o(i._snputc) for _snputc
    printfb.o(i.__0vsprintf$bare) refers to printfb.o(i._printf_core) for _printf_core
    printfb.o(i.__0vsprintf$bare) refers to printfb.o(i._sputc) for _sputc
    printf0.o(i.__0fprintf$0) refers to printf0.o(i._printf_core) for _printf_core
    printf0.o(i.__0fprintf$0) refers to main.o(i.fputc) for fputc
    printf0.o(i.__0printf$0) refers to printf0.o(i._printf_core) for _printf_core
    printf0.o(i.__0printf$0) refers to main.o(i.fputc) for fputc
    printf0.o(i.__0printf$0) refers to stdout.o(.data) for __stdout
    printf0.o(i.__0snprintf$0) refers to printf0.o(i._printf_core) for _printf_core
    printf0.o(i.__0snprintf$0) refers to printf0.o(i._snputc) for _snputc
    printf0.o(i.__0sprintf$0) refers to printf0.o(i._printf_core) for _printf_core
    printf0.o(i.__0sprintf$0) refers to printf0.o(i._sputc) for _sputc
    printf0.o(i.__0vfprintf$0) refers to printf0.o(i._printf_core) for _printf_core
    printf0.o(i.__0vfprintf$0) refers to main.o(i.fputc) for fputc
    printf0.o(i.__0vprintf$0) refers to printf0.o(i._printf_core) for _printf_core
    printf0.o(i.__0vprintf$0) refers to main.o(i.fputc) for fputc
    printf0.o(i.__0vprintf$0) refers to stdout.o(.data) for __stdout
    printf0.o(i.__0vsnprintf$0) refers to printf0.o(i._printf_core) for _printf_core
    printf0.o(i.__0vsnprintf$0) refers to printf0.o(i._snputc) for _snputc
    printf0.o(i.__0vsprintf$0) refers to printf0.o(i._printf_core) for _printf_core
    printf0.o(i.__0vsprintf$0) refers to printf0.o(i._sputc) for _sputc
    printf1.o(i.__0fprintf$1) refers to printf1.o(i._printf_core) for _printf_core
    printf1.o(i.__0fprintf$1) refers to main.o(i.fputc) for fputc
    printf1.o(i.__0printf$1) refers to printf1.o(i._printf_core) for _printf_core
    printf1.o(i.__0printf$1) refers to main.o(i.fputc) for fputc
    printf1.o(i.__0printf$1) refers to stdout.o(.data) for __stdout
    printf1.o(i.__0snprintf$1) refers to printf1.o(i._printf_core) for _printf_core
    printf1.o(i.__0snprintf$1) refers to printf1.o(i._snputc) for _snputc
    printf1.o(i.__0sprintf$1) refers to printf1.o(i._printf_core) for _printf_core
    printf1.o(i.__0sprintf$1) refers to printf1.o(i._sputc) for _sputc
    printf1.o(i.__0vfprintf$1) refers to printf1.o(i._printf_core) for _printf_core
    printf1.o(i.__0vfprintf$1) refers to main.o(i.fputc) for fputc
    printf1.o(i.__0vprintf$1) refers to printf1.o(i._printf_core) for _printf_core
    printf1.o(i.__0vprintf$1) refers to main.o(i.fputc) for fputc
    printf1.o(i.__0vprintf$1) refers to stdout.o(.data) for __stdout
    printf1.o(i.__0vsnprintf$1) refers to printf1.o(i._printf_core) for _printf_core
    printf1.o(i.__0vsnprintf$1) refers to printf1.o(i._snputc) for _snputc
    printf1.o(i.__0vsprintf$1) refers to printf1.o(i._printf_core) for _printf_core
    printf1.o(i.__0vsprintf$1) refers to printf1.o(i._sputc) for _sputc
    printf1.o(i._printf_core) refers to uidiv.o(.text) for __aeabi_uidivmod
    printf2.o(i.__0fprintf$2) refers to printf2.o(i._printf_core) for _printf_core
    printf2.o(i.__0fprintf$2) refers to main.o(i.fputc) for fputc
    printf2.o(i.__0printf$2) refers to printf2.o(i._printf_core) for _printf_core
    printf2.o(i.__0printf$2) refers to main.o(i.fputc) for fputc
    printf2.o(i.__0printf$2) refers to stdout.o(.data) for __stdout
    printf2.o(i.__0snprintf$2) refers to printf2.o(i._printf_core) for _printf_core
    printf2.o(i.__0snprintf$2) refers to printf2.o(i._snputc) for _snputc
    printf2.o(i.__0sprintf$2) refers to printf2.o(i._printf_core) for _printf_core
    printf2.o(i.__0sprintf$2) refers to printf2.o(i._sputc) for _sputc
    printf2.o(i.__0vfprintf$2) refers to printf2.o(i._printf_core) for _printf_core
    printf2.o(i.__0vfprintf$2) refers to main.o(i.fputc) for fputc
    printf2.o(i.__0vprintf$2) refers to printf2.o(i._printf_core) for _printf_core
    printf2.o(i.__0vprintf$2) refers to main.o(i.fputc) for fputc
    printf2.o(i.__0vprintf$2) refers to stdout.o(.data) for __stdout
    printf2.o(i.__0vsnprintf$2) refers to printf2.o(i._printf_core) for _printf_core
    printf2.o(i.__0vsnprintf$2) refers to printf2.o(i._snputc) for _snputc
    printf2.o(i.__0vsprintf$2) refers to printf2.o(i._printf_core) for _printf_core
    printf2.o(i.__0vsprintf$2) refers to printf2.o(i._sputc) for _sputc
    printf3.o(i.__0fprintf$3) refers to printf3.o(i._printf_core) for _printf_core
    printf3.o(i.__0fprintf$3) refers to main.o(i.fputc) for fputc
    printf3.o(i.__0printf$3) refers to printf3.o(i._printf_core) for _printf_core
    printf3.o(i.__0printf$3) refers to main.o(i.fputc) for fputc
    printf3.o(i.__0printf$3) refers to stdout.o(.data) for __stdout
    printf3.o(i.__0snprintf$3) refers to printf3.o(i._printf_core) for _printf_core
    printf3.o(i.__0snprintf$3) refers to printf3.o(i._snputc) for _snputc
    printf3.o(i.__0sprintf$3) refers to printf3.o(i._printf_core) for _printf_core
    printf3.o(i.__0sprintf$3) refers to printf3.o(i._sputc) for _sputc
    printf3.o(i.__0vfprintf$3) refers to printf3.o(i._printf_core) for _printf_core
    printf3.o(i.__0vfprintf$3) refers to main.o(i.fputc) for fputc
    printf3.o(i.__0vprintf$3) refers to printf3.o(i._printf_core) for _printf_core
    printf3.o(i.__0vprintf$3) refers to main.o(i.fputc) for fputc
    printf3.o(i.__0vprintf$3) refers to stdout.o(.data) for __stdout
    printf3.o(i.__0vsnprintf$3) refers to printf3.o(i._printf_core) for _printf_core
    printf3.o(i.__0vsnprintf$3) refers to printf3.o(i._snputc) for _snputc
    printf3.o(i.__0vsprintf$3) refers to printf3.o(i._printf_core) for _printf_core
    printf3.o(i.__0vsprintf$3) refers to printf3.o(i._sputc) for _sputc
    printf3.o(i._printf_core) refers to uidiv.o(.text) for __aeabi_uidivmod
    printf4.o(i.__0fprintf$4) refers to printf4.o(i._printf_core) for _printf_core
    printf4.o(i.__0fprintf$4) refers to main.o(i.fputc) for fputc
    printf4.o(i.__0printf$4) refers to printf4.o(i._printf_core) for _printf_core
    printf4.o(i.__0printf$4) refers to main.o(i.fputc) for fputc
    printf4.o(i.__0printf$4) refers to stdout.o(.data) for __stdout
    printf4.o(i.__0snprintf$4) refers to printf4.o(i._printf_core) for _printf_core
    printf4.o(i.__0snprintf$4) refers to printf4.o(i._snputc) for _snputc
    printf4.o(i.__0sprintf$4) refers to printf4.o(i._printf_core) for _printf_core
    printf4.o(i.__0sprintf$4) refers to printf4.o(i._sputc) for _sputc
    printf4.o(i.__0vfprintf$4) refers to printf4.o(i._printf_core) for _printf_core
    printf4.o(i.__0vfprintf$4) refers to main.o(i.fputc) for fputc
    printf4.o(i.__0vprintf$4) refers to printf4.o(i._printf_core) for _printf_core
    printf4.o(i.__0vprintf$4) refers to main.o(i.fputc) for fputc
    printf4.o(i.__0vprintf$4) refers to stdout.o(.data) for __stdout
    printf4.o(i.__0vsnprintf$4) refers to printf4.o(i._printf_core) for _printf_core
    printf4.o(i.__0vsnprintf$4) refers to printf4.o(i._snputc) for _snputc
    printf4.o(i.__0vsprintf$4) refers to printf4.o(i._printf_core) for _printf_core
    printf4.o(i.__0vsprintf$4) refers to printf4.o(i._sputc) for _sputc
    printf4.o(i._printf_core) refers to uldiv.o(.text) for __aeabi_uldivmod
    printf5.o(i.__0fprintf$5) refers to printf5.o(i._printf_core) for _printf_core
    printf5.o(i.__0fprintf$5) refers to main.o(i.fputc) for fputc
    printf5.o(i.__0printf$5) refers to printf5.o(i._printf_core) for _printf_core
    printf5.o(i.__0printf$5) refers to main.o(i.fputc) for fputc
    printf5.o(i.__0printf$5) refers to stdout.o(.data) for __stdout
    printf5.o(i.__0snprintf$5) refers to printf5.o(i._printf_core) for _printf_core
    printf5.o(i.__0snprintf$5) refers to printf5.o(i._snputc) for _snputc
    printf5.o(i.__0sprintf$5) refers to printf5.o(i._printf_core) for _printf_core
    printf5.o(i.__0sprintf$5) refers to printf5.o(i._sputc) for _sputc
    printf5.o(i.__0vfprintf$5) refers to printf5.o(i._printf_core) for _printf_core
    printf5.o(i.__0vfprintf$5) refers to main.o(i.fputc) for fputc
    printf5.o(i.__0vprintf$5) refers to printf5.o(i._printf_core) for _printf_core
    printf5.o(i.__0vprintf$5) refers to main.o(i.fputc) for fputc
    printf5.o(i.__0vprintf$5) refers to stdout.o(.data) for __stdout
    printf5.o(i.__0vsnprintf$5) refers to printf5.o(i._printf_core) for _printf_core
    printf5.o(i.__0vsnprintf$5) refers to printf5.o(i._snputc) for _snputc
    printf5.o(i.__0vsprintf$5) refers to printf5.o(i._printf_core) for _printf_core
    printf5.o(i.__0vsprintf$5) refers to printf5.o(i._sputc) for _sputc
    printf5.o(i._printf_core) refers to uldiv.o(.text) for __aeabi_uldivmod
    printf6.o(i.__0fprintf$6) refers to printf6.o(i._printf_core) for _printf_core
    printf6.o(i.__0fprintf$6) refers to main.o(i.fputc) for fputc
    printf6.o(i.__0printf$6) refers to printf6.o(i._printf_core) for _printf_core
    printf6.o(i.__0printf$6) refers to main.o(i.fputc) for fputc
    printf6.o(i.__0printf$6) refers to stdout.o(.data) for __stdout
    printf6.o(i.__0snprintf$6) refers to printf6.o(i._printf_core) for _printf_core
    printf6.o(i.__0snprintf$6) refers to printf6.o(i._snputc) for _snputc
    printf6.o(i.__0sprintf$6) refers to printf6.o(i._printf_core) for _printf_core
    printf6.o(i.__0sprintf$6) refers to printf6.o(i._sputc) for _sputc
    printf6.o(i.__0vfprintf$6) refers to printf6.o(i._printf_core) for _printf_core
    printf6.o(i.__0vfprintf$6) refers to main.o(i.fputc) for fputc
    printf6.o(i.__0vprintf$6) refers to printf6.o(i._printf_core) for _printf_core
    printf6.o(i.__0vprintf$6) refers to main.o(i.fputc) for fputc
    printf6.o(i.__0vprintf$6) refers to stdout.o(.data) for __stdout
    printf6.o(i.__0vsnprintf$6) refers to printf6.o(i._printf_core) for _printf_core
    printf6.o(i.__0vsnprintf$6) refers to printf6.o(i._snputc) for _snputc
    printf6.o(i.__0vsprintf$6) refers to printf6.o(i._printf_core) for _printf_core
    printf6.o(i.__0vsprintf$6) refers to printf6.o(i._sputc) for _sputc
    printf6.o(i._printf_core) refers to printf6.o(i._printf_pre_padding) for _printf_pre_padding
    printf6.o(i._printf_core) refers to uidiv.o(.text) for __aeabi_uidivmod
    printf6.o(i._printf_core) refers to printf6.o(i._printf_post_padding) for _printf_post_padding
    printf7.o(i.__0fprintf$7) refers to printf7.o(i._printf_core) for _printf_core
    printf7.o(i.__0fprintf$7) refers to main.o(i.fputc) for fputc
    printf7.o(i.__0printf$7) refers to printf7.o(i._printf_core) for _printf_core
    printf7.o(i.__0printf$7) refers to main.o(i.fputc) for fputc
    printf7.o(i.__0printf$7) refers to stdout.o(.data) for __stdout
    printf7.o(i.__0snprintf$7) refers to printf7.o(i._printf_core) for _printf_core
    printf7.o(i.__0snprintf$7) refers to printf7.o(i._snputc) for _snputc
    printf7.o(i.__0sprintf$7) refers to printf7.o(i._printf_core) for _printf_core
    printf7.o(i.__0sprintf$7) refers to printf7.o(i._sputc) for _sputc
    printf7.o(i.__0vfprintf$7) refers to printf7.o(i._printf_core) for _printf_core
    printf7.o(i.__0vfprintf$7) refers to main.o(i.fputc) for fputc
    printf7.o(i.__0vprintf$7) refers to printf7.o(i._printf_core) for _printf_core
    printf7.o(i.__0vprintf$7) refers to main.o(i.fputc) for fputc
    printf7.o(i.__0vprintf$7) refers to stdout.o(.data) for __stdout
    printf7.o(i.__0vsnprintf$7) refers to printf7.o(i._printf_core) for _printf_core
    printf7.o(i.__0vsnprintf$7) refers to printf7.o(i._snputc) for _snputc
    printf7.o(i.__0vsprintf$7) refers to printf7.o(i._printf_core) for _printf_core
    printf7.o(i.__0vsprintf$7) refers to printf7.o(i._sputc) for _sputc
    printf7.o(i._printf_core) refers to printf7.o(i._printf_pre_padding) for _printf_pre_padding
    printf7.o(i._printf_core) refers to uldiv.o(.text) for __aeabi_uldivmod
    printf7.o(i._printf_core) refers to printf7.o(i._printf_post_padding) for _printf_post_padding
    printf8.o(i.__0fprintf$8) refers to printf8.o(i._printf_core) for _printf_core
    printf8.o(i.__0fprintf$8) refers to main.o(i.fputc) for fputc
    printf8.o(i.__0printf$8) refers to printf8.o(i._printf_core) for _printf_core
    printf8.o(i.__0printf$8) refers to main.o(i.fputc) for fputc
    printf8.o(i.__0printf$8) refers to stdout.o(.data) for __stdout
    printf8.o(i.__0snprintf$8) refers to printf8.o(i._printf_core) for _printf_core
    printf8.o(i.__0snprintf$8) refers to printf8.o(i._snputc) for _snputc
    printf8.o(i.__0sprintf$8) refers to printf8.o(i._printf_core) for _printf_core
    printf8.o(i.__0sprintf$8) refers to printf8.o(i._sputc) for _sputc
    printf8.o(i.__0vfprintf$8) refers to printf8.o(i._printf_core) for _printf_core
    printf8.o(i.__0vfprintf$8) refers to main.o(i.fputc) for fputc
    printf8.o(i.__0vprintf$8) refers to printf8.o(i._printf_core) for _printf_core
    printf8.o(i.__0vprintf$8) refers to main.o(i.fputc) for fputc
    printf8.o(i.__0vprintf$8) refers to stdout.o(.data) for __stdout
    printf8.o(i.__0vsnprintf$8) refers to printf8.o(i._printf_core) for _printf_core
    printf8.o(i.__0vsnprintf$8) refers to printf8.o(i._snputc) for _snputc
    printf8.o(i.__0vsprintf$8) refers to printf8.o(i._printf_core) for _printf_core
    printf8.o(i.__0vsprintf$8) refers to printf8.o(i._sputc) for _sputc
    printf8.o(i._printf_core) refers to printf8.o(i._printf_pre_padding) for _printf_pre_padding
    printf8.o(i._printf_core) refers to uldiv.o(.text) for __aeabi_uldivmod
    printf8.o(i._printf_core) refers to printf8.o(i._printf_post_padding) for _printf_post_padding
    printfa.o(i.__0fprintf) refers (Special) to iusefp.o(.text) for __I$use$fp
    printfa.o(i.__0fprintf) refers to printfa.o(i._printf_core) for _printf_core
    printfa.o(i.__0fprintf) refers to main.o(i.fputc) for fputc
    printfa.o(i.__0printf) refers (Special) to iusefp.o(.text) for __I$use$fp
    printfa.o(i.__0printf) refers to printfa.o(i._printf_core) for _printf_core
    printfa.o(i.__0printf) refers to main.o(i.fputc) for fputc
    printfa.o(i.__0printf) refers to stdout.o(.data) for __stdout
    printfa.o(i.__0snprintf) refers (Special) to iusefp.o(.text) for __I$use$fp
    printfa.o(i.__0snprintf) refers to printfa.o(i._printf_core) for _printf_core
    printfa.o(i.__0snprintf) refers to printfa.o(i._snputc) for _snputc
    printfa.o(i.__0sprintf) refers (Special) to iusefp.o(.text) for __I$use$fp
    printfa.o(i.__0sprintf) refers to printfa.o(i._printf_core) for _printf_core
    printfa.o(i.__0sprintf) refers to printfa.o(i._sputc) for _sputc
    printfa.o(i.__0vfprintf) refers (Special) to iusefp.o(.text) for __I$use$fp
    printfa.o(i.__0vfprintf) refers to printfa.o(i._printf_core) for _printf_core
    printfa.o(i.__0vfprintf) refers to main.o(i.fputc) for fputc
    printfa.o(i.__0vprintf) refers (Special) to iusefp.o(.text) for __I$use$fp
    printfa.o(i.__0vprintf) refers to printfa.o(i._printf_core) for _printf_core
    printfa.o(i.__0vprintf) refers to main.o(i.fputc) for fputc
    printfa.o(i.__0vprintf) refers to stdout.o(.data) for __stdout
    printfa.o(i.__0vsnprintf) refers (Special) to iusefp.o(.text) for __I$use$fp
    printfa.o(i.__0vsnprintf) refers to printfa.o(i._printf_core) for _printf_core
    printfa.o(i.__0vsnprintf) refers to printfa.o(i._snputc) for _snputc
    printfa.o(i.__0vsprintf) refers (Special) to iusefp.o(.text) for __I$use$fp
    printfa.o(i.__0vsprintf) refers to printfa.o(i._printf_core) for _printf_core
    printfa.o(i.__0vsprintf) refers to printfa.o(i._sputc) for _sputc
    printfa.o(i._fp_digits) refers (Special) to iusefp.o(.text) for __I$use$fp
    printfa.o(i._fp_digits) refers to dmul.o(.text) for __aeabi_dmul
    printfa.o(i._fp_digits) refers to ddiv.o(.text) for __aeabi_ddiv
    printfa.o(i._fp_digits) refers to cdrcmple.o(.text) for __aeabi_cdrcmple
    printfa.o(i._fp_digits) refers to dadd.o(.text) for __aeabi_dadd
    printfa.o(i._fp_digits) refers to dfixul.o(.text) for __aeabi_d2ulz
    printfa.o(i._fp_digits) refers to uldiv.o(.text) for __aeabi_uldivmod
    printfa.o(i._printf_core) refers (Special) to iusefp.o(.text) for __I$use$fp
    printfa.o(i._printf_core) refers to printfa.o(i._printf_pre_padding) for _printf_pre_padding
    printfa.o(i._printf_core) refers to uldiv.o(.text) for __aeabi_uldivmod
    printfa.o(i._printf_core) refers to printfa.o(i._printf_post_padding) for _printf_post_padding
    printfa.o(i._printf_core) refers to printfa.o(i._fp_digits) for _fp_digits
    printfa.o(i._printf_core) refers to uidiv.o(.text) for __aeabi_uidivmod
    printfa.o(i._printf_post_padding) refers (Special) to iusefp.o(.text) for __I$use$fp
    printfa.o(i._printf_pre_padding) refers (Special) to iusefp.o(.text) for __I$use$fp
    printfa.o(i._snputc) refers (Special) to iusefp.o(.text) for __I$use$fp
    printfa.o(i._sputc) refers (Special) to iusefp.o(.text) for __I$use$fp
    entry2.o(.ARM.Collect$$$$00000001) refers to entry2.o(.ARM.Collect$$$$00002712) for __lit__00000000
    entry2.o(.ARM.Collect$$$$00002712) refers to startup_stm32l151xba.o(STACK) for __initial_sp
    entry2.o(__vectab_stack_and_reset_area) refers to startup_stm32l151xba.o(STACK) for __initial_sp
    entry2.o(__vectab_stack_and_reset_area) refers to entry.o(.ARM.Collect$$$$00000000) for __main
    entry5.o(.ARM.Collect$$$$00000004) refers to init.o(.text) for __scatterload
    entry9a.o(.ARM.Collect$$$$0000000B) refers to main.o(i.main) for main
    entry9b.o(.ARM.Collect$$$$0000000C) refers to main.o(i.main) for main
    uldiv.o(.text) refers to llushr.o(.text) for __aeabi_llsr
    uldiv.o(.text) refers to llshl.o(.text) for __aeabi_llsl
    dadd.o(.text) refers to llshl.o(.text) for __aeabi_llsl
    dadd.o(.text) refers to llsshr.o(.text) for __aeabi_lasr
    dadd.o(.text) refers to depilogue.o(.text) for _double_epilogue
    dmul.o(.text) refers to depilogue.o(.text) for _double_epilogue
    ddiv.o(.text) refers to depilogue.o(.text) for _double_round
    dfixul.o(.text) refers to llushr.o(.text) for __aeabi_llsr
    dfixul.o(.text) refers to llshl.o(.text) for __aeabi_llsl
    init.o(.text) refers to entry5.o(.ARM.Collect$$$$00000004) for __main_after_scatterload
    depilogue.o(.text) refers to llshl.o(.text) for __aeabi_llsl
    depilogue.o(.text) refers to llushr.o(.text) for __aeabi_llsr


==============================================================================

Removing Unused input sections from the image.

    Removing startup_stm32l151xba.o(HEAP), (1024 bytes).
    Removing stm32l1xx_hal_msp.o(.rev16_text), (4 bytes).
    Removing stm32l1xx_hal_msp.o(.revsh_text), (4 bytes).
    Removing stm32l1xx_hal_msp.o(.rrx_text), (6 bytes).
    Removing main.o(.rev16_text), (4 bytes).
    Removing main.o(.revsh_text), (4 bytes).
    Removing main.o(.rrx_text), (6 bytes).
    Removing usart.o(.rev16_text), (4 bytes).
    Removing usart.o(.revsh_text), (4 bytes).
    Removing usart.o(.rrx_text), (6 bytes).
    Removing usart.o(i.HAL_UART_MspDeInit), (44 bytes).
    Removing rtc.o(.rev16_text), (4 bytes).
    Removing rtc.o(.revsh_text), (4 bytes).
    Removing rtc.o(.rrx_text), (6 bytes).
    Removing rtc.o(i.HAL_RTC_MspDeInit), (48 bytes).
    Removing stm32l1xx_it.o(.rev16_text), (4 bytes).
    Removing stm32l1xx_it.o(.revsh_text), (4 bytes).
    Removing stm32l1xx_it.o(.rrx_text), (6 bytes).
    Removing gpio.o(.rev16_text), (4 bytes).
    Removing gpio.o(.revsh_text), (4 bytes).
    Removing gpio.o(.rrx_text), (6 bytes).
    Removing system_stm32l1xx.o(.rev16_text), (4 bytes).
    Removing system_stm32l1xx.o(.revsh_text), (4 bytes).
    Removing system_stm32l1xx.o(.rrx_text), (6 bytes).
    Removing system_stm32l1xx.o(i.SystemCoreClockUpdate), (144 bytes).
    Removing system_stm32l1xx.o(.constdata), (25 bytes).
    Removing stm32l1xx_hal_tim_ex.o(.rev16_text), (4 bytes).
    Removing stm32l1xx_hal_tim_ex.o(.revsh_text), (4 bytes).
    Removing stm32l1xx_hal_tim_ex.o(.rrx_text), (6 bytes).
    Removing stm32l1xx_hal_flash.o(.rev16_text), (4 bytes).
    Removing stm32l1xx_hal_flash.o(.revsh_text), (4 bytes).
    Removing stm32l1xx_hal_flash.o(.rrx_text), (6 bytes).
    Removing stm32l1xx_hal_flash.o(i.FLASH_SetErrorCode), (88 bytes).
    Removing stm32l1xx_hal_flash.o(i.FLASH_WaitForLastOperation), (92 bytes).
    Removing stm32l1xx_hal_flash.o(i.HAL_FLASH_EndOfOperationCallback), (2 bytes).
    Removing stm32l1xx_hal_flash.o(i.HAL_FLASH_GetError), (12 bytes).
    Removing stm32l1xx_hal_flash.o(i.HAL_FLASH_IRQHandler), (220 bytes).
    Removing stm32l1xx_hal_flash.o(i.HAL_FLASH_Lock), (20 bytes).
    Removing stm32l1xx_hal_flash.o(i.HAL_FLASH_OB_Launch), (24 bytes).
    Removing stm32l1xx_hal_flash.o(i.HAL_FLASH_OB_Lock), (20 bytes).
    Removing stm32l1xx_hal_flash.o(i.HAL_FLASH_OB_Unlock), (68 bytes).
    Removing stm32l1xx_hal_flash.o(i.HAL_FLASH_OperationErrorCallback), (2 bytes).
    Removing stm32l1xx_hal_flash.o(i.HAL_FLASH_Program), (156 bytes).
    Removing stm32l1xx_hal_flash.o(i.HAL_FLASH_Program_IT), (168 bytes).
    Removing stm32l1xx_hal_flash.o(i.HAL_FLASH_Unlock), (68 bytes).
    Removing stm32l1xx_hal_flash.o(.bss), (24 bytes).
    Removing stm32l1xx_hal_uart.o(.rev16_text), (4 bytes).
    Removing stm32l1xx_hal_uart.o(.revsh_text), (4 bytes).
    Removing stm32l1xx_hal_uart.o(.rrx_text), (6 bytes).
    Removing stm32l1xx_hal_uart.o(i.HAL_HalfDuplex_EnableReceiver), (46 bytes).
    Removing stm32l1xx_hal_uart.o(i.HAL_HalfDuplex_EnableTransmitter), (48 bytes).
    Removing stm32l1xx_hal_uart.o(i.HAL_HalfDuplex_Init), (248 bytes).
    Removing stm32l1xx_hal_uart.o(i.HAL_LIN_Init), (264 bytes).
    Removing stm32l1xx_hal_uart.o(i.HAL_LIN_SendBreak), (148 bytes).
    Removing stm32l1xx_hal_uart.o(i.HAL_MultiProcessor_EnterMuteMode), (148 bytes).
    Removing stm32l1xx_hal_uart.o(i.HAL_MultiProcessor_ExitMuteMode), (148 bytes).
    Removing stm32l1xx_hal_uart.o(i.HAL_MultiProcessor_Init), (300 bytes).
    Removing stm32l1xx_hal_uart.o(i.HAL_UART_DMAPause), (90 bytes).
    Removing stm32l1xx_hal_uart.o(i.HAL_UART_DMAResume), (104 bytes).
    Removing stm32l1xx_hal_uart.o(i.HAL_UART_DMAStop), (40 bytes).
    Removing stm32l1xx_hal_uart.o(i.HAL_UART_DeInit), (164 bytes).
    Removing stm32l1xx_hal_uart.o(i.HAL_UART_ErrorCallback), (2 bytes).
    Removing stm32l1xx_hal_uart.o(i.HAL_UART_GetError), (4 bytes).
    Removing stm32l1xx_hal_uart.o(i.HAL_UART_GetState), (6 bytes).
    Removing stm32l1xx_hal_uart.o(i.HAL_UART_IRQHandler), (218 bytes).
    Removing stm32l1xx_hal_uart.o(i.HAL_UART_MspDeInit), (2 bytes).
    Removing stm32l1xx_hal_uart.o(i.HAL_UART_MspInit), (2 bytes).
    Removing stm32l1xx_hal_uart.o(i.HAL_UART_Receive), (204 bytes).
    Removing stm32l1xx_hal_uart.o(i.HAL_UART_Receive_DMA), (136 bytes).
    Removing stm32l1xx_hal_uart.o(i.HAL_UART_Receive_IT), (106 bytes).
    Removing stm32l1xx_hal_uart.o(i.HAL_UART_RxCpltCallback), (2 bytes).
    Removing stm32l1xx_hal_uart.o(i.HAL_UART_RxHalfCpltCallback), (2 bytes).
    Removing stm32l1xx_hal_uart.o(i.HAL_UART_Transmit), (204 bytes).
    Removing stm32l1xx_hal_uart.o(i.HAL_UART_Transmit_DMA), (144 bytes).
    Removing stm32l1xx_hal_uart.o(i.HAL_UART_Transmit_IT), (86 bytes).
    Removing stm32l1xx_hal_uart.o(i.HAL_UART_TxCpltCallback), (2 bytes).
    Removing stm32l1xx_hal_uart.o(i.HAL_UART_TxHalfCpltCallback), (2 bytes).
    Removing stm32l1xx_hal_uart.o(i.UART_DMAError), (30 bytes).
    Removing stm32l1xx_hal_uart.o(i.UART_DMAReceiveCplt), (54 bytes).
    Removing stm32l1xx_hal_uart.o(i.UART_DMARxHalfCplt), (10 bytes).
    Removing stm32l1xx_hal_uart.o(i.UART_DMATransmitCplt), (46 bytes).
    Removing stm32l1xx_hal_uart.o(i.UART_DMATxHalfCplt), (10 bytes).
    Removing stm32l1xx_hal_uart.o(i.UART_Receive_IT), (168 bytes).
    Removing stm32l1xx_hal_uart.o(i.UART_Transmit_IT), (102 bytes).
    Removing stm32l1xx_hal_uart.o(i.UART_WaitOnFlagUntilTimeout), (146 bytes).
    Removing stm32l1xx_hal_tim.o(.rev16_text), (4 bytes).
    Removing stm32l1xx_hal_tim.o(.revsh_text), (4 bytes).
    Removing stm32l1xx_hal_tim.o(.rrx_text), (6 bytes).
    Removing stm32l1xx_hal_dma.o(.rev16_text), (4 bytes).
    Removing stm32l1xx_hal_dma.o(.revsh_text), (4 bytes).
    Removing stm32l1xx_hal_dma.o(.rrx_text), (6 bytes).
    Removing stm32l1xx_hal_dma.o(i.DMA_SetConfig), (30 bytes).
    Removing stm32l1xx_hal_dma.o(i.HAL_DMA_Abort), (86 bytes).
    Removing stm32l1xx_hal_dma.o(i.HAL_DMA_DeInit), (396 bytes).
    Removing stm32l1xx_hal_dma.o(i.HAL_DMA_GetError), (4 bytes).
    Removing stm32l1xx_hal_dma.o(i.HAL_DMA_GetState), (6 bytes).
    Removing stm32l1xx_hal_dma.o(i.HAL_DMA_IRQHandler), (620 bytes).
    Removing stm32l1xx_hal_dma.o(i.HAL_DMA_Init), (356 bytes).
    Removing stm32l1xx_hal_dma.o(i.HAL_DMA_PollForTransfer), (572 bytes).
    Removing stm32l1xx_hal_dma.o(i.HAL_DMA_Start), (152 bytes).
    Removing stm32l1xx_hal_dma.o(i.HAL_DMA_Start_IT), (180 bytes).
    Removing stm32l1xx_hal_rtc.o(.rev16_text), (4 bytes).
    Removing stm32l1xx_hal_rtc.o(.revsh_text), (4 bytes).
    Removing stm32l1xx_hal_rtc.o(.rrx_text), (6 bytes).
    Removing stm32l1xx_hal_rtc.o(i.HAL_RTC_AlarmAEventCallback), (2 bytes).
    Removing stm32l1xx_hal_rtc.o(i.HAL_RTC_AlarmIRQHandler), (92 bytes).
    Removing stm32l1xx_hal_rtc.o(i.HAL_RTC_DeInit), (4 bytes).
    Removing stm32l1xx_hal_rtc.o(i.HAL_RTC_DeactivateAlarm), (268 bytes).
    Removing stm32l1xx_hal_rtc.o(i.HAL_RTC_GetDate), (144 bytes).
    Removing stm32l1xx_hal_rtc.o(i.HAL_RTC_GetState), (4 bytes).
    Removing stm32l1xx_hal_rtc.o(i.HAL_RTC_MspDeInit), (2 bytes).
    Removing stm32l1xx_hal_rtc.o(i.HAL_RTC_MspInit), (2 bytes).
    Removing stm32l1xx_hal_rtc.o(i.HAL_RTC_PollForAlarmAEvent), (66 bytes).
    Removing stm32l1xx_hal_gpio.o(.rev16_text), (4 bytes).
    Removing stm32l1xx_hal_gpio.o(.revsh_text), (4 bytes).
    Removing stm32l1xx_hal_gpio.o(.rrx_text), (6 bytes).
    Removing stm32l1xx_hal_gpio.o(i.HAL_GPIO_DeInit), (396 bytes).
    Removing stm32l1xx_hal_gpio.o(i.HAL_GPIO_LockPin), (188 bytes).
    Removing stm32l1xx_hal_gpio.o(i.HAL_GPIO_ReadPin), (88 bytes).
    Removing stm32l1xx_hal_rcc.o(.rev16_text), (4 bytes).
    Removing stm32l1xx_hal_rcc.o(.revsh_text), (4 bytes).
    Removing stm32l1xx_hal_rcc.o(.rrx_text), (6 bytes).
    Removing stm32l1xx_hal_rcc.o(i.HAL_RCC_CSSCallback), (2 bytes).
    Removing stm32l1xx_hal_rcc.o(i.HAL_RCC_DeInit), (96 bytes).
    Removing stm32l1xx_hal_rcc.o(i.HAL_RCC_DisableCSS), (28 bytes).
    Removing stm32l1xx_hal_rcc.o(i.HAL_RCC_EnableCSS), (24 bytes).
    Removing stm32l1xx_hal_rcc.o(i.HAL_RCC_GetClockConfig), (148 bytes).
    Removing stm32l1xx_hal_rcc.o(i.HAL_RCC_GetOscConfig), (284 bytes).
    Removing stm32l1xx_hal_rcc.o(i.HAL_RCC_MCOConfig), (252 bytes).
    Removing stm32l1xx_hal_rcc.o(i.HAL_RCC_NMI_IRQHandler), (28 bytes).
    Removing stm32l1xx_hal.o(.rev16_text), (4 bytes).
    Removing stm32l1xx_hal.o(.revsh_text), (4 bytes).
    Removing stm32l1xx_hal.o(.rrx_text), (6 bytes).
    Removing stm32l1xx_hal.o(i.HAL_DBGMCU_DisableDBGSleepMode), (16 bytes).
    Removing stm32l1xx_hal.o(i.HAL_DBGMCU_DisableDBGStandbyMode), (16 bytes).
    Removing stm32l1xx_hal.o(i.HAL_DBGMCU_EnableDBGSleepMode), (16 bytes).
    Removing stm32l1xx_hal.o(i.HAL_DBGMCU_EnableDBGStandbyMode), (16 bytes).
    Removing stm32l1xx_hal.o(i.HAL_DBGMCU_EnableDBGStopMode), (16 bytes).
    Removing stm32l1xx_hal.o(i.HAL_DeInit), (40 bytes).
    Removing stm32l1xx_hal.o(i.HAL_GetDEVID), (16 bytes).
    Removing stm32l1xx_hal.o(i.HAL_GetHalVersion), (8 bytes).
    Removing stm32l1xx_hal.o(i.HAL_GetREVID), (12 bytes).
    Removing stm32l1xx_hal.o(i.HAL_MspDeInit), (2 bytes).
    Removing stm32l1xx_hal.o(i.HAL_MspInit), (2 bytes).
    Removing stm32l1xx_hal.o(i.HAL_ResumeTick), (14 bytes).
    Removing stm32l1xx_hal.o(i.HAL_SuspendTick), (14 bytes).
    Removing stm32l1xx_hal_rcc_ex.o(.rev16_text), (4 bytes).
    Removing stm32l1xx_hal_rcc_ex.o(.revsh_text), (4 bytes).
    Removing stm32l1xx_hal_rcc_ex.o(.rrx_text), (6 bytes).
    Removing stm32l1xx_hal_rcc_ex.o(i.HAL_RCCEx_DisableLSECSS), (44 bytes).
    Removing stm32l1xx_hal_rcc_ex.o(i.HAL_RCCEx_EnableLSECSS), (28 bytes).
    Removing stm32l1xx_hal_rcc_ex.o(i.HAL_RCCEx_EnableLSECSS_IT), (68 bytes).
    Removing stm32l1xx_hal_rcc_ex.o(i.HAL_RCCEx_GetPeriphCLKConfig), (44 bytes).
    Removing stm32l1xx_hal_rcc_ex.o(i.HAL_RCCEx_GetPeriphCLKFreq), (196 bytes).
    Removing stm32l1xx_hal_rcc_ex.o(i.HAL_RCCEx_LSECSS_Callback), (2 bytes).
    Removing stm32l1xx_hal_rcc_ex.o(i.HAL_RCCEx_LSECSS_IRQHandler), (28 bytes).
    Removing stm32l1xx_hal_rtc_ex.o(.rev16_text), (4 bytes).
    Removing stm32l1xx_hal_rtc_ex.o(.revsh_text), (4 bytes).
    Removing stm32l1xx_hal_rtc_ex.o(.rrx_text), (6 bytes).
    Removing stm32l1xx_hal_rtc_ex.o(i.HAL_RTCEx_AlarmBEventCallback), (2 bytes).
    Removing stm32l1xx_hal_rtc_ex.o(i.HAL_RTCEx_BKUPRead), (92 bytes).
    Removing stm32l1xx_hal_rtc_ex.o(i.HAL_RTCEx_BKUPWrite), (92 bytes).
    Removing stm32l1xx_hal_rtc_ex.o(i.HAL_RTCEx_DeactivateCalibrationOutPut), (56 bytes).
    Removing stm32l1xx_hal_rtc_ex.o(i.HAL_RTCEx_DeactivateCoarseCalib), (96 bytes).
    Removing stm32l1xx_hal_rtc_ex.o(i.HAL_RTCEx_DeactivateRefClock), (96 bytes).
    Removing stm32l1xx_hal_rtc_ex.o(i.HAL_RTCEx_DeactivateTamper), (120 bytes).
    Removing stm32l1xx_hal_rtc_ex.o(i.HAL_RTCEx_DeactivateTimeStamp), (70 bytes).
    Removing stm32l1xx_hal_rtc_ex.o(i.HAL_RTCEx_DisableBypassShadow), (56 bytes).
    Removing stm32l1xx_hal_rtc_ex.o(i.HAL_RTCEx_EnableBypassShadow), (56 bytes).
    Removing stm32l1xx_hal_rtc_ex.o(i.HAL_RTCEx_GetTimeStamp), (236 bytes).
    Removing stm32l1xx_hal_rtc_ex.o(i.HAL_RTCEx_GetWakeUpTimer), (8 bytes).
    Removing stm32l1xx_hal_rtc_ex.o(i.HAL_RTCEx_PollForAlarmBEvent), (66 bytes).
    Removing stm32l1xx_hal_rtc_ex.o(i.HAL_RTCEx_PollForTamper1Event), (66 bytes).
    Removing stm32l1xx_hal_rtc_ex.o(i.HAL_RTCEx_PollForTamper2Event), (66 bytes).
    Removing stm32l1xx_hal_rtc_ex.o(i.HAL_RTCEx_PollForTamper3Event), (68 bytes).
    Removing stm32l1xx_hal_rtc_ex.o(i.HAL_RTCEx_PollForTimeStampEvent), (78 bytes).
    Removing stm32l1xx_hal_rtc_ex.o(i.HAL_RTCEx_PollForWakeUpTimerEvent), (66 bytes).
    Removing stm32l1xx_hal_rtc_ex.o(i.HAL_RTCEx_SetCalibrationOutPut), (156 bytes).
    Removing stm32l1xx_hal_rtc_ex.o(i.HAL_RTCEx_SetCoarseCalib), (200 bytes).
    Removing stm32l1xx_hal_rtc_ex.o(i.HAL_RTCEx_SetRefClock), (96 bytes).
    Removing stm32l1xx_hal_rtc_ex.o(i.HAL_RTCEx_SetSmoothCalib), (256 bytes).
    Removing stm32l1xx_hal_rtc_ex.o(i.HAL_RTCEx_SetSynchroShift), (244 bytes).
    Removing stm32l1xx_hal_rtc_ex.o(i.HAL_RTCEx_SetTamper), (356 bytes).
    Removing stm32l1xx_hal_rtc_ex.o(i.HAL_RTCEx_SetTamper_IT), (396 bytes).
    Removing stm32l1xx_hal_rtc_ex.o(i.HAL_RTCEx_SetTimeStamp), (152 bytes).
    Removing stm32l1xx_hal_rtc_ex.o(i.HAL_RTCEx_SetTimeStamp_IT), (188 bytes).
    Removing stm32l1xx_hal_rtc_ex.o(i.HAL_RTCEx_SetWakeUpTimer), (304 bytes).
    Removing stm32l1xx_hal_rtc_ex.o(i.HAL_RTCEx_Tamper1EventCallback), (2 bytes).
    Removing stm32l1xx_hal_rtc_ex.o(i.HAL_RTCEx_Tamper2EventCallback), (2 bytes).
    Removing stm32l1xx_hal_rtc_ex.o(i.HAL_RTCEx_Tamper3EventCallback), (2 bytes).
    Removing stm32l1xx_hal_rtc_ex.o(i.HAL_RTCEx_TamperTimeStampIRQHandler), (160 bytes).
    Removing stm32l1xx_hal_rtc_ex.o(i.HAL_RTCEx_TimeStampEventCallback), (2 bytes).
    Removing stm32l1xx_hal_rtc_ex.o(i.HAL_RTC_DeInit), (284 bytes).
    Removing stm32l1xx_hal_rtc_ex.o(i.HAL_RTC_GetAlarm), (228 bytes).
    Removing stm32l1xx_hal_rtc_ex.o(i.HAL_RTC_GetTime), (168 bytes).
    Removing stm32l1xx_hal_rtc_ex.o(i.HAL_RTC_SetAlarm), (904 bytes).
    Removing stm32l1xx_hal_rtc_ex.o(i.HAL_RTC_SetAlarm_IT), (960 bytes).
    Removing stm32l1xx_hal_flash_ramfunc.o(.rev16_text), (4 bytes).
    Removing stm32l1xx_hal_flash_ramfunc.o(.revsh_text), (4 bytes).
    Removing stm32l1xx_hal_flash_ramfunc.o(.rrx_text), (6 bytes).
    Removing stm32l1xx_hal_flash_ramfunc.o(i.FLASHRAM_WaitForLastOperation), (88 bytes).
    Removing stm32l1xx_hal_flash_ramfunc.o(i.HAL_FLASHEx_DATAEEPROM_EraseDoubleWord), (92 bytes).
    Removing stm32l1xx_hal_flash_ramfunc.o(i.HAL_FLASHEx_DATAEEPROM_ProgramDoubleWord), (96 bytes).
    Removing stm32l1xx_hal_flash_ramfunc.o(i.HAL_FLASHEx_DisableRunPowerDown), (40 bytes).
    Removing stm32l1xx_hal_flash_ramfunc.o(i.HAL_FLASHEx_EnableRunPowerDown), (40 bytes).
    Removing stm32l1xx_hal_flash_ramfunc.o(i.HAL_FLASHEx_HalfPageProgram), (112 bytes).
    Removing stm32l1xx_hal_pwr.o(.rev16_text), (4 bytes).
    Removing stm32l1xx_hal_pwr.o(.revsh_text), (4 bytes).
    Removing stm32l1xx_hal_pwr.o(.rrx_text), (6 bytes).
    Removing stm32l1xx_hal_pwr.o(i.HAL_PWR_ConfigPVD), (280 bytes).
    Removing stm32l1xx_hal_pwr.o(i.HAL_PWR_DeInit), (24 bytes).
    Removing stm32l1xx_hal_pwr.o(i.HAL_PWR_DisableBkUpAccess), (28 bytes).
    Removing stm32l1xx_hal_pwr.o(i.HAL_PWR_DisableSEVOnPend), (16 bytes).
    Removing stm32l1xx_hal_pwr.o(i.HAL_PWR_DisableSleepOnExit), (16 bytes).
    Removing stm32l1xx_hal_pwr.o(i.HAL_PWR_DisableWakeUpPin), (116 bytes).
    Removing stm32l1xx_hal_pwr.o(i.HAL_PWR_EnablePVD), (24 bytes).
    Removing stm32l1xx_hal_pwr.o(i.HAL_PWR_EnableSEVOnPend), (16 bytes).
    Removing stm32l1xx_hal_pwr.o(i.HAL_PWR_EnableSleepOnExit), (16 bytes).
    Removing stm32l1xx_hal_pwr.o(i.HAL_PWR_EnterSLEEPMode), (144 bytes).
    Removing stm32l1xx_hal_pwr.o(i.HAL_PWR_EnterSTOPMode), (152 bytes).
    Removing stm32l1xx_hal_pwr.o(i.HAL_PWR_PVDCallback), (2 bytes).
    Removing stm32l1xx_hal_pwr.o(i.HAL_PWR_PVD_IRQHandler), (28 bytes).
    Removing stm32l1xx_hal_pwr_ex.o(.rev16_text), (4 bytes).
    Removing stm32l1xx_hal_pwr_ex.o(.revsh_text), (4 bytes).
    Removing stm32l1xx_hal_pwr_ex.o(.rrx_text), (6 bytes).
    Removing stm32l1xx_hal_pwr_ex.o(i.HAL_PWREx_DisableFastWakeUp), (28 bytes).
    Removing stm32l1xx_hal_pwr_ex.o(i.HAL_PWREx_DisableLowPowerRunMode), (40 bytes).
    Removing stm32l1xx_hal_pwr_ex.o(i.HAL_PWREx_DisableUltraLowPower), (28 bytes).
    Removing stm32l1xx_hal_pwr_ex.o(i.HAL_PWREx_EnableLowPowerRunMode), (36 bytes).
    Removing stm32l1xx_hal_flash_ex.o(.rev16_text), (4 bytes).
    Removing stm32l1xx_hal_flash_ex.o(.revsh_text), (4 bytes).
    Removing stm32l1xx_hal_flash_ex.o(.rrx_text), (6 bytes).
    Removing stm32l1xx_hal_flash_ex.o(i.FLASH_OB_BORConfig), (104 bytes).
    Removing stm32l1xx_hal_flash_ex.o(i.FLASH_OB_PCROPConfig), (60 bytes).
    Removing stm32l1xx_hal_flash_ex.o(i.FLASH_OB_RDPConfig), (108 bytes).
    Removing stm32l1xx_hal_flash_ex.o(i.FLASH_OB_UserConfig), (184 bytes).
    Removing stm32l1xx_hal_flash_ex.o(i.FLASH_OB_WRPConfig), (52 bytes).
    Removing stm32l1xx_hal_flash_ex.o(i.FLASH_OB_WRPConfigWRP1OrPCROP1), (56 bytes).
    Removing stm32l1xx_hal_flash_ex.o(i.FLASH_PageErase), (40 bytes).
    Removing stm32l1xx_hal_flash_ex.o(i.HAL_FLASHEx_AdvOBGetConfig), (44 bytes).
    Removing stm32l1xx_hal_flash_ex.o(i.HAL_FLASHEx_AdvOBProgram), (136 bytes).
    Removing stm32l1xx_hal_flash_ex.o(i.HAL_FLASHEx_DATAEEPROM_DisableFixedTimeProgram), (16 bytes).
    Removing stm32l1xx_hal_flash_ex.o(i.HAL_FLASHEx_DATAEEPROM_EnableFixedTimeProgram), (16 bytes).
    Removing stm32l1xx_hal_flash_ex.o(i.HAL_FLASHEx_DATAEEPROM_Erase), (172 bytes).
    Removing stm32l1xx_hal_flash_ex.o(i.HAL_FLASHEx_DATAEEPROM_Lock), (20 bytes).
    Removing stm32l1xx_hal_flash_ex.o(i.HAL_FLASHEx_DATAEEPROM_Program), (480 bytes).
    Removing stm32l1xx_hal_flash_ex.o(i.HAL_FLASHEx_DATAEEPROM_Unlock), (40 bytes).
    Removing stm32l1xx_hal_flash_ex.o(i.HAL_FLASHEx_Erase), (284 bytes).
    Removing stm32l1xx_hal_flash_ex.o(i.HAL_FLASHEx_Erase_IT), (228 bytes).
    Removing stm32l1xx_hal_flash_ex.o(i.HAL_FLASHEx_OBGetConfig), (68 bytes).
    Removing stm32l1xx_hal_flash_ex.o(i.HAL_FLASHEx_OBProgram), (232 bytes).
    Removing stm32l1xx_hal_flash_ex.o(i.HAL_FLASHEx_OB_DeSelectPCROP), (52 bytes).
    Removing stm32l1xx_hal_flash_ex.o(i.HAL_FLASHEx_OB_SelectPCROP), (56 bytes).
    Removing stm32l1xx_hal_cortex.o(.rev16_text), (4 bytes).
    Removing stm32l1xx_hal_cortex.o(.revsh_text), (4 bytes).
    Removing stm32l1xx_hal_cortex.o(.rrx_text), (6 bytes).
    Removing stm32l1xx_hal_cortex.o(i.HAL_MPU_ConfigRegion), (480 bytes).
    Removing stm32l1xx_hal_cortex.o(i.HAL_NVIC_ClearPendingIRQ), (22 bytes).
    Removing stm32l1xx_hal_cortex.o(i.HAL_NVIC_DisableIRQ), (96 bytes).
    Removing stm32l1xx_hal_cortex.o(i.HAL_NVIC_GetActive), (32 bytes).
    Removing stm32l1xx_hal_cortex.o(i.HAL_NVIC_GetPendingIRQ), (32 bytes).
    Removing stm32l1xx_hal_cortex.o(i.HAL_NVIC_GetPriority), (184 bytes).
    Removing stm32l1xx_hal_cortex.o(i.HAL_NVIC_GetPriorityGrouping), (16 bytes).
    Removing stm32l1xx_hal_cortex.o(i.HAL_NVIC_SetPendingIRQ), (22 bytes).
    Removing stm32l1xx_hal_cortex.o(i.HAL_NVIC_SystemReset), (36 bytes).
    Removing dadd.o(.text), (334 bytes).
    Removing dmul.o(.text), (228 bytes).
    Removing ddiv.o(.text), (222 bytes).
    Removing dfixul.o(.text), (48 bytes).
    Removing cdrcmple.o(.text), (48 bytes).
    Removing depilogue.o(.text), (186 bytes).

271 unused section(s) (total 23471 bytes) removed from the image.

==============================================================================

Image Symbol Table

    Local Symbols

    Symbol Name                              Value     Ov Type        Size  Object(Section)

    ../Drivers/CMSIS/Device/ST/STM32L1xx/Source/Templates/system_stm32l1xx.c 0x00000000   Number         0  system_stm32l1xx.o ABSOLUTE
    ../Drivers/STM32L1xx_HAL_Driver/Src/stm32l1xx_hal.c 0x00000000   Number         0  stm32l1xx_hal.o ABSOLUTE
    ../Drivers/STM32L1xx_HAL_Driver/Src/stm32l1xx_hal_cortex.c 0x00000000   Number         0  stm32l1xx_hal_cortex.o ABSOLUTE
    ../Drivers/STM32L1xx_HAL_Driver/Src/stm32l1xx_hal_dma.c 0x00000000   Number         0  stm32l1xx_hal_dma.o ABSOLUTE
    ../Drivers/STM32L1xx_HAL_Driver/Src/stm32l1xx_hal_flash.c 0x00000000   Number         0  stm32l1xx_hal_flash.o ABSOLUTE
    ../Drivers/STM32L1xx_HAL_Driver/Src/stm32l1xx_hal_flash_ex.c 0x00000000   Number         0  stm32l1xx_hal_flash_ex.o ABSOLUTE
    ../Drivers/STM32L1xx_HAL_Driver/Src/stm32l1xx_hal_flash_ramfunc.c 0x00000000   Number         0  stm32l1xx_hal_flash_ramfunc.o ABSOLUTE
    ../Drivers/STM32L1xx_HAL_Driver/Src/stm32l1xx_hal_gpio.c 0x00000000   Number         0  stm32l1xx_hal_gpio.o ABSOLUTE
    ../Drivers/STM32L1xx_HAL_Driver/Src/stm32l1xx_hal_pwr.c 0x00000000   Number         0  stm32l1xx_hal_pwr.o ABSOLUTE
    ../Drivers/STM32L1xx_HAL_Driver/Src/stm32l1xx_hal_pwr_ex.c 0x00000000   Number         0  stm32l1xx_hal_pwr_ex.o ABSOLUTE
    ../Drivers/STM32L1xx_HAL_Driver/Src/stm32l1xx_hal_rcc.c 0x00000000   Number         0  stm32l1xx_hal_rcc.o ABSOLUTE
    ../Drivers/STM32L1xx_HAL_Driver/Src/stm32l1xx_hal_rcc_ex.c 0x00000000   Number         0  stm32l1xx_hal_rcc_ex.o ABSOLUTE
    ../Drivers/STM32L1xx_HAL_Driver/Src/stm32l1xx_hal_rtc.c 0x00000000   Number         0  stm32l1xx_hal_rtc.o ABSOLUTE
    ../Drivers/STM32L1xx_HAL_Driver/Src/stm32l1xx_hal_rtc_ex.c 0x00000000   Number         0  stm32l1xx_hal_rtc_ex.o ABSOLUTE
    ../Drivers/STM32L1xx_HAL_Driver/Src/stm32l1xx_hal_tim.c 0x00000000   Number         0  stm32l1xx_hal_tim.o ABSOLUTE
    ../Drivers/STM32L1xx_HAL_Driver/Src/stm32l1xx_hal_tim_ex.c 0x00000000   Number         0  stm32l1xx_hal_tim_ex.o ABSOLUTE
    ../Drivers/STM32L1xx_HAL_Driver/Src/stm32l1xx_hal_uart.c 0x00000000   Number         0  stm32l1xx_hal_uart.o ABSOLUTE
    ../Src/gpio.c                            0x00000000   Number         0  gpio.o ABSOLUTE
    ../Src/main.c                            0x00000000   Number         0  main.o ABSOLUTE
    ../Src/rtc.c                             0x00000000   Number         0  rtc.o ABSOLUTE
    ../Src/stm32l1xx_hal_msp.c               0x00000000   Number         0  stm32l1xx_hal_msp.o ABSOLUTE
    ../Src/stm32l1xx_it.c                    0x00000000   Number         0  stm32l1xx_it.o ABSOLUTE
    ../Src/usart.c                           0x00000000   Number         0  usart.o ABSOLUTE
    ../clib/microlib/division.c              0x00000000   Number         0  uldiv.o ABSOLUTE
    ../clib/microlib/division.c              0x00000000   Number         0  uidiv.o ABSOLUTE
    ../clib/microlib/init/entry.s            0x00000000   Number         0  entry10a.o ABSOLUTE
    ../clib/microlib/init/entry.s            0x00000000   Number         0  entry11a.o ABSOLUTE
    ../clib/microlib/init/entry.s            0x00000000   Number         0  entry2.o ABSOLUTE
    ../clib/microlib/init/entry.s            0x00000000   Number         0  entry8b.o ABSOLUTE
    ../clib/microlib/init/entry.s            0x00000000   Number         0  entry7b.o ABSOLUTE
    ../clib/microlib/init/entry.s            0x00000000   Number         0  entry9a.o ABSOLUTE
    ../clib/microlib/init/entry.s            0x00000000   Number         0  entry.o ABSOLUTE
    ../clib/microlib/init/entry.s            0x00000000   Number         0  entry9b.o ABSOLUTE
    ../clib/microlib/init/entry.s            0x00000000   Number         0  entry7a.o ABSOLUTE
    ../clib/microlib/init/entry.s            0x00000000   Number         0  entry5.o ABSOLUTE
    ../clib/microlib/init/entry.s            0x00000000   Number         0  entry8a.o ABSOLUTE
    ../clib/microlib/init/entry.s            0x00000000   Number         0  entry11b.o ABSOLUTE
    ../clib/microlib/init/entry.s            0x00000000   Number         0  entry10b.o ABSOLUTE
    ../clib/microlib/longlong.c              0x00000000   Number         0  llsshr.o ABSOLUTE
    ../clib/microlib/longlong.c              0x00000000   Number         0  llshl.o ABSOLUTE
    ../clib/microlib/longlong.c              0x00000000   Number         0  llushr.o ABSOLUTE
    ../clib/microlib/printf/printf.c         0x00000000   Number         0  printf7.o ABSOLUTE
    ../clib/microlib/printf/printf.c         0x00000000   Number         0  printfa.o ABSOLUTE
    ../clib/microlib/printf/printf.c         0x00000000   Number         0  printf8.o ABSOLUTE
    ../clib/microlib/printf/printf.c         0x00000000   Number         0  printf6.o ABSOLUTE
    ../clib/microlib/printf/printf.c         0x00000000   Number         0  printf2.o ABSOLUTE
    ../clib/microlib/printf/printf.c         0x00000000   Number         0  printf1.o ABSOLUTE
    ../clib/microlib/printf/printf.c         0x00000000   Number         0  printf0.o ABSOLUTE
    ../clib/microlib/printf/printf.c         0x00000000   Number         0  printfb.o ABSOLUTE
    ../clib/microlib/printf/printf.c         0x00000000   Number         0  printf4.o ABSOLUTE
    ../clib/microlib/printf/printf.c         0x00000000   Number         0  printf3.o ABSOLUTE
    ../clib/microlib/printf/printf.c         0x00000000   Number         0  printf5.o ABSOLUTE
    ../clib/microlib/stdio/streams.c         0x00000000   Number         0  stdout.o ABSOLUTE
    ../clib/microlib/string/memset.c         0x00000000   Number         0  memseta.o ABSOLUTE
    ../clib/microlib/stubs.s                 0x00000000   Number         0  iusefp.o ABSOLUTE
    ../fplib/microlib/fpadd.c                0x00000000   Number         0  dadd.o ABSOLUTE
    ../fplib/microlib/fpdiv.c                0x00000000   Number         0  ddiv.o ABSOLUTE
    ../fplib/microlib/fpepilogue.c           0x00000000   Number         0  depilogue.o ABSOLUTE
    ../fplib/microlib/fpfix.c                0x00000000   Number         0  dfixul.o ABSOLUTE
    ../fplib/microlib/fpmul.c                0x00000000   Number         0  dmul.o ABSOLUTE
    ..\Drivers\CMSIS\Device\ST\STM32L1xx\Source\Templates\system_stm32l1xx.c 0x00000000   Number         0  system_stm32l1xx.o ABSOLUTE
    ..\Drivers\STM32L1xx_HAL_Driver\Src\stm32l1xx_hal.c 0x00000000   Number         0  stm32l1xx_hal.o ABSOLUTE
    ..\Drivers\STM32L1xx_HAL_Driver\Src\stm32l1xx_hal_cortex.c 0x00000000   Number         0  stm32l1xx_hal_cortex.o ABSOLUTE
    ..\Drivers\STM32L1xx_HAL_Driver\Src\stm32l1xx_hal_dma.c 0x00000000   Number         0  stm32l1xx_hal_dma.o ABSOLUTE
    ..\Drivers\STM32L1xx_HAL_Driver\Src\stm32l1xx_hal_flash.c 0x00000000   Number         0  stm32l1xx_hal_flash.o ABSOLUTE
    ..\Drivers\STM32L1xx_HAL_Driver\Src\stm32l1xx_hal_flash_ex.c 0x00000000   Number         0  stm32l1xx_hal_flash_ex.o ABSOLUTE
    ..\Drivers\STM32L1xx_HAL_Driver\Src\stm32l1xx_hal_flash_ramfunc.c 0x00000000   Number         0  stm32l1xx_hal_flash_ramfunc.o ABSOLUTE
    ..\Drivers\STM32L1xx_HAL_Driver\Src\stm32l1xx_hal_gpio.c 0x00000000   Number         0  stm32l1xx_hal_gpio.o ABSOLUTE
    ..\Drivers\STM32L1xx_HAL_Driver\Src\stm32l1xx_hal_pwr.c 0x00000000   Number         0  stm32l1xx_hal_pwr.o ABSOLUTE
    ..\Drivers\STM32L1xx_HAL_Driver\Src\stm32l1xx_hal_pwr_ex.c 0x00000000   Number         0  stm32l1xx_hal_pwr_ex.o ABSOLUTE
    ..\Drivers\STM32L1xx_HAL_Driver\Src\stm32l1xx_hal_rcc.c 0x00000000   Number         0  stm32l1xx_hal_rcc.o ABSOLUTE
    ..\Drivers\STM32L1xx_HAL_Driver\Src\stm32l1xx_hal_rcc_ex.c 0x00000000   Number         0  stm32l1xx_hal_rcc_ex.o ABSOLUTE
    ..\Drivers\STM32L1xx_HAL_Driver\Src\stm32l1xx_hal_rtc.c 0x00000000   Number         0  stm32l1xx_hal_rtc.o ABSOLUTE
    ..\Drivers\STM32L1xx_HAL_Driver\Src\stm32l1xx_hal_rtc_ex.c 0x00000000   Number         0  stm32l1xx_hal_rtc_ex.o ABSOLUTE
    ..\Drivers\STM32L1xx_HAL_Driver\Src\stm32l1xx_hal_tim.c 0x00000000   Number         0  stm32l1xx_hal_tim.o ABSOLUTE
    ..\Drivers\STM32L1xx_HAL_Driver\Src\stm32l1xx_hal_tim_ex.c 0x00000000   Number         0  stm32l1xx_hal_tim_ex.o ABSOLUTE
    ..\Drivers\STM32L1xx_HAL_Driver\Src\stm32l1xx_hal_uart.c 0x00000000   Number         0  stm32l1xx_hal_uart.o ABSOLUTE
    ..\Src\gpio.c                            0x00000000   Number         0  gpio.o ABSOLUTE
    ..\Src\main.c                            0x00000000   Number         0  main.o ABSOLUTE
    ..\Src\rtc.c                             0x00000000   Number         0  rtc.o ABSOLUTE
    ..\Src\stm32l1xx_hal_msp.c               0x00000000   Number         0  stm32l1xx_hal_msp.o ABSOLUTE
    ..\Src\stm32l1xx_it.c                    0x00000000   Number         0  stm32l1xx_it.o ABSOLUTE
    ..\Src\usart.c                           0x00000000   Number         0  usart.o ABSOLUTE
    cdrcmple.s                               0x00000000   Number         0  cdrcmple.o ABSOLUTE
    dc.s                                     0x00000000   Number         0  dc.o ABSOLUTE
    handlers.s                               0x00000000   Number         0  handlers.o ABSOLUTE
    init.s                                   0x00000000   Number         0  init.o ABSOLUTE
    startup_stm32l151xba.s                   0x00000000   Number         0  startup_stm32l151xba.o ABSOLUTE
    RESET                                    0x08000000   Section      244  startup_stm32l151xba.o(RESET)
    .ARM.Collect$$$$00000000                 0x080000f4   Section        0  entry.o(.ARM.Collect$$$$00000000)
    .ARM.Collect$$$$00000001                 0x080000f4   Section        4  entry2.o(.ARM.Collect$$$$00000001)
    .ARM.Collect$$$$00000004                 0x080000f8   Section        4  entry5.o(.ARM.Collect$$$$00000004)
    .ARM.Collect$$$$00000008                 0x080000fc   Section        0  entry7b.o(.ARM.Collect$$$$00000008)
    .ARM.Collect$$$$0000000A                 0x080000fc   Section        0  entry8b.o(.ARM.Collect$$$$0000000A)
    .ARM.Collect$$$$0000000B                 0x080000fc   Section        8  entry9a.o(.ARM.Collect$$$$0000000B)
    .ARM.Collect$$$$0000000D                 0x08000104   Section        0  entry10a.o(.ARM.Collect$$$$0000000D)
    .ARM.Collect$$$$0000000F                 0x08000104   Section        0  entry11a.o(.ARM.Collect$$$$0000000F)
    .ARM.Collect$$$$00002712                 0x08000104   Section        4  entry2.o(.ARM.Collect$$$$00002712)
    __lit__00000000                          0x08000104   Data           4  entry2.o(.ARM.Collect$$$$00002712)
    .text                                    0x08000108   Section       36  startup_stm32l151xba.o(.text)
    .text                                    0x0800012c   Section       36  init.o(.text)
    i.EXTI0_IRQHandler                       0x08000150   Section        0  stm32l1xx_it.o(i.EXTI0_IRQHandler)
    i.HAL_DBGMCU_DisableDBGStopMode          0x08000158   Section        0  stm32l1xx_hal.o(i.HAL_DBGMCU_DisableDBGStopMode)
    i.HAL_Delay                              0x08000168   Section        0  stm32l1xx_hal.o(i.HAL_Delay)
    i.HAL_GPIO_EXTI_Callback                 0x0800017e   Section        0  stm32l1xx_hal_gpio.o(i.HAL_GPIO_EXTI_Callback)
    i.HAL_GPIO_EXTI_IRQHandler               0x08000180   Section        0  stm32l1xx_hal_gpio.o(i.HAL_GPIO_EXTI_IRQHandler)
    i.HAL_GPIO_Init                          0x08000198   Section        0  stm32l1xx_hal_gpio.o(i.HAL_GPIO_Init)
    i.HAL_GPIO_TogglePin                     0x08000450   Section        0  stm32l1xx_hal_gpio.o(i.HAL_GPIO_TogglePin)
    i.HAL_GPIO_WritePin                      0x080004a8   Section        0  stm32l1xx_hal_gpio.o(i.HAL_GPIO_WritePin)
    i.HAL_GetTick                            0x08000514   Section        0  stm32l1xx_hal.o(i.HAL_GetTick)
    i.HAL_IncTick                            0x08000520   Section        0  stm32l1xx_hal.o(i.HAL_IncTick)
    i.HAL_Init                               0x08000530   Section        0  stm32l1xx_hal.o(i.HAL_Init)
    i.HAL_InitTick                           0x08000546   Section        0  stm32l1xx_hal.o(i.HAL_InitTick)
    i.HAL_MspInit                            0x08000568   Section        0  stm32l1xx_hal_msp.o(i.HAL_MspInit)
    i.HAL_NVIC_EnableIRQ                     0x080005a8   Section        0  stm32l1xx_hal_cortex.o(i.HAL_NVIC_EnableIRQ)
    i.HAL_NVIC_SetPriority                   0x08000608   Section        0  stm32l1xx_hal_cortex.o(i.HAL_NVIC_SetPriority)
    i.HAL_NVIC_SetPriorityGrouping           0x080006a8   Section        0  stm32l1xx_hal_cortex.o(i.HAL_NVIC_SetPriorityGrouping)
    i.HAL_PWREx_EnableFastWakeUp             0x08000728   Section        0  stm32l1xx_hal_pwr_ex.o(i.HAL_PWREx_EnableFastWakeUp)
    i.HAL_PWREx_EnableUltraLowPower          0x08000740   Section        0  stm32l1xx_hal_pwr_ex.o(i.HAL_PWREx_EnableUltraLowPower)
    i.HAL_PWREx_GetVoltageRange              0x08000758   Section        0  stm32l1xx_hal_pwr_ex.o(i.HAL_PWREx_GetVoltageRange)
    i.HAL_PWR_DisablePVD                     0x08000768   Section        0  stm32l1xx_hal_pwr.o(i.HAL_PWR_DisablePVD)
    i.HAL_PWR_EnableBkUpAccess               0x08000780   Section        0  stm32l1xx_hal_pwr.o(i.HAL_PWR_EnableBkUpAccess)
    i.HAL_PWR_EnableWakeUpPin                0x08000798   Section        0  stm32l1xx_hal_pwr.o(i.HAL_PWR_EnableWakeUpPin)
    i.HAL_PWR_EnterSTANDBYMode               0x0800080c   Section        0  stm32l1xx_hal_pwr.o(i.HAL_PWR_EnterSTANDBYMode)
    i.HAL_RCCEx_PeriphCLKConfig              0x0800082c   Section        0  stm32l1xx_hal_rcc_ex.o(i.HAL_RCCEx_PeriphCLKConfig)
    i.HAL_RCC_ClockConfig                    0x080009d4   Section        0  stm32l1xx_hal_rcc.o(i.HAL_RCC_ClockConfig)
    i.HAL_RCC_GetHCLKFreq                    0x08000ddc   Section        0  stm32l1xx_hal_rcc.o(i.HAL_RCC_GetHCLKFreq)
    i.HAL_RCC_GetPCLK1Freq                   0x08000e10   Section        0  stm32l1xx_hal_rcc.o(i.HAL_RCC_GetPCLK1Freq)
    i.HAL_RCC_GetPCLK2Freq                   0x08000e3c   Section        0  stm32l1xx_hal_rcc.o(i.HAL_RCC_GetPCLK2Freq)
    i.HAL_RCC_GetSysClockFreq                0x08000e68   Section        0  stm32l1xx_hal_rcc.o(i.HAL_RCC_GetSysClockFreq)
    i.HAL_RCC_OscConfig                      0x08000ef8   Section        0  stm32l1xx_hal_rcc.o(i.HAL_RCC_OscConfig)
    i.HAL_RTCEx_DeactivateWakeUpTimer        0x08001850   Section        0  stm32l1xx_hal_rtc_ex.o(i.HAL_RTCEx_DeactivateWakeUpTimer)
    i.HAL_RTCEx_SetWakeUpTimer_IT            0x080018cc   Section        0  stm32l1xx_hal_rtc_ex.o(i.HAL_RTCEx_SetWakeUpTimer_IT)
    i.HAL_RTCEx_WakeUpTimerEventCallback     0x08001a20   Section        0  stm32l1xx_hal_rtc_ex.o(i.HAL_RTCEx_WakeUpTimerEventCallback)
    i.HAL_RTCEx_WakeUpTimerIRQHandler        0x08001a24   Section        0  stm32l1xx_hal_rtc_ex.o(i.HAL_RTCEx_WakeUpTimerIRQHandler)
    i.HAL_RTC_Init                           0x08001a58   Section        0  stm32l1xx_hal_rtc.o(i.HAL_RTC_Init)
    i.HAL_RTC_MspInit                        0x08001bb0   Section        0  rtc.o(i.HAL_RTC_MspInit)
    i.HAL_RTC_SetDate                        0x08001bf0   Section        0  stm32l1xx_hal_rtc.o(i.HAL_RTC_SetDate)
    i.HAL_RTC_SetTime                        0x08001d9c   Section        0  stm32l1xx_hal_rtc.o(i.HAL_RTC_SetTime)
    i.HAL_RTC_WaitForSynchro                 0x08001fa8   Section        0  stm32l1xx_hal_rtc_ex.o(i.HAL_RTC_WaitForSynchro)
    i.HAL_SYSTICK_CLKSourceConfig            0x08001fe4   Section        0  stm32l1xx_hal_cortex.o(i.HAL_SYSTICK_CLKSourceConfig)
    i.HAL_SYSTICK_Callback                   0x08002048   Section        0  stm32l1xx_hal_cortex.o(i.HAL_SYSTICK_Callback)
    i.HAL_SYSTICK_Config                     0x0800204a   Section        0  stm32l1xx_hal_cortex.o(i.HAL_SYSTICK_Config)
    i.HAL_SYSTICK_IRQHandler                 0x08002072   Section        0  stm32l1xx_hal_cortex.o(i.HAL_SYSTICK_IRQHandler)
    i.HAL_UART_Init                          0x0800207c   Section        0  stm32l1xx_hal_uart.o(i.HAL_UART_Init)
    i.HAL_UART_MspInit                       0x080021a0   Section        0  usart.o(i.HAL_UART_MspInit)
    i.MX_GPIO_Init                           0x080021ec   Section        0  gpio.o(i.MX_GPIO_Init)
    i.MX_RTC_Init                            0x080022e0   Section        0  rtc.o(i.MX_RTC_Init)
    i.MX_USART1_UART_Init                    0x0800234c   Section        0  usart.o(i.MX_USART1_UART_Init)
    i.NVIC_SetPriority                       0x08002374   Section        0  stm32l1xx_hal_cortex.o(i.NVIC_SetPriority)
    NVIC_SetPriority                         0x08002375   Thumb Code    32  stm32l1xx_hal_cortex.o(i.NVIC_SetPriority)
    i.RCC_SetFlashLatencyFromMSIRange        0x08002394   Section        0  stm32l1xx_hal_rcc.o(i.RCC_SetFlashLatencyFromMSIRange)
    RCC_SetFlashLatencyFromMSIRange          0x08002395   Thumb Code   112  stm32l1xx_hal_rcc.o(i.RCC_SetFlashLatencyFromMSIRange)
    i.RTC_Bcd2ToByte                         0x0800240c   Section        0  stm32l1xx_hal_rtc.o(i.RTC_Bcd2ToByte)
    i.RTC_ByteToBcd2                         0x0800241e   Section        0  stm32l1xx_hal_rtc.o(i.RTC_ByteToBcd2)
    i.RTC_EnterInitMode                      0x08002434   Section        0  stm32l1xx_hal_rtc.o(i.RTC_EnterInitMode)
    i.RTC_WKUP_IRQHandler                    0x08002470   Section        0  stm32l1xx_it.o(i.RTC_WKUP_IRQHandler)
    i.SysTick_Handler                        0x0800247c   Section        0  stm32l1xx_it.o(i.SysTick_Handler)
    i.SystemClock_Config                     0x0800248c   Section        0  main.o(i.SystemClock_Config)
    i.SystemInit                             0x08002520   Section        0  system_stm32l1xx.o(i.SystemInit)
    i.UART_SetConfig                         0x08002570   Section        0  stm32l1xx_hal_uart.o(i.UART_SetConfig)
    UART_SetConfig                           0x08002571   Thumb Code   438  stm32l1xx_hal_uart.o(i.UART_SetConfig)
    i.__0printf$bare                         0x0800276c   Section        0  printfb.o(i.__0printf$bare)
    i.__scatterload_copy                     0x0800277c   Section       14  handlers.o(i.__scatterload_copy)
    i.__scatterload_null                     0x0800278a   Section        2  handlers.o(i.__scatterload_null)
    i.__scatterload_zeroinit                 0x0800278c   Section       14  handlers.o(i.__scatterload_zeroinit)
    i._printf_core                           0x0800279a   Section        0  printfb.o(i._printf_core)
    _printf_core                             0x0800279b   Thumb Code    34  printfb.o(i._printf_core)
    i.assert_failed                          0x080027bc   Section        0  main.o(i.assert_failed)
    i.fputc                                  0x080027c0   Section        0  main.o(i.fputc)
    i.main                                   0x080027d8   Section        0  main.o(i.main)
    .constdata                               0x080028fc   Section       29  stm32l1xx_hal_rcc.o(.constdata)
    .data                                    0x20000000   Section        4  system_stm32l1xx.o(.data)
    .data                                    0x20000004   Section        4  stm32l1xx_hal.o(.data)
    uwTick                                   0x20000004   Data           4  stm32l1xx_hal.o(.data)
    .data                                    0x20000008   Section        4  stdout.o(.data)
    .bss                                     0x2000000c   Section       64  usart.o(.bss)
    .bss                                     0x2000004c   Section       32  rtc.o(.bss)
    STACK                                    0x20000070   Section      512  startup_stm32l151xba.o(STACK)

    Global Symbols

    Symbol Name                              Value     Ov Type        Size  Object(Section)

    BuildAttributes$$THM_ISAv4$P$D$K$B$S$PE$A:L22UL41UL21$X:L11$S22US41US21$IEEE1$IW$USESV6$~STKCKD$USESV7$~SHL$OSPACE$ROPI$EBA8$MICROLIB$REQ8$PRES8$EABIv2 0x00000000   Number         0  anon$$obj.o ABSOLUTE
    __ARM_use_no_argv                        0x00000000   Number         0  main.o ABSOLUTE
    __cpp_initialize__aeabi_                  - Undefined Weak Reference
    __cxa_finalize                            - Undefined Weak Reference
    __decompress                              - Undefined Weak Reference
    _clock_init                               - Undefined Weak Reference
    _microlib_exit                            - Undefined Weak Reference
    __Vectors_Size                           0x000000f4   Number         0  startup_stm32l151xba.o ABSOLUTE
    __Vectors                                0x08000000   Data           4  startup_stm32l151xba.o(RESET)
    __Vectors_End                            0x080000f4   Data           0  startup_stm32l151xba.o(RESET)
    __main                                   0x080000f5   Thumb Code     0  entry.o(.ARM.Collect$$$$00000000)
    _main_stk                                0x080000f5   Thumb Code     0  entry2.o(.ARM.Collect$$$$00000001)
    _main_scatterload                        0x080000f9   Thumb Code     0  entry5.o(.ARM.Collect$$$$00000004)
    __main_after_scatterload                 0x080000fd   Thumb Code     0  entry5.o(.ARM.Collect$$$$00000004)
    _main_clock                              0x080000fd   Thumb Code     0  entry7b.o(.ARM.Collect$$$$00000008)
    _main_cpp_init                           0x080000fd   Thumb Code     0  entry8b.o(.ARM.Collect$$$$0000000A)
    _main_init                               0x080000fd   Thumb Code     0  entry9a.o(.ARM.Collect$$$$0000000B)
    __rt_final_cpp                           0x08000105   Thumb Code     0  entry10a.o(.ARM.Collect$$$$0000000D)
    __rt_final_exit                          0x08000105   Thumb Code     0  entry11a.o(.ARM.Collect$$$$0000000F)
    Reset_Handler                            0x08000109   Thumb Code     8  startup_stm32l151xba.o(.text)
    NMI_Handler                              0x08000111   Thumb Code     2  startup_stm32l151xba.o(.text)
    HardFault_Handler                        0x08000113   Thumb Code     2  startup_stm32l151xba.o(.text)
    MemManage_Handler                        0x08000115   Thumb Code     2  startup_stm32l151xba.o(.text)
    BusFault_Handler                         0x08000117   Thumb Code     2  startup_stm32l151xba.o(.text)
    UsageFault_Handler                       0x08000119   Thumb Code     2  startup_stm32l151xba.o(.text)
    SVC_Handler                              0x0800011b   Thumb Code     2  startup_stm32l151xba.o(.text)
    DebugMon_Handler                         0x0800011d   Thumb Code     2  startup_stm32l151xba.o(.text)
    PendSV_Handler                           0x0800011f   Thumb Code     2  startup_stm32l151xba.o(.text)
    ADC1_IRQHandler                          0x08000123   Thumb Code     0  startup_stm32l151xba.o(.text)
    COMP_IRQHandler                          0x08000123   Thumb Code     0  startup_stm32l151xba.o(.text)
    DAC_IRQHandler                           0x08000123   Thumb Code     0  startup_stm32l151xba.o(.text)
    DMA1_Channel1_IRQHandler                 0x08000123   Thumb Code     0  startup_stm32l151xba.o(.text)
    DMA1_Channel2_IRQHandler                 0x08000123   Thumb Code     0  startup_stm32l151xba.o(.text)
    DMA1_Channel3_IRQHandler                 0x08000123   Thumb Code     0  startup_stm32l151xba.o(.text)
    DMA1_Channel4_IRQHandler                 0x08000123   Thumb Code     0  startup_stm32l151xba.o(.text)
    DMA1_Channel5_IRQHandler                 0x08000123   Thumb Code     0  startup_stm32l151xba.o(.text)
    DMA1_Channel6_IRQHandler                 0x08000123   Thumb Code     0  startup_stm32l151xba.o(.text)
    DMA1_Channel7_IRQHandler                 0x08000123   Thumb Code     0  startup_stm32l151xba.o(.text)
    EXTI15_10_IRQHandler                     0x08000123   Thumb Code     0  startup_stm32l151xba.o(.text)
    EXTI1_IRQHandler                         0x08000123   Thumb Code     0  startup_stm32l151xba.o(.text)
    EXTI2_IRQHandler                         0x08000123   Thumb Code     0  startup_stm32l151xba.o(.text)
    EXTI3_IRQHandler                         0x08000123   Thumb Code     0  startup_stm32l151xba.o(.text)
    EXTI4_IRQHandler                         0x08000123   Thumb Code     0  startup_stm32l151xba.o(.text)
    EXTI9_5_IRQHandler                       0x08000123   Thumb Code     0  startup_stm32l151xba.o(.text)
    FLASH_IRQHandler                         0x08000123   Thumb Code     0  startup_stm32l151xba.o(.text)
    I2C1_ER_IRQHandler                       0x08000123   Thumb Code     0  startup_stm32l151xba.o(.text)
    I2C1_EV_IRQHandler                       0x08000123   Thumb Code     0  startup_stm32l151xba.o(.text)
    I2C2_ER_IRQHandler                       0x08000123   Thumb Code     0  startup_stm32l151xba.o(.text)
    I2C2_EV_IRQHandler                       0x08000123   Thumb Code     0  startup_stm32l151xba.o(.text)
    PVD_IRQHandler                           0x08000123   Thumb Code     0  startup_stm32l151xba.o(.text)
    RCC_IRQHandler                           0x08000123   Thumb Code     0  startup_stm32l151xba.o(.text)
    RTC_Alarm_IRQHandler                     0x08000123   Thumb Code     0  startup_stm32l151xba.o(.text)
    SPI1_IRQHandler                          0x08000123   Thumb Code     0  startup_stm32l151xba.o(.text)
    SPI2_IRQHandler                          0x08000123   Thumb Code     0  startup_stm32l151xba.o(.text)
    TAMPER_STAMP_IRQHandler                  0x08000123   Thumb Code     0  startup_stm32l151xba.o(.text)
    TIM10_IRQHandler                         0x08000123   Thumb Code     0  startup_stm32l151xba.o(.text)
    TIM11_IRQHandler                         0x08000123   Thumb Code     0  startup_stm32l151xba.o(.text)
    TIM2_IRQHandler                          0x08000123   Thumb Code     0  startup_stm32l151xba.o(.text)
    TIM3_IRQHandler                          0x08000123   Thumb Code     0  startup_stm32l151xba.o(.text)
    TIM4_IRQHandler                          0x08000123   Thumb Code     0  startup_stm32l151xba.o(.text)
    TIM6_IRQHandler                          0x08000123   Thumb Code     0  startup_stm32l151xba.o(.text)
    TIM7_IRQHandler                          0x08000123   Thumb Code     0  startup_stm32l151xba.o(.text)
    TIM9_IRQHandler                          0x08000123   Thumb Code     0  startup_stm32l151xba.o(.text)
    USART1_IRQHandler                        0x08000123   Thumb Code     0  startup_stm32l151xba.o(.text)
    USART2_IRQHandler                        0x08000123   Thumb Code     0  startup_stm32l151xba.o(.text)
    USART3_IRQHandler                        0x08000123   Thumb Code     0  startup_stm32l151xba.o(.text)
    USB_FS_WKUP_IRQHandler                   0x08000123   Thumb Code     0  startup_stm32l151xba.o(.text)
    USB_HP_IRQHandler                        0x08000123   Thumb Code     0  startup_stm32l151xba.o(.text)
    USB_LP_IRQHandler                        0x08000123   Thumb Code     0  startup_stm32l151xba.o(.text)
    WWDG_IRQHandler                          0x08000123   Thumb Code     0  startup_stm32l151xba.o(.text)
    __scatterload                            0x0800012d   Thumb Code    28  init.o(.text)
    __scatterload_rt2                        0x0800012d   Thumb Code     0  init.o(.text)
    EXTI0_IRQHandler                         0x08000151   Thumb Code     6  stm32l1xx_it.o(i.EXTI0_IRQHandler)
    HAL_DBGMCU_DisableDBGStopMode            0x08000159   Thumb Code    12  stm32l1xx_hal.o(i.HAL_DBGMCU_DisableDBGStopMode)
    HAL_Delay                                0x08000169   Thumb Code    22  stm32l1xx_hal.o(i.HAL_Delay)
    HAL_GPIO_EXTI_Callback                   0x0800017f   Thumb Code     2  stm32l1xx_hal_gpio.o(i.HAL_GPIO_EXTI_Callback)
    HAL_GPIO_EXTI_IRQHandler                 0x08000181   Thumb Code    18  stm32l1xx_hal_gpio.o(i.HAL_GPIO_EXTI_IRQHandler)
    HAL_GPIO_Init                            0x08000199   Thumb Code   576  stm32l1xx_hal_gpio.o(i.HAL_GPIO_Init)
    HAL_GPIO_TogglePin                       0x08000451   Thumb Code    26  stm32l1xx_hal_gpio.o(i.HAL_GPIO_TogglePin)
    HAL_GPIO_WritePin                        0x080004a9   Thumb Code    46  stm32l1xx_hal_gpio.o(i.HAL_GPIO_WritePin)
    HAL_GetTick                              0x08000515   Thumb Code     6  stm32l1xx_hal.o(i.HAL_GetTick)
    HAL_IncTick                              0x08000521   Thumb Code    10  stm32l1xx_hal.o(i.HAL_IncTick)
    HAL_Init                                 0x08000531   Thumb Code    22  stm32l1xx_hal.o(i.HAL_Init)
    HAL_InitTick                             0x08000547   Thumb Code    34  stm32l1xx_hal.o(i.HAL_InitTick)
    HAL_MspInit                              0x08000569   Thumb Code    60  stm32l1xx_hal_msp.o(i.HAL_MspInit)
    HAL_NVIC_EnableIRQ                       0x080005a9   Thumb Code    36  stm32l1xx_hal_cortex.o(i.HAL_NVIC_EnableIRQ)
    HAL_NVIC_SetPriority                     0x08000609   Thumb Code    94  stm32l1xx_hal_cortex.o(i.HAL_NVIC_SetPriority)
    HAL_NVIC_SetPriorityGrouping             0x080006a9   Thumb Code    58  stm32l1xx_hal_cortex.o(i.HAL_NVIC_SetPriorityGrouping)
    HAL_PWREx_EnableFastWakeUp               0x08000729   Thumb Code    20  stm32l1xx_hal_pwr_ex.o(i.HAL_PWREx_EnableFastWakeUp)
    HAL_PWREx_EnableUltraLowPower            0x08000741   Thumb Code    20  stm32l1xx_hal_pwr_ex.o(i.HAL_PWREx_EnableUltraLowPower)
    HAL_PWREx_GetVoltageRange                0x08000759   Thumb Code    10  stm32l1xx_hal_pwr_ex.o(i.HAL_PWREx_GetVoltageRange)
    HAL_PWR_DisablePVD                       0x08000769   Thumb Code    20  stm32l1xx_hal_pwr.o(i.HAL_PWR_DisablePVD)
    HAL_PWR_EnableBkUpAccess                 0x08000781   Thumb Code    20  stm32l1xx_hal_pwr.o(i.HAL_PWR_EnableBkUpAccess)
    HAL_PWR_EnableWakeUpPin                  0x08000799   Thumb Code    54  stm32l1xx_hal_pwr.o(i.HAL_PWR_EnableWakeUpPin)
    HAL_PWR_EnterSTANDBYMode                 0x0800080d   Thumb Code    24  stm32l1xx_hal_pwr.o(i.HAL_PWR_EnterSTANDBYMode)
    HAL_RCCEx_PeriphCLKConfig                0x0800082d   Thumb Code   336  stm32l1xx_hal_rcc_ex.o(i.HAL_RCCEx_PeriphCLKConfig)
    HAL_RCC_ClockConfig                      0x080009d5   Thumb Code   966  stm32l1xx_hal_rcc.o(i.HAL_RCC_ClockConfig)
    HAL_RCC_GetHCLKFreq                      0x08000ddd   Thumb Code    38  stm32l1xx_hal_rcc.o(i.HAL_RCC_GetHCLKFreq)
    HAL_RCC_GetPCLK1Freq                     0x08000e11   Thumb Code    36  stm32l1xx_hal_rcc.o(i.HAL_RCC_GetPCLK1Freq)
    HAL_RCC_GetPCLK2Freq                     0x08000e3d   Thumb Code    36  stm32l1xx_hal_rcc.o(i.HAL_RCC_GetPCLK2Freq)
    HAL_RCC_GetSysClockFreq                  0x08000e69   Thumb Code   126  stm32l1xx_hal_rcc.o(i.HAL_RCC_GetSysClockFreq)
    HAL_RCC_OscConfig                        0x08000ef9   Thumb Code  2392  stm32l1xx_hal_rcc.o(i.HAL_RCC_OscConfig)
    HAL_RTCEx_DeactivateWakeUpTimer          0x08001851   Thumb Code   122  stm32l1xx_hal_rtc_ex.o(i.HAL_RTCEx_DeactivateWakeUpTimer)
    HAL_RTCEx_SetWakeUpTimer_IT              0x080018cd   Thumb Code   276  stm32l1xx_hal_rtc_ex.o(i.HAL_RTCEx_SetWakeUpTimer_IT)
    HAL_RTCEx_WakeUpTimerEventCallback       0x08001a21   Thumb Code     2  stm32l1xx_hal_rtc_ex.o(i.HAL_RTCEx_WakeUpTimerEventCallback)
    HAL_RTCEx_WakeUpTimerIRQHandler          0x08001a25   Thumb Code    46  stm32l1xx_hal_rtc_ex.o(i.HAL_RTCEx_WakeUpTimerIRQHandler)
    HAL_RTC_Init                             0x08001a59   Thumb Code   278  stm32l1xx_hal_rtc.o(i.HAL_RTC_Init)
    HAL_RTC_MspInit                          0x08001bb1   Thumb Code    54  rtc.o(i.HAL_RTC_MspInit)
    HAL_RTC_SetDate                          0x08001bf1   Thumb Code   366  stm32l1xx_hal_rtc.o(i.HAL_RTC_SetDate)
    HAL_RTC_SetTime                          0x08001d9d   Thumb Code   462  stm32l1xx_hal_rtc.o(i.HAL_RTC_SetTime)
    HAL_RTC_WaitForSynchro                   0x08001fa9   Thumb Code    58  stm32l1xx_hal_rtc_ex.o(i.HAL_RTC_WaitForSynchro)
    HAL_SYSTICK_CLKSourceConfig              0x08001fe5   Thumb Code    40  stm32l1xx_hal_cortex.o(i.HAL_SYSTICK_CLKSourceConfig)
    HAL_SYSTICK_Callback                     0x08002049   Thumb Code     2  stm32l1xx_hal_cortex.o(i.HAL_SYSTICK_Callback)
    HAL_SYSTICK_Config                       0x0800204b   Thumb Code    40  stm32l1xx_hal_cortex.o(i.HAL_SYSTICK_Config)
    HAL_SYSTICK_IRQHandler                   0x08002073   Thumb Code     8  stm32l1xx_hal_cortex.o(i.HAL_SYSTICK_IRQHandler)
    HAL_UART_Init                            0x0800207d   Thumb Code   220  stm32l1xx_hal_uart.o(i.HAL_UART_Init)
    HAL_UART_MspInit                         0x080021a1   Thumb Code    64  usart.o(i.HAL_UART_MspInit)
    MX_GPIO_Init                             0x080021ed   Thumb Code   218  gpio.o(i.MX_GPIO_Init)
    MX_RTC_Init                              0x080022e1   Thumb Code   100  rtc.o(i.MX_RTC_Init)
    MX_USART1_UART_Init                      0x0800234d   Thumb Code    32  usart.o(i.MX_USART1_UART_Init)
    RTC_Bcd2ToByte                           0x0800240d   Thumb Code    18  stm32l1xx_hal_rtc.o(i.RTC_Bcd2ToByte)
    RTC_ByteToBcd2                           0x0800241f   Thumb Code    22  stm32l1xx_hal_rtc.o(i.RTC_ByteToBcd2)
    RTC_EnterInitMode                        0x08002435   Thumb Code    58  stm32l1xx_hal_rtc.o(i.RTC_EnterInitMode)
    RTC_WKUP_IRQHandler                      0x08002471   Thumb Code     6  stm32l1xx_it.o(i.RTC_WKUP_IRQHandler)
    SysTick_Handler                          0x0800247d   Thumb Code    14  stm32l1xx_it.o(i.SysTick_Handler)
    SystemClock_Config                       0x0800248d   Thumb Code   140  main.o(i.SystemClock_Config)
    SystemInit                               0x08002521   Thumb Code    62  system_stm32l1xx.o(i.SystemInit)
    __0printf$bare                           0x0800276d   Thumb Code     8  printfb.o(i.__0printf$bare)
    __1printf$bare                           0x0800276d   Thumb Code     0  printfb.o(i.__0printf$bare)
    __2printf                                0x0800276d   Thumb Code     0  printfb.o(i.__0printf$bare)
    __scatterload_copy                       0x0800277d   Thumb Code    14  handlers.o(i.__scatterload_copy)
    __scatterload_null                       0x0800278b   Thumb Code     2  handlers.o(i.__scatterload_null)
    __scatterload_zeroinit                   0x0800278d   Thumb Code    14  handlers.o(i.__scatterload_zeroinit)
    assert_failed                            0x080027bd   Thumb Code     2  main.o(i.assert_failed)
    fputc                                    0x080027c1   Thumb Code    18  main.o(i.fputc)
    main                                     0x080027d9   Thumb Code   188  main.o(i.main)
    aPLLDivisionFactorTable                  0x080028fc   Data           4  stm32l1xx_hal_rcc.o(.constdata)
    aAPBAHBPrescTable                        0x08002900   Data          16  stm32l1xx_hal_rcc.o(.constdata)
    aPLLMULFactorTable                       0x08002910   Data           9  stm32l1xx_hal_rcc.o(.constdata)
    Region$$Table$$Base                      0x0800291c   Number         0  anon$$obj.o(Region$$Table)
    Region$$Table$$Limit                     0x0800293c   Number         0  anon$$obj.o(Region$$Table)
    SystemCoreClock                          0x20000000   Data           4  system_stm32l1xx.o(.data)
    __stdout                                 0x20000008   Data           4  stdout.o(.data)
    huart1                                   0x2000000c   Data          64  usart.o(.bss)
    hrtc                                     0x2000004c   Data          32  rtc.o(.bss)
    __initial_sp                             0x20000270   Data           0  startup_stm32l151xba.o(STACK)



==============================================================================

Memory Map of the image

  Image Entry point : 0x080000f5

  Load Region LR_IROM1 (Base: 0x08000000, Size: 0x00002948, Max: 0x00010000, ABSOLUTE)

    Execution Region ER_IROM1 (Exec base: 0x08000000, Load base: 0x08000000, Size: 0x0000293c, Max: 0x00010000, ABSOLUTE)

    Exec Addr    Load Addr    Size         Type   Attr      Idx    E Section Name        Object

    0x08000000   0x08000000   0x000000f4   Data   RO            3    RESET               startup_stm32l151xba.o
    0x080000f4   0x080000f4   0x00000000   Code   RO         2061  * .ARM.Collect$$$$00000000  mc_w.l(entry.o)
    0x080000f4   0x080000f4   0x00000004   Code   RO         2326    .ARM.Collect$$$$00000001  mc_w.l(entry2.o)
    0x080000f8   0x080000f8   0x00000004   Code   RO         2329    .ARM.Collect$$$$00000004  mc_w.l(entry5.o)
    0x080000fc   0x080000fc   0x00000000   Code   RO         2331    .ARM.Collect$$$$00000008  mc_w.l(entry7b.o)
    0x080000fc   0x080000fc   0x00000000   Code   RO         2333    .ARM.Collect$$$$0000000A  mc_w.l(entry8b.o)
    0x080000fc   0x080000fc   0x00000008   Code   RO         2334    .ARM.Collect$$$$0000000B  mc_w.l(entry9a.o)
    0x08000104   0x08000104   0x00000000   Code   RO         2336    .ARM.Collect$$$$0000000D  mc_w.l(entry10a.o)
    0x08000104   0x08000104   0x00000000   Code   RO         2338    .ARM.Collect$$$$0000000F  mc_w.l(entry11a.o)
    0x08000104   0x08000104   0x00000004   Code   RO         2327    .ARM.Collect$$$$00002712  mc_w.l(entry2.o)
    0x08000108   0x08000108   0x00000024   Code   RO            4    .text               startup_stm32l151xba.o
    0x0800012c   0x0800012c   0x00000024   Code   RO         2356    .text               mc_w.l(init.o)
    0x08000150   0x08000150   0x00000006   Code   RO          262    i.EXTI0_IRQHandler  stm32l1xx_it.o
    0x08000156   0x08000156   0x00000002   PAD
    0x08000158   0x08000158   0x00000010   Code   RO         1096    i.HAL_DBGMCU_DisableDBGStopMode  stm32l1xx_hal.o
    0x08000168   0x08000168   0x00000016   Code   RO         1101    i.HAL_Delay         stm32l1xx_hal.o
    0x0800017e   0x0800017e   0x00000002   Code   RO          919    i.HAL_GPIO_EXTI_Callback  stm32l1xx_hal_gpio.o
    0x08000180   0x08000180   0x00000018   Code   RO          920    i.HAL_GPIO_EXTI_IRQHandler  stm32l1xx_hal_gpio.o
    0x08000198   0x08000198   0x000002b8   Code   RO          921    i.HAL_GPIO_Init     stm32l1xx_hal_gpio.o
    0x08000450   0x08000450   0x00000058   Code   RO          924    i.HAL_GPIO_TogglePin  stm32l1xx_hal_gpio.o
    0x080004a8   0x080004a8   0x0000006c   Code   RO          925    i.HAL_GPIO_WritePin  stm32l1xx_hal_gpio.o
    0x08000514   0x08000514   0x0000000c   Code   RO         1105    i.HAL_GetTick       stm32l1xx_hal.o
    0x08000520   0x08000520   0x00000010   Code   RO         1106    i.HAL_IncTick       stm32l1xx_hal.o
    0x08000530   0x08000530   0x00000016   Code   RO         1107    i.HAL_Init          stm32l1xx_hal.o
    0x08000546   0x08000546   0x00000022   Code   RO         1108    i.HAL_InitTick      stm32l1xx_hal.o
    0x08000568   0x08000568   0x00000040   Code   RO           13    i.HAL_MspInit       stm32l1xx_hal_msp.o
    0x080005a8   0x080005a8   0x00000060   Code   RO         1944    i.HAL_NVIC_EnableIRQ  stm32l1xx_hal_cortex.o
    0x08000608   0x08000608   0x000000a0   Code   RO         1950    i.HAL_NVIC_SetPriority  stm32l1xx_hal_cortex.o
    0x080006a8   0x080006a8   0x00000080   Code   RO         1951    i.HAL_NVIC_SetPriorityGrouping  stm32l1xx_hal_cortex.o
    0x08000728   0x08000728   0x00000018   Code   RO         1746    i.HAL_PWREx_EnableFastWakeUp  stm32l1xx_hal_pwr_ex.o
    0x08000740   0x08000740   0x00000018   Code   RO         1748    i.HAL_PWREx_EnableUltraLowPower  stm32l1xx_hal_pwr_ex.o
    0x08000758   0x08000758   0x00000010   Code   RO         1749    i.HAL_PWREx_GetVoltageRange  stm32l1xx_hal_pwr_ex.o
    0x08000768   0x08000768   0x00000018   Code   RO         1626    i.HAL_PWR_DisablePVD  stm32l1xx_hal_pwr.o
    0x08000780   0x08000780   0x00000018   Code   RO         1630    i.HAL_PWR_EnableBkUpAccess  stm32l1xx_hal_pwr.o
    0x08000798   0x08000798   0x00000074   Code   RO         1634    i.HAL_PWR_EnableWakeUpPin  stm32l1xx_hal_pwr.o
    0x0800080c   0x0800080c   0x00000020   Code   RO         1636    i.HAL_PWR_EnterSTANDBYMode  stm32l1xx_hal_pwr.o
    0x0800082c   0x0800082c   0x000001a8   Code   RO         1235    i.HAL_RCCEx_PeriphCLKConfig  stm32l1xx_hal_rcc_ex.o
    0x080009d4   0x080009d4   0x00000408   Code   RO          985    i.HAL_RCC_ClockConfig  stm32l1xx_hal_rcc.o
    0x08000ddc   0x08000ddc   0x00000034   Code   RO          990    i.HAL_RCC_GetHCLKFreq  stm32l1xx_hal_rcc.o
    0x08000e10   0x08000e10   0x0000002c   Code   RO          992    i.HAL_RCC_GetPCLK1Freq  stm32l1xx_hal_rcc.o
    0x08000e3c   0x08000e3c   0x0000002c   Code   RO          993    i.HAL_RCC_GetPCLK2Freq  stm32l1xx_hal_rcc.o
    0x08000e68   0x08000e68   0x00000090   Code   RO          994    i.HAL_RCC_GetSysClockFreq  stm32l1xx_hal_rcc.o
    0x08000ef8   0x08000ef8   0x00000958   Code   RO          997    i.HAL_RCC_OscConfig  stm32l1xx_hal_rcc.o
    0x08001850   0x08001850   0x0000007a   Code   RO         1302    i.HAL_RTCEx_DeactivateWakeUpTimer  stm32l1xx_hal_rtc_ex.o
    0x080018ca   0x080018ca   0x00000002   PAD
    0x080018cc   0x080018cc   0x00000154   Code   RO         1323    i.HAL_RTCEx_SetWakeUpTimer_IT  stm32l1xx_hal_rtc_ex.o
    0x08001a20   0x08001a20   0x00000002   Code   RO         1329    i.HAL_RTCEx_WakeUpTimerEventCallback  stm32l1xx_hal_rtc_ex.o
    0x08001a22   0x08001a22   0x00000002   PAD
    0x08001a24   0x08001a24   0x00000034   Code   RO         1330    i.HAL_RTCEx_WakeUpTimerIRQHandler  stm32l1xx_hal_rtc_ex.o
    0x08001a58   0x08001a58   0x00000158   Code   RO          817    i.HAL_RTC_Init      stm32l1xx_hal_rtc.o
    0x08001bb0   0x08001bb0   0x00000040   Code   RO          221    i.HAL_RTC_MspInit   rtc.o
    0x08001bf0   0x08001bf0   0x000001ac   Code   RO          821    i.HAL_RTC_SetDate   stm32l1xx_hal_rtc.o
    0x08001d9c   0x08001d9c   0x0000020c   Code   RO          822    i.HAL_RTC_SetTime   stm32l1xx_hal_rtc.o
    0x08001fa8   0x08001fa8   0x0000003a   Code   RO         1336    i.HAL_RTC_WaitForSynchro  stm32l1xx_hal_rtc_ex.o
    0x08001fe2   0x08001fe2   0x00000002   PAD
    0x08001fe4   0x08001fe4   0x00000064   Code   RO         1953    i.HAL_SYSTICK_CLKSourceConfig  stm32l1xx_hal_cortex.o
    0x08002048   0x08002048   0x00000002   Code   RO         1954    i.HAL_SYSTICK_Callback  stm32l1xx_hal_cortex.o
    0x0800204a   0x0800204a   0x00000028   Code   RO         1955    i.HAL_SYSTICK_Config  stm32l1xx_hal_cortex.o
    0x08002072   0x08002072   0x00000008   Code   RO         1956    i.HAL_SYSTICK_IRQHandler  stm32l1xx_hal_cortex.o
    0x0800207a   0x0800207a   0x00000002   PAD
    0x0800207c   0x0800207c   0x00000124   Code   RO          495    i.HAL_UART_Init     stm32l1xx_hal_uart.o
    0x080021a0   0x080021a0   0x0000004c   Code   RO          179    i.HAL_UART_MspInit  usart.o
    0x080021ec   0x080021ec   0x000000f4   Code   RO          302    i.MX_GPIO_Init      gpio.o
    0x080022e0   0x080022e0   0x0000006c   Code   RO          222    i.MX_RTC_Init       rtc.o
    0x0800234c   0x0800234c   0x00000028   Code   RO          180    i.MX_USART1_UART_Init  usart.o
    0x08002374   0x08002374   0x00000020   Code   RO         1957    i.NVIC_SetPriority  stm32l1xx_hal_cortex.o
    0x08002394   0x08002394   0x00000078   Code   RO          998    i.RCC_SetFlashLatencyFromMSIRange  stm32l1xx_hal_rcc.o
    0x0800240c   0x0800240c   0x00000012   Code   RO          823    i.RTC_Bcd2ToByte    stm32l1xx_hal_rtc.o
    0x0800241e   0x0800241e   0x00000016   Code   RO          824    i.RTC_ByteToBcd2    stm32l1xx_hal_rtc.o
    0x08002434   0x08002434   0x0000003a   Code   RO          825    i.RTC_EnterInitMode  stm32l1xx_hal_rtc.o
    0x0800246e   0x0800246e   0x00000002   PAD
    0x08002470   0x08002470   0x0000000c   Code   RO          263    i.RTC_WKUP_IRQHandler  stm32l1xx_it.o
    0x0800247c   0x0800247c   0x0000000e   Code   RO          264    i.SysTick_Handler   stm32l1xx_it.o
    0x0800248a   0x0800248a   0x00000002   PAD
    0x0800248c   0x0800248c   0x00000094   Code   RO          125    i.SystemClock_Config  main.o
    0x08002520   0x08002520   0x00000050   Code   RO          327    i.SystemInit        system_stm32l1xx.o
    0x08002570   0x08002570   0x000001fc   Code   RO          514    i.UART_SetConfig    stm32l1xx_hal_uart.o
    0x0800276c   0x0800276c   0x00000010   Code   RO         2067    i.__0printf$bare    mc_w.l(printfb.o)
    0x0800277c   0x0800277c   0x0000000e   Code   RO         2368    i.__scatterload_copy  mc_w.l(handlers.o)
    0x0800278a   0x0800278a   0x00000002   Code   RO         2369    i.__scatterload_null  mc_w.l(handlers.o)
    0x0800278c   0x0800278c   0x0000000e   Code   RO         2370    i.__scatterload_zeroinit  mc_w.l(handlers.o)
    0x0800279a   0x0800279a   0x00000022   Code   RO         2074    i._printf_core      mc_w.l(printfb.o)
    0x080027bc   0x080027bc   0x00000002   Code   RO          126    i.assert_failed     main.o
    0x080027be   0x080027be   0x00000002   PAD
    0x080027c0   0x080027c0   0x00000018   Code   RO          127    i.fputc             main.o
    0x080027d8   0x080027d8   0x00000124   Code   RO          128    i.main              main.o
    0x080028fc   0x080028fc   0x0000001d   Data   RO          999    .constdata          stm32l1xx_hal_rcc.o
    0x08002919   0x08002919   0x00000003   PAD
    0x0800291c   0x0800291c   0x00000020   Data   RO         2366    Region$$Table       anon$$obj.o


    Execution Region RW_IRAM1 (Exec base: 0x20000000, Load base: 0x0800293c, Size: 0x00000270, Max: 0x00008000, ABSOLUTE)

    Exec Addr    Load Addr    Size         Type   Attr      Idx    E Section Name        Object

    0x20000000   0x0800293c   0x00000004   Data   RW          329    .data               system_stm32l1xx.o
    0x20000004   0x08002940   0x00000004   Data   RW         1113    .data               stm32l1xx_hal.o
    0x20000008   0x08002944   0x00000004   Data   RW         2340    .data               mc_w.l(stdout.o)
    0x2000000c        -       0x00000040   Zero   RW          181    .bss                usart.o
    0x2000004c        -       0x00000020   Zero   RW          223    .bss                rtc.o
    0x2000006c   0x08002948   0x00000004   PAD
    0x20000070        -       0x00000200   Zero   RW            1    STACK               startup_stm32l151xba.o


==============================================================================

Image component sizes


      Code (inc. data)   RO Data    RW Data    ZI Data      Debug   Object Name

       244         26          0          0          0       1067   gpio.o
       466        118          0          0          0       2768   main.o
       172         18          0          0         32       1707   rtc.o
        36          8        244          0        512        844   startup_stm32l151xba.o
       122         16          0          4          0       4462   stm32l1xx_hal.o
       566        256          0          0          0      29213   stm32l1xx_hal_cortex.o
       918        250          0          0          0       4581   stm32l1xx_hal_gpio.o
        64          4          0          0          0     246582   stm32l1xx_hal_msp.o
       196         78          0          0          0       2321   stm32l1xx_hal_pwr.o
        64         14          0          0          0       1717   stm32l1xx_hal_pwr_ex.o
      3828        196         29          0          0       7987   stm32l1xx_hal_rcc.o
       424         88          0          0          0       1396   stm32l1xx_hal_rcc_ex.o
      1394        190          0          0          0       5487   stm32l1xx_hal_rtc.o
       574         70          0          0          0       4412   stm32l1xx_hal_rtc_ex.o
       800        142          0          0          0       2192   stm32l1xx_hal_uart.o
        32          6          0          0          0       1451   stm32l1xx_it.o
        80         18          0          4          0       1513   system_stm32l1xx.o
       116         20          0          0         64       1706   usart.o

    ----------------------------------------------------------------------
     10112       1518        308          8        612     321406   Object Totals
         0          0         32          0          0          0   (incl. Generated)
        16          0          3          0          4          0   (incl. Padding)

    ----------------------------------------------------------------------

      Code (inc. data)   RO Data    RW Data    ZI Data      Debug   Library Member Name

         0          0          0          0          0          0   entry.o
         0          0          0          0          0          0   entry10a.o
         0          0          0          0          0          0   entry11a.o
         8          4          0          0          0          0   entry2.o
         4          0          0          0          0          0   entry5.o
         0          0          0          0          0          0   entry7b.o
         0          0          0          0          0          0   entry8b.o
         8          4          0          0          0          0   entry9a.o
        30          0          0          0          0          0   handlers.o
        36          8          0          0          0         68   init.o
        50          8          0          0          0        152   printfb.o
         0          0          0          4          0          0   stdout.o

    ----------------------------------------------------------------------
       136         24          0          4          0        220   Library Totals
         0          0          0          0          0          0   (incl. Padding)

    ----------------------------------------------------------------------

      Code (inc. data)   RO Data    RW Data    ZI Data      Debug   Library Name

       136         24          0          4          0        220   mc_w.l

    ----------------------------------------------------------------------
       136         24          0          4          0        220   Library Totals

    ----------------------------------------------------------------------

==============================================================================


      Code (inc. data)   RO Data    RW Data    ZI Data      Debug   

     10248       1542        308         12        612     318762   Grand Totals
     10248       1542        308         12        612     318762   ELF Image Totals
     10248       1542        308         12          0          0   ROM Totals

==============================================================================

    Total RO  Size (Code + RO Data)                10556 (  10.31kB)
    Total RW  Size (RW Data + ZI Data)               624 (   0.61kB)
    Total ROM Size (Code + RO Data + RW Data)      10568 (  10.32kB)

==============================================================================

