<html>
<body>
<pre>
<h1>礦ision Build Log</h1>
<h2>Tool Versions:</h2>
IDE-Version: μVision V5.24.1
Copyright (C) 2017 ARM Ltd and ARM Germany GmbH. All rights reserved.
License Information: li yan, zstu, LIC=47GSB-24PS4-3ZNW1-CS327-3FT8X-1BIUK
 
Tool Versions:
Toolchain:       MDK-ARM Plus  Version: 5.24.1
Toolchain Path:  D:\Program Files (x86)\Keil_v5\ARM\ARMCC\Bin
C Compiler:      Armcc.exe V5.06 update 5 (build 528)
Assembler:       Armasm.exe V5.06 update 5 (build 528)
Linker/Locator:  ArmLink.exe V5.06 update 5 (build 528)
Library Manager: ArmAr.exe V5.06 update 5 (build 528)
Hex Converter:   FromElf.exe V5.06 update 5 (build 528)
CPU DLL:         SARMCM3.DLL V5.24.1
Dialog DLL:      DCM.DLL V1.16.0.0
Target DLL:      STLink\ST-LINKIII-KEIL_SWO.dll V3.0.1.0
Dialog DLL:      TCM.DLL V1.32.0.0
 
<h2>Project:</h2>
D:\BaiduNetdiskDownload\STM32L151资料\STM32L151资料\源代码\STM32L151C8\LED\MDK-ARM\LED.uvprojx
Project File Date:  11/18/2017

<h2>Output:</h2>
*** Using Compiler 'V5.06 update 5 (build 528)', folder: 'D:\Program Files (x86)\Keil_v5\ARM\ARMCC\Bin'
Build target 'LED'
assembling startup_stm32l151xb.s...
compiling BSP_drive.c...
compiling stm32l1xx_hal_cortex.c...
compiling stm32l1xx_hal_flash.c...
compiling stm32l1xx_hal_rtc_ex.c...
compiling stm32l1xx_hal_rtc.c...
compiling stm32l1xx_hal_i2c.c...
compiling stm32l1xx_hal_tim_ex.c...
compiling stm32l1xx_hal_flash_ex.c...
compiling stm32l1xx_hal_flash_ramfunc.c...
compiling stm32l1xx_hal_spi.c...
compiling stm32l1xx_hal_rcc.c...
compiling stm32l1xx_hal_dma.c...
compiling stm32l1xx_hal_spi_ex.c...
compiling stm32l1xx_hal_pwr_ex.c...
compiling stm32l1xx_hal.c...
compiling stm32l1xx_hal_rcc_ex.c...
compiling stm32l1xx_hal_gpio.c...
compiling stm32l1xx_hal_pwr.c...
compiling stm32l1xx_hal_tim.c...
compiling stm32l1xx_hal_uart.c...
compiling gpio.c...
compiling i2c.c...
compiling spi.c...
compiling stm32l1xx_it.c...
compiling stm32l1xx_hal_msp.c...
compiling usart.c...
compiling main.c...
compiling system_stm32l1xx.c...
linking...
Program Size: Code=6360 RO-data=308 RW-data=8 ZI-data=728  
FromELF: creating hex file...
"LED\LED.axf" - 0 Error(s), 0 Warning(s).

<h2>Software Packages used:</h2>

Package Vendor: ARM
                http://www.keil.com/pack/ARM.CMSIS.5.0.1.pack
                ARM.CMSIS.5.0.1
                CMSIS (Cortex Microcontroller Software Interface Standard)
   * Component: CORE Version: 5.0.1

Package Vendor: Keil
                http://www.keil.com/pack/Keil.STM32L1xx_DFP.1.0.2.pack
                Keil.STM32L1xx_DFP.1.0.2
                STMicroelectronics STM32L1 Series Device Support and Examples

<h2>Collection of Component include folders:</h2>
  .\RTE\_LED
  D:\Program Files (x86)\Keil_v5\ARM\PACK\ARM\CMSIS\5.0.1\CMSIS\Include
  D:\Program Files (x86)\Keil_v5\ARM\PACK\Keil\STM32L1xx_DFP\1.0.2\Device\Include

<h2>Collection of Component Files used:</h2>

   * Component: ARM::CMSIS:CORE:5.0.1
Build Time Elapsed:  00:00:10
</pre>
</body>
</html>
