<html>
<body>
<pre>
<h1>µVision Build Log</h1>
<h2>Tool Versions:</h2>
IDE-Version: ¦ÌVision V5.27.1.0
Copyright (C) 2019 ARM Ltd and ARM Germany GmbH. All rights reserved.
License Information: 1 1, 1, LIC=TA39H-WK3RI-SG47K-ZJE58-09QMK-NDGB4
 
Tool Versions:
Toolchain:       MDK-ARM Professional  Version: 5.27.1.0
Toolchain Path:  D:\Keil_v5\ARM\ARMCC\Bin
C Compiler:      Armcc.exe V5.06 update 6 (build 750)
Assembler:       Armasm.exe V5.06 update 6 (build 750)
Linker/Locator:  ArmLink.exe V5.06 update 6 (build 750)
Library Manager: ArmAr.exe V5.06 update 6 (build 750)
Hex Converter:   FromElf.exe V5.06 update 6 (build 750)
CPU DLL:         SARMCM3.DLL V5.27.1.0
Dialog DLL:      DCM.DLL V1.17.2.0
Target DLL:      STLink\ST-LINKIII-KEIL_SWO.dll V3.0.6.0
Dialog DLL:      TCM.DLL V1.36.1.0
 
<h2>Project:</h2>
C:\Users\Tokin_hardware\Desktop\stm32l151c8t6¿ª·¢°å20170617v1.0\UART\Project\UART.uvproj
Project File Date:  04/21/2022

<h2>Output:</h2>
*** Using Compiler 'V5.06 update 6 (build 750)', folder: 'D:\Keil_v5\ARM\ARMCC\Bin'
Build target 'UART'
assembling startup_stm32l1xx_md.s...
compiling stm32l1xx_comp.c...
compiling misc.c...
compiling stm32l1xx_crc.c...
compiling stm32l1xx_aes.c...
compiling stm32l1xx_aes_util.c...
compiling stm32l1xx_dac.c...
compiling stm32l1xx_adc.c...
compiling stm32l1xx_flash.c...
compiling stm32l1xx_i2c.c...
compiling stm32l1xx_dbgmcu.c...
compiling stm32l1xx_exti.c...
compiling stm32l1xx_gpio.c...
compiling stm32l1xx_fsmc.c...
compiling stm32l1xx_dma.c...
compiling stm32l1xx_iwdg.c...
compiling stm32l1xx_pwr.c...
compiling stm32l1xx_lcd.c...
compiling stm32l1xx_rcc.c...
compiling stm32l1xx_opamp.c...
compiling stm32l1xx_sdio.c...
compiling stm32l1xx_rtc.c...
compiling stm32l1xx_syscfg.c...
compiling stm32l1xx_spi.c...
compiling stm32l1xx_wwdg.c...
compiling stm32l1xx_tim.c...
compiling stm32l1xx_usart.c...
compiling system_stm32l1xx.c...
compiling main.c...
compiling led.c...
compiling delay.c...
compiling sys.c...
compiling stm32l1xx_it.c...
linking...
Program Size: Code=6348 RO-data=276 RW-data=64 ZI-data=1024  
"..\Output\Ethernet.axf" - 0 Error(s), 0 Warning(s).
Build Time Elapsed:  00:00:21
</pre>
</body>
</html>
